Lint Frontend	Set up job	ï»¿2025-11-22T17:53:06.1915617Z Current runner version: '2.329.0'
Lint Frontend	Set up job	2025-11-22T17:53:06.1939328Z ##[group]Runner Image Provisioner
Lint Frontend	Set up job	2025-11-22T17:53:06.1940277Z Hosted Compute Agent
Lint Frontend	Set up job	2025-11-22T17:53:06.1940792Z Version: 20251016.436
Lint Frontend	Set up job	2025-11-22T17:53:06.1941364Z Commit: 8ab8ac8bfd662a3739dab9fe09456aba92132568
Lint Frontend	Set up job	2025-11-22T17:53:06.1941956Z Build Date: 2025-10-15T20:44:12Z
Lint Frontend	Set up job	2025-11-22T17:53:06.1942505Z ##[endgroup]
Lint Frontend	Set up job	2025-11-22T17:53:06.1943018Z ##[group]Operating System
Lint Frontend	Set up job	2025-11-22T17:53:06.1943503Z Ubuntu
Lint Frontend	Set up job	2025-11-22T17:53:06.1943949Z 24.04.3
Lint Frontend	Set up job	2025-11-22T17:53:06.1944362Z LTS
Lint Frontend	Set up job	2025-11-22T17:53:06.1944774Z ##[endgroup]
Lint Frontend	Set up job	2025-11-22T17:53:06.1945184Z ##[group]Runner Image
Lint Frontend	Set up job	2025-11-22T17:53:06.1945725Z Image: ubuntu-24.04
Lint Frontend	Set up job	2025-11-22T17:53:06.1946150Z Version: 20251112.124.1
Lint Frontend	Set up job	2025-11-22T17:53:06.1947045Z Included Software: https://github.com/actions/runner-images/blob/ubuntu24/20251112.124/images/ubuntu/Ubuntu2404-Readme.md
Lint Frontend	Set up job	2025-11-22T17:53:06.1948308Z Image Release: https://github.com/actions/runner-images/releases/tag/ubuntu24%2F20251112.124
Lint Frontend	Set up job	2025-11-22T17:53:06.1949314Z ##[endgroup]
Lint Frontend	Set up job	2025-11-22T17:53:06.1950386Z ##[group]GITHUB_TOKEN Permissions
Lint Frontend	Set up job	2025-11-22T17:53:06.1952316Z Contents: read
Lint Frontend	Set up job	2025-11-22T17:53:06.1952868Z Metadata: read
Lint Frontend	Set up job	2025-11-22T17:53:06.1953318Z Packages: read
Lint Frontend	Set up job	2025-11-22T17:53:06.1953727Z ##[endgroup]
Lint Frontend	Set up job	2025-11-22T17:53:06.1955672Z Secret source: Actions
Lint Frontend	Set up job	2025-11-22T17:53:06.1956255Z Prepare workflow directory
Lint Frontend	Set up job	2025-11-22T17:53:06.2354280Z Prepare all required actions
Lint Frontend	Set up job	2025-11-22T17:53:06.2391604Z Getting action download info
Lint Frontend	Set up job	2025-11-22T17:53:06.6305816Z Download action repository 'actions/checkout@v6' (SHA:1af3b93b6815bc44a9784bd300feb67ff0d1eeb3)
Lint Frontend	Set up job	2025-11-22T17:53:07.8219198Z Download action repository 'actions/setup-node@v6' (SHA:2028fbc5c25fe9cf00d9f06a71cc4710d4507903)
Lint Frontend	Set up job	2025-11-22T17:53:08.0724212Z Complete job name: Lint Frontend
Lint Frontend	Checkout	ï»¿2025-11-22T17:53:08.1417036Z ##[group]Run actions/checkout@v6
Lint Frontend	Checkout	2025-11-22T17:53:08.1418424Z with:
Lint Frontend	Checkout	2025-11-22T17:53:08.1419266Z   repository: ECONEURA-EMPRESA/ECONEURA
Lint Frontend	Checkout	2025-11-22T17:53:08.1420846Z   token: ***
Lint Frontend	Checkout	2025-11-22T17:53:08.1421699Z   ssh-strict: true
Lint Frontend	Checkout	2025-11-22T17:53:08.1422490Z   ssh-user: git
Lint Frontend	Checkout	2025-11-22T17:53:08.1423387Z   persist-credentials: true
Lint Frontend	Checkout	2025-11-22T17:53:08.1424315Z   clean: true
Lint Frontend	Checkout	2025-11-22T17:53:08.1425132Z   sparse-checkout-cone-mode: true
Lint Frontend	Checkout	2025-11-22T17:53:08.1426144Z   fetch-depth: 1
Lint Frontend	Checkout	2025-11-22T17:53:08.1426944Z   fetch-tags: false
Lint Frontend	Checkout	2025-11-22T17:53:08.1427783Z   show-progress: true
Lint Frontend	Checkout	2025-11-22T17:53:08.1428627Z   lfs: false
Lint Frontend	Checkout	2025-11-22T17:53:08.1429557Z   submodules: false
Lint Frontend	Checkout	2025-11-22T17:53:08.1430374Z   set-safe-directory: true
Lint Frontend	Checkout	2025-11-22T17:53:08.1431581Z env:
Lint Frontend	Checkout	2025-11-22T17:53:08.1432321Z   NODE_VERSION: 20
Lint Frontend	Checkout	2025-11-22T17:53:08.1433120Z ##[endgroup]
Lint Frontend	Checkout	2025-11-22T17:53:08.2352941Z Syncing repository: ECONEURA-EMPRESA/ECONEURA
Lint Frontend	Checkout	2025-11-22T17:53:08.2357080Z ##[group]Getting Git version info
Lint Frontend	Checkout	2025-11-22T17:53:08.2359289Z Working directory is '/home/runner/work/ECONEURA/ECONEURA'
Lint Frontend	Checkout	2025-11-22T17:53:08.2362825Z [command]/usr/bin/git version
Lint Frontend	Checkout	2025-11-22T17:53:08.3130108Z git version 2.51.2
Lint Frontend	Checkout	2025-11-22T17:53:08.3154066Z ##[endgroup]
Lint Frontend	Checkout	2025-11-22T17:53:08.3165861Z Temporarily overriding HOME='/home/runner/work/_temp/8b8accb7-3525-4f7c-a064-839fc13cd7de' before making global git config changes
Lint Frontend	Checkout	2025-11-22T17:53:08.3169683Z Adding repository directory to the temporary git global config as a safe directory
Lint Frontend	Checkout	2025-11-22T17:53:08.3172402Z [command]/usr/bin/git config --global --add safe.directory /home/runner/work/ECONEURA/ECONEURA
Lint Frontend	Checkout	2025-11-22T17:53:08.3243617Z Deleting the contents of '/home/runner/work/ECONEURA/ECONEURA'
Lint Frontend	Checkout	2025-11-22T17:53:08.3246499Z ##[group]Initializing the repository
Lint Frontend	Checkout	2025-11-22T17:53:08.3251028Z [command]/usr/bin/git init /home/runner/work/ECONEURA/ECONEURA
Lint Frontend	Checkout	2025-11-22T17:53:08.3840208Z hint: Using 'master' as the name for the initial branch. This default branch name
Lint Frontend	Checkout	2025-11-22T17:53:08.3842563Z hint: is subject to change. To configure the initial branch name to use in all
Lint Frontend	Checkout	2025-11-22T17:53:08.3844718Z hint: of your new repositories, which will suppress this warning, call:
Lint Frontend	Checkout	2025-11-22T17:53:08.3846320Z hint:
Lint Frontend	Checkout	2025-11-22T17:53:08.3847792Z hint: 	git config --global init.defaultBranch <name>
Lint Frontend	Checkout	2025-11-22T17:53:08.3849112Z hint:
Lint Frontend	Checkout	2025-11-22T17:53:08.3850644Z hint: Names commonly chosen instead of 'master' are 'main', 'trunk' and
Lint Frontend	Checkout	2025-11-22T17:53:08.3852763Z hint: 'development'. The just-created branch can be renamed via this command:
Lint Frontend	Checkout	2025-11-22T17:53:08.3854360Z hint:
Lint Frontend	Checkout	2025-11-22T17:53:08.3855302Z hint: 	git branch -m <name>
Lint Frontend	Checkout	2025-11-22T17:53:08.3856171Z hint:
Lint Frontend	Checkout	2025-11-22T17:53:08.3857367Z hint: Disable this message with "git config set advice.defaultBranchName false"
Lint Frontend	Checkout	2025-11-22T17:53:08.3882368Z Initialized empty Git repository in /home/runner/work/ECONEURA/ECONEURA/.git/
Lint Frontend	Checkout	2025-11-22T17:53:08.3894038Z [command]/usr/bin/git remote add origin https://github.com/ECONEURA-EMPRESA/ECONEURA
Lint Frontend	Checkout	2025-11-22T17:53:08.3970982Z ##[endgroup]
Lint Frontend	Checkout	2025-11-22T17:53:08.3972931Z ##[group]Disabling automatic garbage collection
Lint Frontend	Checkout	2025-11-22T17:53:08.3974857Z [command]/usr/bin/git config --local gc.auto 0
Lint Frontend	Checkout	2025-11-22T17:53:08.3999330Z ##[endgroup]
Lint Frontend	Checkout	2025-11-22T17:53:08.4001073Z ##[group]Setting up auth
Lint Frontend	Checkout	2025-11-22T17:53:08.4002480Z Removing SSH command configuration
Lint Frontend	Checkout	2025-11-22T17:53:08.4005510Z [command]/usr/bin/git config --local --name-only --get-regexp core\.sshCommand
Lint Frontend	Checkout	2025-11-22T17:53:08.4034181Z [command]/usr/bin/git submodule foreach --recursive sh -c "git config --local --name-only --get-regexp 'core\.sshCommand' && git config --local --unset-all 'core.sshCommand' || :"
Lint Frontend	Checkout	2025-11-22T17:53:08.5599571Z Removing HTTP extra header
Lint Frontend	Checkout	2025-11-22T17:53:08.5605895Z [command]/usr/bin/git config --local --name-only --get-regexp http\.https\:\/\/github\.com\/\.extraheader
Lint Frontend	Checkout	2025-11-22T17:53:08.5631589Z [command]/usr/bin/git submodule foreach --recursive sh -c "git config --local --name-only --get-regexp 'http\.https\:\/\/github\.com\/\.extraheader' && git config --local --unset-all 'http.https://github.com/.extraheader' || :"
Lint Frontend	Checkout	2025-11-22T17:53:08.5798973Z Removing includeIf entries pointing to credentials config files
Lint Frontend	Checkout	2025-11-22T17:53:08.5812038Z [command]/usr/bin/git config --local --name-only --get-regexp ^includeIf\.gitdir:
Lint Frontend	Checkout	2025-11-22T17:53:08.5838401Z [command]/usr/bin/git submodule foreach --recursive git config --local --show-origin --name-only --get-regexp remote.origin.url
Lint Frontend	Checkout	2025-11-22T17:53:08.6024755Z [command]/usr/bin/git config --file /home/runner/work/_temp/git-credentials-8a5cf9a9-a2e2-4a45-a98b-677c95ed12a2.config http.https://github.com/.extraheader AUTHORIZATION: basic ***
Lint Frontend	Checkout	2025-11-22T17:53:08.6058233Z [command]/usr/bin/git config --local includeIf.gitdir:/home/runner/work/ECONEURA/ECONEURA/.git.path /home/runner/work/_temp/git-credentials-8a5cf9a9-a2e2-4a45-a98b-677c95ed12a2.config
Lint Frontend	Checkout	2025-11-22T17:53:08.6084349Z [command]/usr/bin/git config --local includeIf.gitdir:/github/workspace/.git.path /github/runner_temp/git-credentials-8a5cf9a9-a2e2-4a45-a98b-677c95ed12a2.config
Lint Frontend	Checkout	2025-11-22T17:53:08.6104090Z ##[endgroup]
Lint Frontend	Checkout	2025-11-22T17:53:08.6105491Z ##[group]Fetching the repository
Lint Frontend	Checkout	2025-11-22T17:53:08.6112437Z [command]/usr/bin/git -c protocol.version=2 fetch --no-tags --prune --no-recurse-submodules --depth=1 origin +5861204bb0c5830bd4aa6ac16b821403c405c4c7:refs/remotes/origin/main
Lint Frontend	Checkout	2025-11-22T17:53:09.5442248Z From https://github.com/ECONEURA-EMPRESA/ECONEURA
Lint Frontend	Checkout	2025-11-22T17:53:09.5444430Z  * [new ref]         5861204bb0c5830bd4aa6ac16b821403c405c4c7 -> origin/main
Lint Frontend	Checkout	2025-11-22T17:53:09.5509308Z ##[endgroup]
Lint Frontend	Checkout	2025-11-22T17:53:09.5510494Z ##[group]Determining the checkout info
Lint Frontend	Checkout	2025-11-22T17:53:09.5511974Z ##[endgroup]
Lint Frontend	Checkout	2025-11-22T17:53:09.5517347Z [command]/usr/bin/git sparse-checkout disable
Lint Frontend	Checkout	2025-11-22T17:53:09.5591664Z [command]/usr/bin/git config --local --unset-all extensions.worktreeConfig
Lint Frontend	Checkout	2025-11-22T17:53:09.5715808Z ##[group]Checking out the ref
Lint Frontend	Checkout	2025-11-22T17:53:09.5716690Z [command]/usr/bin/git checkout --progress --force -B main refs/remotes/origin/main
Lint Frontend	Checkout	2025-11-22T17:53:09.6498901Z Switched to a new branch 'main'
Lint Frontend	Checkout	2025-11-22T17:53:09.6500192Z branch 'main' set up to track 'origin/main'.
Lint Frontend	Checkout	2025-11-22T17:53:09.6506189Z ##[endgroup]
Lint Frontend	Checkout	2025-11-22T17:53:09.6538200Z [command]/usr/bin/git log -1 --format=%H
Lint Frontend	Checkout	2025-11-22T17:53:09.6557688Z 5861204bb0c5830bd4aa6ac16b821403c405c4c7
Lint Frontend	Setup Node	ï»¿2025-11-22T17:53:09.6747987Z ##[group]Run actions/setup-node@v6
Lint Frontend	Setup Node	2025-11-22T17:53:09.6748330Z with:
Lint Frontend	Setup Node	2025-11-22T17:53:09.6748538Z   node-version: 20
Lint Frontend	Setup Node	2025-11-22T17:53:09.6748766Z   cache: npm
Lint Frontend	Setup Node	2025-11-22T17:53:09.6748975Z   always-auth: false
Lint Frontend	Setup Node	2025-11-22T17:53:09.6749231Z   check-latest: false
Lint Frontend	Setup Node	2025-11-22T17:53:09.6749801Z   token: ***
Lint Frontend	Setup Node	2025-11-22T17:53:09.6750045Z   package-manager-cache: true
Lint Frontend	Setup Node	2025-11-22T17:53:09.6750301Z env:
Lint Frontend	Setup Node	2025-11-22T17:53:09.6750501Z   NODE_VERSION: 20
Lint Frontend	Setup Node	2025-11-22T17:53:09.6750720Z ##[endgroup]
Lint Frontend	Setup Node	2025-11-22T17:53:09.8527732Z Found in cache @ /opt/hostedtoolcache/node/20.19.5/x64
Lint Frontend	Setup Node	2025-11-22T17:53:09.8532588Z (node:2106) [DEP0040] DeprecationWarning: The `punycode` module is deprecated. Please use a userland alternative instead.
Lint Frontend	Setup Node	2025-11-22T17:53:09.8533806Z (Use `node --trace-deprecation ...` to show where the warning was created)
Lint Frontend	Setup Node	2025-11-22T17:53:09.8535569Z ##[group]Environment details
Lint Frontend	Setup Node	2025-11-22T17:53:12.1522408Z node: v20.19.5
Lint Frontend	Setup Node	2025-11-22T17:53:12.1523950Z npm: 10.8.2
Lint Frontend	Setup Node	2025-11-22T17:53:12.1524232Z yarn: 1.22.22
Lint Frontend	Setup Node	2025-11-22T17:53:12.1525950Z ##[endgroup]
Lint Frontend	Setup Node	2025-11-22T17:53:12.1544244Z [command]/opt/hostedtoolcache/node/20.19.5/x64/bin/npm config get cache
Lint Frontend	Setup Node	2025-11-22T17:53:12.3989165Z /home/runner/.npm
Lint Frontend	Setup Node	2025-11-22T17:53:12.6745375Z Cache hit for: node-cache-Linux-x64-npm-7b5741da819567a7a1e462079de2b6d7816239b0198ed8a94d52986d298c76cf
Lint Frontend	Setup Node	2025-11-22T17:53:12.6888230Z (node:2106) [DEP0169] DeprecationWarning: `url.parse()` behavior is not standardized and prone to errors that have security implications. Use the WHATWG URL API instead. CVEs are not issued for `url.parse()` vulnerabilities.
Lint Frontend	Setup Node	2025-11-22T17:53:13.9431868Z Received 20971520 of 146348881 (14.3%), 20.0 MBs/sec
Lint Frontend	Setup Node	2025-11-22T17:53:14.9105691Z Received 146348881 of 146348881 (100.0%), 70.9 MBs/sec
Lint Frontend	Setup Node	2025-11-22T17:53:14.9106697Z Cache Size: ~140 MB (146348881 B)
Lint Frontend	Setup Node	2025-11-22T17:53:14.9143451Z [command]/usr/bin/tar -xf /home/runner/work/_temp/23aa267c-b239-4856-8e8a-1bdffac86aa9/cache.tzst -P -C /home/runner/work/ECONEURA/ECONEURA --use-compress-program unzstd
Lint Frontend	Setup Node	2025-11-22T17:53:15.3958908Z Cache restored successfully
Lint Frontend	Setup Node	2025-11-22T17:53:15.4127287Z Cache restored from key: node-cache-Linux-x64-npm-7b5741da819567a7a1e462079de2b6d7816239b0198ed8a94d52986d298c76cf
Lint Frontend	Install dependencies	ï»¿2025-11-22T17:53:15.4271002Z ##[group]Run npm ci
Lint Frontend	Install dependencies	2025-11-22T17:53:15.4271425Z [36;1mnpm ci[0m
Lint Frontend	Install dependencies	2025-11-22T17:53:15.4305179Z shell: /usr/bin/bash -e {0}
Lint Frontend	Install dependencies	2025-11-22T17:53:15.4305448Z env:
Lint Frontend	Install dependencies	2025-11-22T17:53:15.4305624Z   NODE_VERSION: 20
Lint Frontend	Install dependencies	2025-11-22T17:53:15.4305817Z ##[endgroup]
Lint Frontend	Install dependencies	2025-11-22T17:53:18.9729164Z npm warn deprecated @types/express-rate-limit@6.0.2: This is a stub types definition. express-rate-limit provides its own type definitions, so you do not need this installed.
Lint Frontend	Install dependencies	2025-11-22T17:53:18.9896106Z npm warn deprecated inflight@1.0.6: This module is not supported, and leaks memory. Do not use it. Check out lru-cache if you want a good and tested way to coalesce async requests by a key value, which is much more comprehensive and powerful.
Lint Frontend	Install dependencies	2025-11-22T17:53:19.6675682Z npm warn deprecated glob@7.2.3: Glob versions prior to v9 are no longer supported
Lint Frontend	Install dependencies	2025-11-22T17:53:27.1147763Z npm warn deprecated @types/axios@0.14.4: This is a stub types definition. axios provides its own type definitions, so you do not need this installed.
Lint Frontend	Install dependencies	2025-11-22T17:53:36.8405180Z 
Lint Frontend	Install dependencies	2025-11-22T17:53:36.8405892Z added 1248 packages, and audited 1251 packages in 21s
Lint Frontend	Install dependencies	2025-11-22T17:53:36.8406213Z 
Lint Frontend	Install dependencies	2025-11-22T17:53:36.8406401Z 309 packages are looking for funding
Lint Frontend	Install dependencies	2025-11-22T17:53:36.8406750Z   run `npm fund` for details
Lint Frontend	Install dependencies	2025-11-22T17:53:36.8418982Z 
Lint Frontend	Install dependencies	2025-11-22T17:53:36.8419529Z found 0 vulnerabilities
Lint Frontend	Run ESLint	ï»¿2025-11-22T17:53:36.8838737Z ##[group]Run npm run lint --workspace=@econeura/web
Lint Frontend	Run ESLint	2025-11-22T17:53:36.8839123Z [36;1mnpm run lint --workspace=@econeura/web[0m
Lint Frontend	Run ESLint	2025-11-22T17:53:36.8858342Z shell: /usr/bin/bash -e {0}
Lint Frontend	Run ESLint	2025-11-22T17:53:36.8858591Z env:
Lint Frontend	Run ESLint	2025-11-22T17:53:36.8858767Z   NODE_VERSION: 20
Lint Frontend	Run ESLint	2025-11-22T17:53:36.8858958Z ##[endgroup]
Lint Frontend	Run ESLint	2025-11-22T17:53:37.0361495Z 
Lint Frontend	Run ESLint	2025-11-22T17:53:37.0362675Z > @econeura/web@0.0.1 lint
Lint Frontend	Run ESLint	2025-11-22T17:53:37.0363300Z > eslint . --ext .ts,.tsx,.js,.jsx
Lint Frontend	Run ESLint	2025-11-22T17:53:37.0363611Z 
Lint Frontend	Run ESLint	2025-11-22T17:53:41.0528664Z 
Lint Frontend	Run ESLint	2025-11-22T17:53:41.0529889Z /home/runner/work/ECONEURA/ECONEURA/packages/frontend/src/App.tsx
Lint Frontend	Run ESLint	2025-11-22T17:53:41.0531335Z   9:5  warning  Unused eslint-disable directive (no problems were reported from 'no-console')
Lint Frontend	Run ESLint	2025-11-22T17:53:41.0531978Z 
Lint Frontend	Run ESLint	2025-11-22T17:53:41.0532622Z /home/runner/work/ECONEURA/ECONEURA/packages/frontend/src/EconeuraCockpit.tsx
Lint Frontend	Run ESLint	2025-11-22T17:53:41.0564655Z ##[warning]     2:10  warning  'Link' is defined but never used                               @typescript-eslint/no-unused-vars
Lint Frontend	Run ESLint	2025-11-22T17:53:41.0575324Z ##[warning]     4:3   warning  'Crown' is defined but never used                              @typescript-eslint/no-unused-vars
Lint Frontend	Run ESLint	2025-11-22T17:53:41.0578038Z ##[warning]     4:10  warning  'Cpu' is defined but never used                                @typescript-eslint/no-unused-vars
Lint Frontend	Run ESLint	2025-11-22T17:53:41.0580354Z ##[warning]     4:15  warning  'Shield' is defined but never used                             @typescript-eslint/no-unused-vars
Lint Frontend	Run ESLint	2025-11-22T17:53:41.0582390Z ##[warning]     4:33  warning  'Users' is defined but never used                              @typescript-eslint/no-unused-vars
Lint Frontend	Run ESLint	2025-11-22T17:53:41.0584217Z ##[warning]     4:40  warning  'Target' is defined but never used                             @typescript-eslint/no-unused-vars
Lint Frontend	Run ESLint	2025-11-22T17:53:41.0585660Z ##[warning]     4:48  warning  'LineChart' is defined but never used                          @typescript-eslint/no-unused-vars
Lint Frontend	Run ESLint	2025-11-22T17:53:41.0586841Z ##[warning]     4:59  warning  'Wallet' is defined but never used                             @typescript-eslint/no-unused-vars
Lint Frontend	Run ESLint	2025-11-22T17:53:41.0588005Z ##[warning]     4:67  warning  'Database' is defined but never used                           @typescript-eslint/no-unused-vars
Lint Frontend	Run ESLint	2025-11-22T17:53:41.0589245Z ##[warning]     5:3   warning  'ClipboardList' is defined but never used                      @typescript-eslint/no-unused-vars
Lint Frontend	Run ESLint	2025-11-22T17:53:41.0590739Z ##[warning]     5:18  warning  'Megaphone' is defined but never used                          @typescript-eslint/no-unused-vars
Lint Frontend	Run ESLint	2025-11-22T17:53:41.0591933Z ##[warning]     5:29  warning  'FileText' is defined but never used                           @typescript-eslint/no-unused-vars
Lint Frontend	Run ESLint	2025-11-22T17:53:41.0593175Z ##[warning]     6:3   warning  'Bug' is defined but never used                                @typescript-eslint/no-unused-vars
Lint Frontend	Run ESLint	2025-11-22T17:53:41.0594333Z ##[warning]     6:8   warning  'Gauge' is defined but never used                              @typescript-eslint/no-unused-vars
Lint Frontend	Run ESLint	2025-11-22T17:53:41.0595520Z ##[warning]     6:41  warning  'Inbox' is defined but never used                              @typescript-eslint/no-unused-vars
Lint Frontend	Run ESLint	2025-11-22T17:53:41.0596661Z ##[warning]     6:48  warning  'Mail' is defined but never used                               @typescript-eslint/no-unused-vars
Lint Frontend	Run ESLint	2025-11-22T17:53:41.0597937Z ##[warning]     6:54  warning  'TrendingUp' is defined but never used                         @typescript-eslint/no-unused-vars
Lint Frontend	Run ESLint	2025-11-22T17:53:41.0599129Z ##[warning]     6:66  warning  'FileBarChart2' is defined but never used                      @typescript-eslint/no-unused-vars
Lint Frontend	Run ESLint	2025-11-22T17:53:41.0600582Z ##[warning]     6:81  warning  'CalendarDays' is defined but never used                       @typescript-eslint/no-unused-vars
Lint Frontend	Run ESLint	2025-11-22T17:53:41.0601752Z ##[warning]     7:3   warning  'Mic' is defined but never used                                @typescript-eslint/no-unused-vars
Lint Frontend	Run ESLint	2025-11-22T17:53:41.0602865Z ##[warning]     7:8   warning  'MicOff' is defined but never used                             @typescript-eslint/no-unused-vars
Lint Frontend	Run ESLint	2025-11-22T17:53:41.0604379Z ##[warning]     7:16  warning  'Volume2' is defined but never used                            @typescript-eslint/no-unused-vars
Lint Frontend	Run ESLint	2025-11-22T17:53:41.0605542Z ##[warning]     7:25  warning  'StopCircle' is defined but never used                         @typescript-eslint/no-unused-vars
Lint Frontend	Run ESLint	2025-11-22T17:53:41.0606840Z ##[warning]     8:3   warning  'DollarSign' is defined but never used                         @typescript-eslint/no-unused-vars
Lint Frontend	Run ESLint	2025-11-22T17:53:41.0608037Z ##[warning]     8:15  warning  'FileCheck' is defined but never used                          @typescript-eslint/no-unused-vars
Lint Frontend	Run ESLint	2025-11-22T17:53:41.0609157Z ##[warning]     8:26  warning  'Clock' is defined but never used                              @typescript-eslint/no-unused-vars
Lint Frontend	Run ESLint	2025-11-22T17:53:41.0610460Z ##[warning]     8:33  warning  'Send' is defined but never used                               @typescript-eslint/no-unused-vars
Lint Frontend	Run ESLint	2025-11-22T17:53:41.0611578Z ##[warning]     8:39  warning  'Book' is defined but never used                               @typescript-eslint/no-unused-vars
Lint Frontend	Run ESLint	2025-11-22T17:53:41.0612702Z ##[warning]     8:45  warning  'Globe' is defined but never used                              @typescript-eslint/no-unused-vars
Lint Frontend	Run ESLint	2025-11-22T17:53:41.0613849Z ##[warning]     8:52  warning  'Loader' is defined but never used                             @typescript-eslint/no-unused-vars
Lint Frontend	Run ESLint	2025-11-22T17:53:41.0615029Z ##[warning]    11:21  warning  'getAuthToken' is defined but never used                       @typescript-eslint/no-unused-vars
Lint Frontend	Run ESLint	2025-11-22T17:53:41.0616238Z ##[warning]    11:35  warning  'createAuthHeaders' is defined but never used                  @typescript-eslint/no-unused-vars
Lint Frontend	Run ESLint	2025-11-22T17:53:41.0617491Z ##[warning]    13:10  warning  'AnalyticsDashboard' is defined but never used                 @typescript-eslint/no-unused-vars
Lint Frontend	Run ESLint	2025-11-22T17:53:41.0618779Z ##[warning]    15:10  warning  'shouldExecuteAgentsForNeura' is defined but never used        @typescript-eslint/no-unused-vars
Lint Frontend	Run ESLint	2025-11-22T17:53:41.0620252Z ##[warning]    15:39  warning  'getSpecializedContext' is defined but never used              @typescript-eslint/no-unused-vars
Lint Frontend	Run ESLint	2025-11-22T17:53:41.0621525Z ##[warning]    15:62  warning  'getSpecializedReasoning' is defined but never used            @typescript-eslint/no-unused-vars
Lint Frontend	Run ESLint	2025-11-22T17:53:41.0622831Z ##[warning]    15:87  warning  'calculateAgentConfidence' is defined but never used           @typescript-eslint/no-unused-vars
Lint Frontend	Run ESLint	2025-11-22T17:53:41.0624077Z ##[warning]    20:10  warning  'ReferencesBlock' is defined but never used                    @typescript-eslint/no-unused-vars
Lint Frontend	Run ESLint	2025-11-22T17:53:41.0625296Z ##[warning]    26:8   warning  'ReactMarkdown' is defined but never used                      @typescript-eslint/no-unused-vars
Lint Frontend	Run ESLint	2025-11-22T17:53:41.0626479Z ##[warning]    27:8   warning  'remarkGfm' is defined but never used                          @typescript-eslint/no-unused-vars
Lint Frontend	Run ESLint	2025-11-22T17:53:41.0627682Z ##[warning]    59:6   warning  'PendingAttachment' is defined but never used                  @typescript-eslint/no-unused-vars
Lint Frontend	Run ESLint	2025-11-22T17:53:41.0628959Z ##[warning]    71:10  warning  'AgentExecutionPanel' is defined but never used                @typescript-eslint/no-unused-vars
Lint Frontend	Run ESLint	2025-11-22T17:53:41.0630340Z ##[warning]    74:10  warning  'CRMExecutiveDashboard' is defined but never used              @typescript-eslint/no-unused-vars
Lint Frontend	Run ESLint	2025-11-22T17:53:41.0631598Z ##[warning]   116:7   warning  'isProduction' is assigned a value but never used              @typescript-eslint/no-unused-vars
Lint Frontend	Run ESLint	2025-11-22T17:53:41.0632840Z ##[warning]   145:10  warning  'compressImage' is defined but never used                      @typescript-eslint/no-unused-vars
Lint Frontend	Run ESLint	2025-11-22T17:53:41.0634027Z ##[warning]   181:45  warning  '_route' is assigned a value but never used                    @typescript-eslint/no-unused-vars
Lint Frontend	Run ESLint	2025-11-22T17:53:41.0635196Z ##[warning]   238:69  warning  'TagIcon' is defined but never used                            @typescript-eslint/no-unused-vars
Lint Frontend	Run ESLint	2025-11-22T17:53:41.0636552Z ##[warning]   302:7   warning  'light' is assigned a value but never used                     @typescript-eslint/no-unused-vars
Lint Frontend	Run ESLint	2025-11-22T17:53:41.0637764Z ##[warning]   303:7   warning  'paletteLocal' is assigned a value but never used              @typescript-eslint/no-unused-vars
Lint Frontend	Run ESLint	2025-11-22T17:53:41.0639041Z ##[warning]   387:43  warning  'user' is defined but never used                               @typescript-eslint/no-unused-vars
Lint Frontend	Run ESLint	2025-11-22T17:53:41.0640324Z ##[warning]   430:24  warning  'setShowAllUsage' is assigned a value but never used           @typescript-eslint/no-unused-vars
Lint Frontend	Run ESLint	2025-11-22T17:53:41.0641595Z ##[warning]   431:10  warning  'pendingAgentExecution' is assigned a value but never used     @typescript-eslint/no-unused-vars
Lint Frontend	Run ESLint	2025-11-22T17:53:41.0642899Z ##[warning]   431:33  warning  'setPendingAgentExecution' is assigned a value but never used  @typescript-eslint/no-unused-vars
Lint Frontend	Run ESLint	2025-11-22T17:53:41.0644152Z ##[warning]   449:10  warning  'useInternet' is assigned a value but never used               @typescript-eslint/no-unused-vars
Lint Frontend	Run ESLint	2025-11-22T17:53:41.0645390Z ##[warning]   449:23  warning  'setUseInternet' is assigned a value but never used            @typescript-eslint/no-unused-vars
Lint Frontend	Run ESLint	2025-11-22T17:53:41.0646632Z ##[warning]   469:20  warning  'setUserData' is assigned a value but never used               @typescript-eslint/no-unused-vars
Lint Frontend	Run ESLint	2025-11-22T17:53:41.0647859Z ##[warning]   542:9   warning  'MAX_UPLOAD_BYTES' is assigned a value but never used          @typescript-eslint/no-unused-vars
Lint Frontend	Run ESLint	2025-11-22T17:53:41.0649064Z ##[warning]   603:12  warning  'stopSpeak' is defined but never used                          @typescript-eslint/no-unused-vars
Lint Frontend	Run ESLint	2025-11-22T17:53:41.0650367Z ##[warning]   737:10  warning  'openChatWithErrorSamples' is defined but never used           @typescript-eslint/no-unused-vars
Lint Frontend	Run ESLint	2025-11-22T17:53:41.0651605Z ##[warning]   756:7   warning  'DeptIconComp' is assigned a value but never used              @typescript-eslint/no-unused-vars
Lint Frontend	Run ESLint	2025-11-22T17:53:41.0652867Z ##[warning]  1710:3   warning  'portalOpen' is defined but never used                         @typescript-eslint/no-unused-vars
Lint Frontend	Run ESLint	2025-11-22T17:53:41.0654273Z ##[warning]  1711:3   warning  'setPortalOpen' is defined but never used                      @typescript-eslint/no-unused-vars
Lint Frontend	Run ESLint	2025-11-22T17:53:41.0655504Z ##[warning]  1713:3   warning  'darkMode' is defined but never used                           @typescript-eslint/no-unused-vars
Lint Frontend	Run ESLint	2025-11-22T17:53:41.0656766Z ##[warning]  1714:3   warning  'chatContext' is defined but never used                        @typescript-eslint/no-unused-vars
Lint Frontend	Run ESLint	2025-11-22T17:53:41.0657953Z ##[warning]  1715:3   warning  'userIntent' is defined but never used                         @typescript-eslint/no-unused-vars
Lint Frontend	Run ESLint	2025-11-22T17:53:41.0658659Z 
Lint Frontend	Run ESLint	2025-11-22T17:53:41.0659095Z /home/runner/work/ECONEURA/ECONEURA/packages/frontend/src/__tests__/EconeuraCockpit.interactions.test.tsx
Lint Frontend	Run ESLint	2025-11-22T17:53:41.0660171Z ##[warning]  2:10  warning  'test' is defined but never used  @typescript-eslint/no-unused-vars
Lint Frontend	Run ESLint	2025-11-22T17:53:41.0661260Z ##[warning]  2:24  warning  'vi' is defined but never used    @typescript-eslint/no-unused-vars
Lint Frontend	Run ESLint	2025-11-22T17:53:41.0661921Z 
Lint Frontend	Run ESLint	2025-11-22T17:53:41.0662304Z /home/runner/work/ECONEURA/ECONEURA/packages/frontend/src/__tests__/EconeuraCockpit.unit.test.tsx
Lint Frontend	Run ESLint	2025-11-22T17:53:41.0663093Z ##[warning]  1:10  warning  'describe' is defined but never used  @typescript-eslint/no-unused-vars
Lint Frontend	Run ESLint	2025-11-22T17:53:41.0664155Z ##[warning]  1:20  warning  'it' is defined but never used        @typescript-eslint/no-unused-vars
Lint Frontend	Run ESLint	2025-11-22T17:53:41.0665203Z ##[warning]  2:37  warning  'waitFor' is defined but never used   @typescript-eslint/no-unused-vars
Lint Frontend	Run ESLint	2025-11-22T17:53:41.0665854Z 
Lint Frontend	Run ESLint	2025-11-22T17:53:41.0666251Z /home/runner/work/ECONEURA/ECONEURA/packages/frontend/src/__tests__/cockpit-functionality.test.tsx
Lint Frontend	Run ESLint	2025-11-22T17:53:41.0667063Z ##[warning]  6:10  warning  'render' is defined but never used               @typescript-eslint/no-unused-vars
Lint Frontend	Run ESLint	2025-11-22T17:53:41.0668328Z ##[warning]  6:18  warning  'screen' is defined but never used               @typescript-eslint/no-unused-vars
Lint Frontend	Run ESLint	2025-11-22T17:53:41.0669590Z ##[warning]  6:26  warning  'fireEvent' is defined but never used            @typescript-eslint/no-unused-vars
Lint Frontend	Run ESLint	2025-11-22T17:53:41.0670861Z ##[warning]  7:10  warning  'ConnectAgentModal' is defined but never used    @typescript-eslint/no-unused-vars
Lint Frontend	Run ESLint	2025-11-22T17:53:41.0672068Z ##[warning]  8:10  warning  'AgentExecutionPanel' is defined but never used  @typescript-eslint/no-unused-vars
Lint Frontend	Run ESLint	2025-11-22T17:53:41.0672760Z 
Lint Frontend	Run ESLint	2025-11-22T17:53:41.0673113Z /home/runner/work/ECONEURA/ECONEURA/packages/frontend/src/__tests__/main.dynamic.test.tsx
Lint Frontend	Run ESLint	2025-11-22T17:53:41.0673838Z ##[warning]  8:14  warning  '_node' is defined but never used  @typescript-eslint/no-unused-vars
Lint Frontend	Run ESLint	2025-11-22T17:53:41.0674486Z 
Lint Frontend	Run ESLint	2025-11-22T17:53:41.0674842Z /home/runner/work/ECONEURA/ECONEURA/packages/frontend/src/__tests__/main.mount.cover.test.tsx
Lint Frontend	Run ESLint	2025-11-22T17:53:41.0675590Z ##[warning]  26:38  warning  'rootEl' is defined but never used  @typescript-eslint/no-unused-vars
Lint Frontend	Run ESLint	2025-11-22T17:53:41.0676243Z 
Lint Frontend	Run ESLint	2025-11-22T17:53:41.0676585Z /home/runner/work/ECONEURA/ECONEURA/packages/frontend/src/__tests__/main.mount.test.tsx
Lint Frontend	Run ESLint	2025-11-22T17:53:41.0677292Z ##[warning]  38:45  warning  '_el' is defined but never used  @typescript-eslint/no-unused-vars
Lint Frontend	Run ESLint	2025-11-22T17:53:41.0677926Z 
Lint Frontend	Run ESLint	2025-11-22T17:53:41.0678241Z /home/runner/work/ECONEURA/ECONEURA/packages/frontend/src/__tests__/main.prod.test.tsx
Lint Frontend	Run ESLint	2025-11-22T17:53:41.0678922Z ##[warning]  14:12  warning  '_v' is defined but never used  @typescript-eslint/no-unused-vars
Lint Frontend	Run ESLint	2025-11-22T17:53:41.0679664Z 
Lint Frontend	Run ESLint	2025-11-22T17:53:41.0680025Z /home/runner/work/ECONEURA/ECONEURA/packages/frontend/src/components/AgentExecutionPanel.tsx
Lint Frontend	Run ESLint	2025-11-22T17:53:41.0680880Z ##[warning]   2:23  warning  'Play' is defined but never used         @typescript-eslint/no-unused-vars
Lint Frontend	Run ESLint	2025-11-22T17:53:41.0681955Z ##[warning]   2:68  warning  'Database' is defined but never used     @typescript-eslint/no-unused-vars
Lint Frontend	Run ESLint	2025-11-22T17:53:41.0683040Z ##[warning]   2:78  warning  'Shield' is defined but never used       @typescript-eslint/no-unused-vars
Lint Frontend	Run ESLint	2025-11-22T17:53:41.0684117Z ##[warning]  12:57  warning  'chatContext' is defined but never used  @typescript-eslint/no-unused-vars
Lint Frontend	Run ESLint	2025-11-22T17:53:41.0684784Z 
Lint Frontend	Run ESLint	2025-11-22T17:53:41.0685139Z /home/runner/work/ECONEURA/ECONEURA/packages/frontend/src/components/AnalyticsDashboard.tsx
Lint Frontend	Run ESLint	2025-11-22T17:53:41.0685912Z ##[warning]   2:62  warning  'Zap' is defined but never used                  @typescript-eslint/no-unused-vars
Lint Frontend	Run ESLint	2025-11-22T17:53:41.0687035Z ##[warning]  56:11  warning  'last30Days' is assigned a value but never used  @typescript-eslint/no-unused-vars
Lint Frontend	Run ESLint	2025-11-22T17:53:41.0687728Z 
Lint Frontend	Run ESLint	2025-11-22T17:53:41.0688098Z /home/runner/work/ECONEURA/ECONEURA/packages/frontend/src/components/CRMExecutiveDashboard.tsx
Lint Frontend	Run ESLint	2025-11-22T17:53:41.0689018Z ##[warning]   13:40  warning  'CRMSalesMetrics' is defined but never used                                    @typescript-eslint/no-unused-vars
Lint Frontend	Run ESLint	2025-11-22T17:53:41.0690379Z ##[warning]   14:28  warning  'CRMLead' is defined but never used                                            @typescript-eslint/no-unused-vars
Lint Frontend	Run ESLint	2025-11-22T17:53:41.0691589Z ##[warning]   17:41  warning  'Users' is defined but never used                                              @typescript-eslint/no-unused-vars
Lint Frontend	Run ESLint	2025-11-22T17:53:41.0692779Z ##[warning]   17:48  warning  'Target' is defined but never used                                             @typescript-eslint/no-unused-vars
Lint Frontend	Run ESLint	2025-11-22T17:53:41.0694120Z ##[warning]   17:56  warning  'Zap' is defined but never used                                                @typescript-eslint/no-unused-vars
Lint Frontend	Run ESLint	2025-11-22T17:53:41.0695340Z ##[warning]   18:48  warning  'AlertTriangle' is defined but never used                                      @typescript-eslint/no-unused-vars
Lint Frontend	Run ESLint	2025-11-22T17:53:41.0696594Z ##[warning]   19:3   warning  'CheckCircle2' is defined but never used                                       @typescript-eslint/no-unused-vars
Lint Frontend	Run ESLint	2025-11-22T17:53:41.0697941Z ##[warning]   19:17  warning  'Clock' is defined but never used                                              @typescript-eslint/no-unused-vars
Lint Frontend	Run ESLint	2025-11-22T17:53:41.0699149Z ##[warning]   19:24  warning  'Activity' is defined but never used                                           @typescript-eslint/no-unused-vars
Lint Frontend	Run ESLint	2025-11-22T17:53:41.0700587Z ##[warning]   19:45  warning  'PieChart' is defined but never used                                           @typescript-eslint/no-unused-vars
Lint Frontend	Run ESLint	2025-11-22T17:53:41.0701789Z ##[warning]   20:3   warning  'Calendar' is defined but never used                                           @typescript-eslint/no-unused-vars
Lint Frontend	Run ESLint	2025-11-22T17:53:41.0702990Z ##[warning]   20:13  warning  'Maximize2' is defined but never used                                          @typescript-eslint/no-unused-vars
Lint Frontend	Run ESLint	2025-11-22T17:53:41.0704201Z ##[warning]   20:24  warning  'Minimize2' is defined but never used                                          @typescript-eslint/no-unused-vars
Lint Frontend	Run ESLint	2025-11-22T17:53:41.0705394Z ##[warning]   20:35  warning  'Download' is defined but never used                                           @typescript-eslint/no-unused-vars
Lint Frontend	Run ESLint	2025-11-22T17:53:41.0706572Z ##[warning]   20:45  warning  'Filter' is defined but never used                                             @typescript-eslint/no-unused-vars
Lint Frontend	Run ESLint	2025-11-22T17:53:41.0707751Z ##[warning]   20:53  warning  'Search' is defined but never used                                             @typescript-eslint/no-unused-vars
Lint Frontend	Run ESLint	2025-11-22T17:53:41.0708925Z ##[warning]   20:61  warning  'Sparkles' is defined but never used                                           @typescript-eslint/no-unused-vars
Lint Frontend	Run ESLint	2025-11-22T17:53:41.0710215Z ##[warning]   23:3   warning  'LineChart' is defined but never used                                          @typescript-eslint/no-unused-vars
Lint Frontend	Run ESLint	2025-11-22T17:53:41.0711418Z ##[warning]   23:14  warning  'Line' is defined but never used                                               @typescript-eslint/no-unused-vars
Lint Frontend	Run ESLint	2025-11-22T17:53:41.0712616Z ##[warning]   23:20  warning  'BarChart' is defined but never used                                           @typescript-eslint/no-unused-vars
Lint Frontend	Run ESLint	2025-11-22T17:53:41.0713797Z ##[warning]   23:30  warning  'Bar' is defined but never used                                                @typescript-eslint/no-unused-vars
Lint Frontend	Run ESLint	2025-11-22T17:53:41.0714964Z ##[warning]   23:35  warning  'XAxis' is defined but never used                                              @typescript-eslint/no-unused-vars
Lint Frontend	Run ESLint	2025-11-22T17:53:41.0716134Z ##[warning]   23:42  warning  'YAxis' is defined but never used                                              @typescript-eslint/no-unused-vars
Lint Frontend	Run ESLint	2025-11-22T17:53:41.0717363Z ##[warning]   23:49  warning  'CartesianGrid' is defined but never used                                      @typescript-eslint/no-unused-vars
Lint Frontend	Run ESLint	2025-11-22T17:53:41.0718600Z ##[warning]   24:3   warning  'Tooltip' is defined but never used                                            @typescript-eslint/no-unused-vars
Lint Frontend	Run ESLint	2025-11-22T17:53:41.0719930Z ##[warning]   24:12  warning  'ResponsiveContainer' is defined but never used                                @typescript-eslint/no-unused-vars
Lint Frontend	Run ESLint	2025-11-22T17:53:41.0721173Z ##[warning]   24:33  warning  'Cell' is defined but never used                                               @typescript-eslint/no-unused-vars
Lint Frontend	Run ESLint	2025-11-22T17:53:41.0722394Z ##[warning]   24:39  warning  'FunnelChart' is defined but never used                                        @typescript-eslint/no-unused-vars
Lint Frontend	Run ESLint	2025-11-22T17:53:41.0723600Z ##[warning]   24:52  warning  'Funnel' is defined but never used                                             @typescript-eslint/no-unused-vars
Lint Frontend	Run ESLint	2025-11-22T17:53:41.0724794Z ##[warning]   24:60  warning  'LabelList' is defined but never used                                          @typescript-eslint/no-unused-vars
Lint Frontend	Run ESLint	2025-11-22T17:53:41.0726028Z ##[warning]   26:18  warning  'AnimatePresence' is defined but never used                                    @typescript-eslint/no-unused-vars
Lint Frontend	Run ESLint	2025-11-22T17:53:41.0727371Z ##[warning]   89:11  warning  'r' is assigned a value but never used                                         @typescript-eslint/no-unused-vars
Lint Frontend	Run ESLint	2025-11-22T17:53:41.0728574Z ##[warning]   89:14  warning  'g' is assigned a value but never used                                         @typescript-eslint/no-unused-vars
Lint Frontend	Run ESLint	2025-11-22T17:53:41.0729923Z ##[warning]   89:17  warning  'b' is assigned a value but never used                                         @typescript-eslint/no-unused-vars
Lint Frontend	Run ESLint	2025-11-22T17:53:41.0731121Z ##[warning]  211:11  warning  'r' is assigned a value but never used                                         @typescript-eslint/no-unused-vars
Lint Frontend	Run ESLint	2025-11-22T17:53:41.0732313Z ##[warning]  211:14  warning  'g' is assigned a value but never used                                         @typescript-eslint/no-unused-vars
Lint Frontend	Run ESLint	2025-11-22T17:53:41.0733510Z ##[warning]  211:17  warning  'b' is assigned a value but never used                                         @typescript-eslint/no-unused-vars
Lint Frontend	Run ESLint	2025-11-22T17:53:41.0734704Z ##[warning]  340:11  warning  'r' is assigned a value but never used                                         @typescript-eslint/no-unused-vars
Lint Frontend	Run ESLint	2025-11-22T17:53:41.0735899Z ##[warning]  340:14  warning  'g' is assigned a value but never used                                         @typescript-eslint/no-unused-vars
Lint Frontend	Run ESLint	2025-11-22T17:53:41.0737093Z ##[warning]  340:17  warning  'b' is assigned a value but never used                                         @typescript-eslint/no-unused-vars
Lint Frontend	Run ESLint	2025-11-22T17:53:41.0738268Z ##[warning]  476:11  warning  'r' is assigned a value but never used                                         @typescript-eslint/no-unused-vars
Lint Frontend	Run ESLint	2025-11-22T17:53:41.0739550Z ##[warning]  476:14  warning  'g' is assigned a value but never used                                         @typescript-eslint/no-unused-vars
Lint Frontend	Run ESLint	2025-11-22T17:53:41.0740769Z ##[warning]  476:17  warning  'b' is assigned a value but never used                                         @typescript-eslint/no-unused-vars
Lint Frontend	Run ESLint	2025-11-22T17:53:41.0741985Z ##[warning]  587:29  warning  'error' is assigned a value but never used                                     @typescript-eslint/no-unused-vars
Lint Frontend	Run ESLint	2025-11-22T17:53:41.0743047Z   641:11  warning  Unused eslint-disable directive (no problems were reported from 'no-console')
Lint Frontend	Run ESLint	2025-11-22T17:53:41.0744093Z ##[warning]  653:9   warning  'dealsWon' is assigned a value but never used                                  @typescript-eslint/no-unused-vars
Lint Frontend	Run ESLint	2025-11-22T17:53:41.0745376Z ##[warning]  675:9   warning  'textPrimary' is assigned a value but never used                               @typescript-eslint/no-unused-vars
Lint Frontend	Run ESLint	2025-11-22T17:53:41.0746112Z 
Lint Frontend	Run ESLint	2025-11-22T17:53:41.0746457Z /home/runner/work/ECONEURA/ECONEURA/packages/frontend/src/components/CRMPremiumPanel.tsx
Lint Frontend	Run ESLint	2025-11-22T17:53:41.0747350Z ##[warning]   25:40  warning  'CRMSalesMetrics' is defined but never used                                    @typescript-eslint/no-unused-vars
Lint Frontend	Run ESLint	2025-11-22T17:53:41.0748561Z ##[warning]   28:29  warning  'Users' is defined but never used                                              @typescript-eslint/no-unused-vars
Lint Frontend	Run ESLint	2025-11-22T17:53:41.0749868Z ##[warning]  322:5   warning  'searchQuery' is assigned a value but never used                               @typescript-eslint/no-unused-vars
Lint Frontend	Run ESLint	2025-11-22T17:53:41.0751141Z ##[warning]  426:9   warning  'bgCard' is assigned a value but never used                                    @typescript-eslint/no-unused-vars
Lint Frontend	Run ESLint	2025-11-22T17:53:41.0752195Z   472:9   warning  Unused eslint-disable directive (no problems were reported from 'no-console')
Lint Frontend	Run ESLint	2025-11-22T17:53:41.0753025Z ##[warning]  483:14  warning  'err' is defined but never used                                                @typescript-eslint/no-unused-vars
Lint Frontend	Run ESLint	2025-11-22T17:53:41.0753698Z 
Lint Frontend	Run ESLint	2025-11-22T17:53:41.0754027Z /home/runner/work/ECONEURA/ECONEURA/packages/frontend/src/components/CockpitHeader.tsx
Lint Frontend	Run ESLint	2025-11-22T17:53:41.0754864Z ##[warning]  5:16  warning  'X' is defined but never used     @typescript-eslint/no-unused-vars
Lint Frontend	Run ESLint	2025-11-22T17:53:41.0755906Z ##[warning]  5:30  warning  'User' is defined but never used  @typescript-eslint/no-unused-vars
Lint Frontend	Run ESLint	2025-11-22T17:53:41.0756551Z 
Lint Frontend	Run ESLint	2025-11-22T17:53:41.0756900Z /home/runner/work/ECONEURA/ECONEURA/packages/frontend/src/components/DepartmentButton.tsx
Lint Frontend	Run ESLint	2025-11-22T17:53:41.0757760Z ##[warning]  1:23  warning  'useEffect' is defined but never used  @typescript-eslint/no-unused-vars
Lint Frontend	Run ESLint	2025-11-22T17:53:41.0758424Z 
Lint Frontend	Run ESLint	2025-11-22T17:53:41.0758754Z /home/runner/work/ECONEURA/ECONEURA/packages/frontend/src/components/EconeuraHeader.tsx
Lint Frontend	Run ESLint	2025-11-22T17:53:41.0759575Z ##[warning]  12:3  warning  'isDarkMode' is defined but never used  @typescript-eslint/no-unused-vars
Lint Frontend	Run ESLint	2025-11-22T17:53:41.0760246Z 
Lint Frontend	Run ESLint	2025-11-22T17:53:41.0760605Z /home/runner/work/ECONEURA/ECONEURA/packages/frontend/src/components/EconeuraMainContent.tsx
Lint Frontend	Run ESLint	2025-11-22T17:53:41.0761335Z ##[warning]  2:31  warning  'Zap' is defined but never used  @typescript-eslint/no-unused-vars
Lint Frontend	Run ESLint	2025-11-22T17:53:41.0761973Z 
Lint Frontend	Run ESLint	2025-11-22T17:53:41.0762302Z /home/runner/work/ECONEURA/ECONEURA/packages/frontend/src/components/EconeuraSidebar.tsx
Lint Frontend	Run ESLint	2025-11-22T17:53:41.0763033Z ##[warning]  2:62  warning  'LineChart' is defined but never used  @typescript-eslint/no-unused-vars
Lint Frontend	Run ESLint	2025-11-22T17:53:41.0763712Z 
Lint Frontend	Run ESLint	2025-11-22T17:53:41.0764073Z /home/runner/work/ECONEURA/ECONEURA/packages/frontend/src/components/EmotionalAgentCard.tsx
Lint Frontend	Run ESLint	2025-11-22T17:53:41.0764857Z ##[warning]    7:3   warning  'Pause' is defined but never used                 @typescript-eslint/no-unused-vars
Lint Frontend	Run ESLint	2025-11-22T17:53:41.0765976Z ##[warning]   11:3   warning  'DollarSign' is defined but never used            @typescript-eslint/no-unused-vars
Lint Frontend	Run ESLint	2025-11-22T17:53:41.0767137Z ##[warning]   18:3   warning  'BarChart3' is defined but never used             @typescript-eslint/no-unused-vars
Lint Frontend	Run ESLint	2025-11-22T17:53:41.0768277Z ##[warning]  182:11  warning  'weeklyTrend' is assigned a value but never used  @typescript-eslint/no-unused-vars
Lint Frontend	Run ESLint	2025-11-22T17:53:41.0768973Z 
Lint Frontend	Run ESLint	2025-11-22T17:53:41.0769328Z /home/runner/work/ECONEURA/ECONEURA/packages/frontend/src/components/ErrorBoundary.tsx
Lint Frontend	Run ESLint	2025-11-22T17:53:41.0770114Z   29:7  warning  Unused eslint-disable directive (no problems were reported from 'no-console')
Lint Frontend	Run ESLint	2025-11-22T17:53:41.0770412Z 
Lint Frontend	Run ESLint	2025-11-22T17:53:41.0770765Z /home/runner/work/ECONEURA/ECONEURA/packages/frontend/src/components/HITLApprovalModal.tsx
Lint Frontend	Run ESLint	2025-11-22T17:53:41.0771504Z ##[warning]  7:35  warning  'Edit3' is defined but never used  @typescript-eslint/no-unused-vars
Lint Frontend	Run ESLint	2025-11-22T17:53:41.0772168Z 
Lint Frontend	Run ESLint	2025-11-22T17:53:41.0772471Z /home/runner/work/ECONEURA/ECONEURA/packages/frontend/src/contexts/AuthContext.tsx
Lint Frontend	Run ESLint	2025-11-22T17:53:41.0773303Z ##[warning]  268:25  warning  'updateUser' is assigned a value but never used  @typescript-eslint/no-unused-vars
Lint Frontend	Run ESLint	2025-11-22T17:53:41.0774014Z 
Lint Frontend	Run ESLint	2025-11-22T17:53:41.0774298Z /home/runner/work/ECONEURA/ECONEURA/packages/frontend/src/data/neuraData.tsx
Lint Frontend	Run ESLint	2025-11-22T17:53:41.0775011Z ##[warning]  7:10  warning  'rgba' is defined but never used  @typescript-eslint/no-unused-vars
Lint Frontend	Run ESLint	2025-11-22T17:53:41.0775663Z 
Lint Frontend	Run ESLint	2025-11-22T17:53:41.0775951Z /home/runner/work/ECONEURA/ECONEURA/packages/frontend/src/hooks/useAnalytics.ts
Lint Frontend	Run ESLint	2025-11-22T17:53:41.0776585Z    54:7  warning  Unused eslint-disable directive (no problems were reported from 'no-console')
Lint Frontend	Run ESLint	2025-11-22T17:53:41.0777224Z   116:5  warning  Unused eslint-disable directive (no problems were reported from 'no-console')
Lint Frontend	Run ESLint	2025-11-22T17:53:41.0777852Z   132:5  warning  Unused eslint-disable directive (no problems were reported from 'no-console')
Lint Frontend	Run ESLint	2025-11-22T17:53:41.0778140Z 
Lint Frontend	Run ESLint	2025-11-22T17:53:41.0778419Z /home/runner/work/ECONEURA/ECONEURA/packages/frontend/src/hooks/useCRMData.ts
Lint Frontend	Run ESLint	2025-11-22T17:53:41.0779256Z ##[warning]    7:10  warning  'API_URL' is defined but never used                                            @typescript-eslint/no-unused-vars
Lint Frontend	Run ESLint	2025-11-22T17:53:41.0780401Z   135:13  warning  Unused eslint-disable directive (no problems were reported from 'no-console')
Lint Frontend	Run ESLint	2025-11-22T17:53:41.0781161Z   182:9   warning  Unused eslint-disable directive (no problems were reported from 'no-console')
Lint Frontend	Run ESLint	2025-11-22T17:53:41.0781458Z 
Lint Frontend	Run ESLint	2025-11-22T17:53:41.0781750Z /home/runner/work/ECONEURA/ECONEURA/packages/frontend/src/hooks/useCRMLeads.ts
Lint Frontend	Run ESLint	2025-11-22T17:53:41.0782587Z ##[warning]    9:10  warning  'getApiUrl' is defined but never used                                          @typescript-eslint/no-unused-vars
Lint Frontend	Run ESLint	2025-11-22T17:53:41.0783961Z ##[warning]    9:21  warning  'createAuthHeaders' is defined but never used                                  @typescript-eslint/no-unused-vars
Lint Frontend	Run ESLint	2025-11-22T17:53:41.0785035Z    61:7   warning  Unused eslint-disable directive (no problems were reported from 'no-console')
Lint Frontend	Run ESLint	2025-11-22T17:53:41.0785671Z   136:13  warning  Unused eslint-disable directive (no problems were reported from 'no-console')
Lint Frontend	Run ESLint	2025-11-22T17:53:41.0786294Z   176:9   warning  Unused eslint-disable directive (no problems were reported from 'no-console')
Lint Frontend	Run ESLint	2025-11-22T17:53:41.0786597Z 
Lint Frontend	Run ESLint	2025-11-22T17:53:41.0786869Z /home/runner/work/ECONEURA/ECONEURA/packages/frontend/src/hooks/useChat.ts
Lint Frontend	Run ESLint	2025-11-22T17:53:41.0787615Z ##[warning]   2:43  warning  'getMessagesByChatId' is defined but never used  @typescript-eslint/no-unused-vars
Lint Frontend	Run ESLint	2025-11-22T17:53:41.0788759Z ##[warning]   2:64  warning  'LocalChat' is defined but never used            @typescript-eslint/no-unused-vars
Lint Frontend	Run ESLint	2025-11-22T17:53:41.0789996Z ##[warning]  63:49  warning  '_chatId' is defined but never used              @typescript-eslint/no-unused-vars
Lint Frontend	Run ESLint	2025-11-22T17:53:41.0790685Z 
Lint Frontend	Run ESLint	2025-11-22T17:53:41.0791006Z /home/runner/work/ECONEURA/ECONEURA/packages/frontend/src/hooks/useChatOperations.ts
Lint Frontend	Run ESLint	2025-11-22T17:53:41.0791950Z ##[warning]   88:13  warning  'conversationHistory' is assigned a value but never used                       @typescript-eslint/no-unused-vars
Lint Frontend	Run ESLint	2025-11-22T17:53:41.0793312Z ##[warning]  145:15  warning  'confidenceScore' is assigned a value but never used                           @typescript-eslint/no-unused-vars
Lint Frontend	Run ESLint	2025-11-22T17:53:41.0794416Z   210:9   warning  Unused eslint-disable directive (no problems were reported from 'no-console')
Lint Frontend	Run ESLint	2025-11-22T17:53:41.0794714Z 
Lint Frontend	Run ESLint	2025-11-22T17:53:41.0795016Z /home/runner/work/ECONEURA/ECONEURA/packages/frontend/src/hooks/useErrorHandler.ts
Lint Frontend	Run ESLint	2025-11-22T17:53:41.0795661Z   26:7  warning  Unused eslint-disable directive (no problems were reported from 'no-console')
Lint Frontend	Run ESLint	2025-11-22T17:53:41.0796323Z   37:9  warning  Unused eslint-disable directive (no problems were reported from 'no-console')
Lint Frontend	Run ESLint	2025-11-22T17:53:41.0796623Z 
Lint Frontend	Run ESLint	2025-11-22T17:53:41.0796931Z /home/runner/work/ECONEURA/ECONEURA/packages/frontend/src/hooks/useMultiActorChat.ts
Lint Frontend	Run ESLint	2025-11-22T17:53:41.0797624Z ##[warning]  52:30  warning  '_err' is defined but never used  @typescript-eslint/no-unused-vars
Lint Frontend	Run ESLint	2025-11-22T17:53:41.0798273Z 
Lint Frontend	Run ESLint	2025-11-22T17:53:41.0798572Z /home/runner/work/ECONEURA/ECONEURA/packages/frontend/src/hooks/useVoiceService.ts
Lint Frontend	Run ESLint	2025-11-22T17:53:41.0799450Z ##[warning]  53:13  warning  'interimTranscript' is assigned a value but never used  @typescript-eslint/no-unused-vars
Lint Frontend	Run ESLint	2025-11-22T17:53:41.0800617Z ##[warning]  86:16  warning  'err' is defined but never used                         @typescript-eslint/no-unused-vars
Lint Frontend	Run ESLint	2025-11-22T17:53:41.0801297Z 
Lint Frontend	Run ESLint	2025-11-22T17:53:41.0801647Z /home/runner/work/ECONEURA/ECONEURA/packages/frontend/src/services/NeuraAgentIntegration.ts
Lint Frontend	Run ESLint	2025-11-22T17:53:41.0802510Z ##[warning]  13:9  warning  'keywords' is assigned a value but never used  @typescript-eslint/no-unused-vars
Lint Frontend	Run ESLint	2025-11-22T17:53:41.0803629Z ##[warning]  42:9  warning  'keywords' is assigned a value but never used  @typescript-eslint/no-unused-vars
Lint Frontend	Run ESLint	2025-11-22T17:53:41.0804304Z 
Lint Frontend	Run ESLint	2025-11-22T17:53:41.0804574Z /home/runner/work/ECONEURA/ECONEURA/packages/frontend/src/test/setup.ts
Lint Frontend	Run ESLint	2025-11-22T17:53:41.0805281Z ##[warning]  2:10  warning  'expect' is defined but never used  @typescript-eslint/no-unused-vars
Lint Frontend	Run ESLint	2025-11-22T17:53:41.0805934Z 
Lint Frontend	Run ESLint	2025-11-22T17:53:41.0806233Z /home/runner/work/ECONEURA/ECONEURA/packages/frontend/src/utils/agentDetector.ts
Lint Frontend	Run ESLint	2025-11-22T17:53:41.0807102Z ##[warning]  9:35  warning  'message' is defined but never used  @typescript-eslint/no-unused-vars
Lint Frontend	Run ESLint	2025-11-22T17:53:41.0808179Z ##[warning]  9:52  warning  'deptId' is defined but never used   @typescript-eslint/no-unused-vars
Lint Frontend	Run ESLint	2025-11-22T17:53:41.0808831Z 
Lint Frontend	Run ESLint	2025-11-22T17:53:41.0809111Z /home/runner/work/ECONEURA/ECONEURA/packages/frontend/tests/e2e/chat.spec.ts
Lint Frontend	Run ESLint	2025-11-22T17:53:41.0810111Z ##[warning]  52:11  warning  'areaCount' is assigned a value but never used  @typescript-eslint/no-unused-vars
Lint Frontend	Run ESLint	2025-11-22T17:53:41.0810814Z 
Lint Frontend	Run ESLint	2025-11-22T17:53:41.0811198Z â 181 problems (0 errors, 181 warnings)
Lint Frontend	Run ESLint	2025-11-22T17:53:41.0811593Z   0 errors and 15 warnings potentially fixable with the `--fix` option.
Lint Frontend	Run ESLint	2025-11-22T17:53:41.0811845Z 
Lint Frontend	Post Setup Node	ï»¿2025-11-22T17:53:41.1082431Z Post job cleanup.
Lint Frontend	Post Setup Node	2025-11-22T17:53:41.2204740Z (node:2251) [DEP0040] DeprecationWarning: The `punycode` module is deprecated. Please use a userland alternative instead.
Lint Frontend	Post Setup Node	2025-11-22T17:53:41.2205482Z (Use `node --trace-deprecation ...` to show where the warning was created)
Lint Frontend	Post Setup Node	2025-11-22T17:53:41.2208264Z Cache hit occurred on the primary key node-cache-Linux-x64-npm-7b5741da819567a7a1e462079de2b6d7816239b0198ed8a94d52986d298c76cf, not saving cache.
Lint Frontend	Post Checkout	ï»¿2025-11-22T17:53:41.2305743Z Post job cleanup.
Lint Frontend	Post Checkout	2025-11-22T17:53:41.3040695Z [command]/usr/bin/git version
Lint Frontend	Post Checkout	2025-11-22T17:53:41.3071543Z git version 2.51.2
Lint Frontend	Post Checkout	2025-11-22T17:53:41.3103511Z Temporarily overriding HOME='/home/runner/work/_temp/025f3223-c597-4644-a51c-8f23c6f98adb' before making global git config changes
Lint Frontend	Post Checkout	2025-11-22T17:53:41.3104269Z Adding repository directory to the temporary git global config as a safe directory
Lint Frontend	Post Checkout	2025-11-22T17:53:41.3108577Z [command]/usr/bin/git config --global --add safe.directory /home/runner/work/ECONEURA/ECONEURA
Lint Frontend	Post Checkout	2025-11-22T17:53:41.3132799Z Removing SSH command configuration
Lint Frontend	Post Checkout	2025-11-22T17:53:41.3138543Z [command]/usr/bin/git config --local --name-only --get-regexp core\.sshCommand
Lint Frontend	Post Checkout	2025-11-22T17:53:41.3165374Z [command]/usr/bin/git submodule foreach --recursive sh -c "git config --local --name-only --get-regexp 'core\.sshCommand' && git config --local --unset-all 'core.sshCommand' || :"
Lint Frontend	Post Checkout	2025-11-22T17:53:41.3342584Z Removing HTTP extra header
Lint Frontend	Post Checkout	2025-11-22T17:53:41.3347366Z [command]/usr/bin/git config --local --name-only --get-regexp http\.https\:\/\/github\.com\/\.extraheader
Lint Frontend	Post Checkout	2025-11-22T17:53:41.3375930Z [command]/usr/bin/git submodule foreach --recursive sh -c "git config --local --name-only --get-regexp 'http\.https\:\/\/github\.com\/\.extraheader' && git config --local --unset-all 'http.https://github.com/.extraheader' || :"
Lint Frontend	Post Checkout	2025-11-22T17:53:41.3543861Z Removing includeIf entries pointing to credentials config files
Lint Frontend	Post Checkout	2025-11-22T17:53:41.3551283Z [command]/usr/bin/git config --local --name-only --get-regexp ^includeIf\.gitdir:
Lint Frontend	Post Checkout	2025-11-22T17:53:41.3569713Z includeif.gitdir:/home/runner/work/ECONEURA/ECONEURA/.git.path
Lint Frontend	Post Checkout	2025-11-22T17:53:41.3570483Z includeif.gitdir:/github/workspace/.git.path
Lint Frontend	Post Checkout	2025-11-22T17:53:41.3578934Z [command]/usr/bin/git config --local --get-all includeif.gitdir:/home/runner/work/ECONEURA/ECONEURA/.git.path
Lint Frontend	Post Checkout	2025-11-22T17:53:41.3595960Z /home/runner/work/_temp/git-credentials-8a5cf9a9-a2e2-4a45-a98b-677c95ed12a2.config
Lint Frontend	Post Checkout	2025-11-22T17:53:41.3604043Z [command]/usr/bin/git config --local --unset includeif.gitdir:/home/runner/work/ECONEURA/ECONEURA/.git.path /home/runner/work/_temp/git-credentials-8a5cf9a9-a2e2-4a45-a98b-677c95ed12a2.config
Lint Frontend	Post Checkout	2025-11-22T17:53:41.3630485Z [command]/usr/bin/git config --local --get-all includeif.gitdir:/github/workspace/.git.path
Lint Frontend	Post Checkout	2025-11-22T17:53:41.3646665Z /github/runner_temp/git-credentials-8a5cf9a9-a2e2-4a45-a98b-677c95ed12a2.config
Lint Frontend	Post Checkout	2025-11-22T17:53:41.3654088Z [command]/usr/bin/git config --local --unset includeif.gitdir:/github/workspace/.git.path /github/runner_temp/git-credentials-8a5cf9a9-a2e2-4a45-a98b-677c95ed12a2.config
Lint Frontend	Post Checkout	2025-11-22T17:53:41.3681893Z [command]/usr/bin/git submodule foreach --recursive git config --local --show-origin --name-only --get-regexp remote.origin.url
Lint Frontend	Post Checkout	2025-11-22T17:53:41.3847660Z Removing credentials config '/home/runner/work/_temp/git-credentials-8a5cf9a9-a2e2-4a45-a98b-677c95ed12a2.config'
Lint Frontend	Complete job	ï»¿2025-11-22T17:53:41.3952618Z Cleaning up orphan processes
Type Check Frontend	Set up job	ï»¿2025-11-22T17:53:05.5645334Z Current runner version: '2.329.0'
Type Check Frontend	Set up job	2025-11-22T17:53:05.5676632Z ##[group]Runner Image Provisioner
Type Check Frontend	Set up job	2025-11-22T17:53:05.5678217Z Hosted Compute Agent
Type Check Frontend	Set up job	2025-11-22T17:53:05.5679029Z Version: 20251016.436
Type Check Frontend	Set up job	2025-11-22T17:53:05.5679921Z Commit: 8ab8ac8bfd662a3739dab9fe09456aba92132568
Type Check Frontend	Set up job	2025-11-22T17:53:05.5681167Z Build Date: 2025-10-15T20:44:12Z
Type Check Frontend	Set up job	2025-11-22T17:53:05.5682199Z ##[endgroup]
Type Check Frontend	Set up job	2025-11-22T17:53:05.5683371Z ##[group]Operating System
Type Check Frontend	Set up job	2025-11-22T17:53:05.5684470Z Ubuntu
Type Check Frontend	Set up job	2025-11-22T17:53:05.5685250Z 24.04.3
Type Check Frontend	Set up job	2025-11-22T17:53:05.5686031Z LTS
Type Check Frontend	Set up job	2025-11-22T17:53:05.5686920Z ##[endgroup]
Type Check Frontend	Set up job	2025-11-22T17:53:05.5687794Z ##[group]Runner Image
Type Check Frontend	Set up job	2025-11-22T17:53:05.5688765Z Image: ubuntu-24.04
Type Check Frontend	Set up job	2025-11-22T17:53:05.5689742Z Version: 20251112.124.1
Type Check Frontend	Set up job	2025-11-22T17:53:05.5691498Z Included Software: https://github.com/actions/runner-images/blob/ubuntu24/20251112.124/images/ubuntu/Ubuntu2404-Readme.md
Type Check Frontend	Set up job	2025-11-22T17:53:05.5694095Z Image Release: https://github.com/actions/runner-images/releases/tag/ubuntu24%2F20251112.124
Type Check Frontend	Set up job	2025-11-22T17:53:05.5696104Z ##[endgroup]
Type Check Frontend	Set up job	2025-11-22T17:53:05.5698041Z ##[group]GITHUB_TOKEN Permissions
Type Check Frontend	Set up job	2025-11-22T17:53:05.5700971Z Contents: read
Type Check Frontend	Set up job	2025-11-22T17:53:05.5701868Z Metadata: read
Type Check Frontend	Set up job	2025-11-22T17:53:05.5703261Z Packages: read
Type Check Frontend	Set up job	2025-11-22T17:53:05.5704211Z ##[endgroup]
Type Check Frontend	Set up job	2025-11-22T17:53:05.5707378Z Secret source: Actions
Type Check Frontend	Set up job	2025-11-22T17:53:05.5708945Z Prepare workflow directory
Type Check Frontend	Set up job	2025-11-22T17:53:05.6244529Z Prepare all required actions
Type Check Frontend	Set up job	2025-11-22T17:53:05.6300287Z Getting action download info
Type Check Frontend	Set up job	2025-11-22T17:53:05.8865564Z Download action repository 'actions/checkout@v6' (SHA:1af3b93b6815bc44a9784bd300feb67ff0d1eeb3)
Type Check Frontend	Set up job	2025-11-22T17:53:06.1955534Z Download action repository 'actions/setup-node@v6' (SHA:2028fbc5c25fe9cf00d9f06a71cc4710d4507903)
Type Check Frontend	Set up job	2025-11-22T17:53:06.4165786Z Complete job name: Type Check Frontend
Type Check Frontend	Checkout	ï»¿2025-11-22T17:53:06.4803684Z ##[group]Run actions/checkout@v6
Type Check Frontend	Checkout	2025-11-22T17:53:06.4804509Z with:
Type Check Frontend	Checkout	2025-11-22T17:53:06.4804919Z   repository: ECONEURA-EMPRESA/ECONEURA
Type Check Frontend	Checkout	2025-11-22T17:53:06.4805581Z   token: ***
Type Check Frontend	Checkout	2025-11-22T17:53:06.4805976Z   ssh-strict: true
Type Check Frontend	Checkout	2025-11-22T17:53:06.4806362Z   ssh-user: git
Type Check Frontend	Checkout	2025-11-22T17:53:06.4806747Z   persist-credentials: true
Type Check Frontend	Checkout	2025-11-22T17:53:06.4807183Z   clean: true
Type Check Frontend	Checkout	2025-11-22T17:53:06.4807575Z   sparse-checkout-cone-mode: true
Type Check Frontend	Checkout	2025-11-22T17:53:06.4808048Z   fetch-depth: 1
Type Check Frontend	Checkout	2025-11-22T17:53:06.4808422Z   fetch-tags: false
Type Check Frontend	Checkout	2025-11-22T17:53:06.4808809Z   show-progress: true
Type Check Frontend	Checkout	2025-11-22T17:53:06.4809202Z   lfs: false
Type Check Frontend	Checkout	2025-11-22T17:53:06.4809564Z   submodules: false
Type Check Frontend	Checkout	2025-11-22T17:53:06.4809966Z   set-safe-directory: true
Type Check Frontend	Checkout	2025-11-22T17:53:06.4810585Z env:
Type Check Frontend	Checkout	2025-11-22T17:53:06.4810946Z   NODE_VERSION: 20
Type Check Frontend	Checkout	2025-11-22T17:53:06.4811327Z ##[endgroup]
Type Check Frontend	Checkout	2025-11-22T17:53:06.5751742Z Syncing repository: ECONEURA-EMPRESA/ECONEURA
Type Check Frontend	Checkout	2025-11-22T17:53:06.5754544Z ##[group]Getting Git version info
Type Check Frontend	Checkout	2025-11-22T17:53:06.5755678Z Working directory is '/home/runner/work/ECONEURA/ECONEURA'
Type Check Frontend	Checkout	2025-11-22T17:53:06.5757494Z [command]/usr/bin/git version
Type Check Frontend	Checkout	2025-11-22T17:53:06.5801052Z git version 2.51.2
Type Check Frontend	Checkout	2025-11-22T17:53:06.5823645Z ##[endgroup]
Type Check Frontend	Checkout	2025-11-22T17:53:06.5838239Z Temporarily overriding HOME='/home/runner/work/_temp/efd245e3-7aa4-4306-b0f3-ffb67cc28815' before making global git config changes
Type Check Frontend	Checkout	2025-11-22T17:53:06.5843011Z Adding repository directory to the temporary git global config as a safe directory
Type Check Frontend	Checkout	2025-11-22T17:53:06.5845026Z [command]/usr/bin/git config --global --add safe.directory /home/runner/work/ECONEURA/ECONEURA
Type Check Frontend	Checkout	2025-11-22T17:53:06.5879687Z Deleting the contents of '/home/runner/work/ECONEURA/ECONEURA'
Type Check Frontend	Checkout	2025-11-22T17:53:06.5883450Z ##[group]Initializing the repository
Type Check Frontend	Checkout	2025-11-22T17:53:06.5887943Z [command]/usr/bin/git init /home/runner/work/ECONEURA/ECONEURA
Type Check Frontend	Checkout	2025-11-22T17:53:06.6036087Z hint: Using 'master' as the name for the initial branch. This default branch name
Type Check Frontend	Checkout	2025-11-22T17:53:06.6037793Z hint: is subject to change. To configure the initial branch name to use in all
Type Check Frontend	Checkout	2025-11-22T17:53:06.6039410Z hint: of your new repositories, which will suppress this warning, call:
Type Check Frontend	Checkout	2025-11-22T17:53:06.6040587Z hint:
Type Check Frontend	Checkout	2025-11-22T17:53:06.6041795Z hint: 	git config --global init.defaultBranch <name>
Type Check Frontend	Checkout	2025-11-22T17:53:06.6042989Z hint:
Type Check Frontend	Checkout	2025-11-22T17:53:06.6043941Z hint: Names commonly chosen instead of 'master' are 'main', 'trunk' and
Type Check Frontend	Checkout	2025-11-22T17:53:06.6045415Z hint: 'development'. The just-created branch can be renamed via this command:
Type Check Frontend	Checkout	2025-11-22T17:53:06.6046618Z hint:
Type Check Frontend	Checkout	2025-11-22T17:53:06.6047255Z hint: 	git branch -m <name>
Type Check Frontend	Checkout	2025-11-22T17:53:06.6048032Z hint:
Type Check Frontend	Checkout	2025-11-22T17:53:06.6049003Z hint: Disable this message with "git config set advice.defaultBranchName false"
Type Check Frontend	Checkout	2025-11-22T17:53:06.6050653Z Initialized empty Git repository in /home/runner/work/ECONEURA/ECONEURA/.git/
Type Check Frontend	Checkout	2025-11-22T17:53:06.6053554Z [command]/usr/bin/git remote add origin https://github.com/ECONEURA-EMPRESA/ECONEURA
Type Check Frontend	Checkout	2025-11-22T17:53:06.6086882Z ##[endgroup]
Type Check Frontend	Checkout	2025-11-22T17:53:06.6088127Z ##[group]Disabling automatic garbage collection
Type Check Frontend	Checkout	2025-11-22T17:53:06.6090827Z [command]/usr/bin/git config --local gc.auto 0
Type Check Frontend	Checkout	2025-11-22T17:53:06.6120872Z ##[endgroup]
Type Check Frontend	Checkout	2025-11-22T17:53:06.6122180Z ##[group]Setting up auth
Type Check Frontend	Checkout	2025-11-22T17:53:06.6123593Z Removing SSH command configuration
Type Check Frontend	Checkout	2025-11-22T17:53:06.6130123Z [command]/usr/bin/git config --local --name-only --get-regexp core\.sshCommand
Type Check Frontend	Checkout	2025-11-22T17:53:06.6164208Z [command]/usr/bin/git submodule foreach --recursive sh -c "git config --local --name-only --get-regexp 'core\.sshCommand' && git config --local --unset-all 'core.sshCommand' || :"
Type Check Frontend	Checkout	2025-11-22T17:53:06.6554576Z Removing HTTP extra header
Type Check Frontend	Checkout	2025-11-22T17:53:06.6559286Z [command]/usr/bin/git config --local --name-only --get-regexp http\.https\:\/\/github\.com\/\.extraheader
Type Check Frontend	Checkout	2025-11-22T17:53:06.6592546Z [command]/usr/bin/git submodule foreach --recursive sh -c "git config --local --name-only --get-regexp 'http\.https\:\/\/github\.com\/\.extraheader' && git config --local --unset-all 'http.https://github.com/.extraheader' || :"
Type Check Frontend	Checkout	2025-11-22T17:53:06.6817211Z Removing includeIf entries pointing to credentials config files
Type Check Frontend	Checkout	2025-11-22T17:53:06.6823438Z [command]/usr/bin/git config --local --name-only --get-regexp ^includeIf\.gitdir:
Type Check Frontend	Checkout	2025-11-22T17:53:06.6855002Z [command]/usr/bin/git submodule foreach --recursive git config --local --show-origin --name-only --get-regexp remote.origin.url
Type Check Frontend	Checkout	2025-11-22T17:53:06.7076721Z [command]/usr/bin/git config --file /home/runner/work/_temp/git-credentials-5c133bab-e336-4dca-8d66-acf95c1d4ffd.config http.https://github.com/.extraheader AUTHORIZATION: basic ***
Type Check Frontend	Checkout	2025-11-22T17:53:06.7113037Z [command]/usr/bin/git config --local includeIf.gitdir:/home/runner/work/ECONEURA/ECONEURA/.git.path /home/runner/work/_temp/git-credentials-5c133bab-e336-4dca-8d66-acf95c1d4ffd.config
Type Check Frontend	Checkout	2025-11-22T17:53:06.7142781Z [command]/usr/bin/git config --local includeIf.gitdir:/github/workspace/.git.path /github/runner_temp/git-credentials-5c133bab-e336-4dca-8d66-acf95c1d4ffd.config
Type Check Frontend	Checkout	2025-11-22T17:53:06.7167816Z ##[endgroup]
Type Check Frontend	Checkout	2025-11-22T17:53:06.7168551Z ##[group]Fetching the repository
Type Check Frontend	Checkout	2025-11-22T17:53:06.7176769Z [command]/usr/bin/git -c protocol.version=2 fetch --no-tags --prune --no-recurse-submodules --depth=1 origin +5861204bb0c5830bd4aa6ac16b821403c405c4c7:refs/remotes/origin/main
Type Check Frontend	Checkout	2025-11-22T17:53:07.0898821Z From https://github.com/ECONEURA-EMPRESA/ECONEURA
Type Check Frontend	Checkout	2025-11-22T17:53:07.0900836Z  * [new ref]         5861204bb0c5830bd4aa6ac16b821403c405c4c7 -> origin/main
Type Check Frontend	Checkout	2025-11-22T17:53:07.0934880Z ##[endgroup]
Type Check Frontend	Checkout	2025-11-22T17:53:07.0936132Z ##[group]Determining the checkout info
Type Check Frontend	Checkout	2025-11-22T17:53:07.0937752Z ##[endgroup]
Type Check Frontend	Checkout	2025-11-22T17:53:07.0943494Z [command]/usr/bin/git sparse-checkout disable
Type Check Frontend	Checkout	2025-11-22T17:53:07.0986652Z [command]/usr/bin/git config --local --unset-all extensions.worktreeConfig
Type Check Frontend	Checkout	2025-11-22T17:53:07.1017383Z ##[group]Checking out the ref
Type Check Frontend	Checkout	2025-11-22T17:53:07.1021333Z [command]/usr/bin/git checkout --progress --force -B main refs/remotes/origin/main
Type Check Frontend	Checkout	2025-11-22T17:53:07.1945895Z Switched to a new branch 'main'
Type Check Frontend	Checkout	2025-11-22T17:53:07.1947718Z branch 'main' set up to track 'origin/main'.
Type Check Frontend	Checkout	2025-11-22T17:53:07.1957088Z ##[endgroup]
Type Check Frontend	Checkout	2025-11-22T17:53:07.1995501Z [command]/usr/bin/git log -1 --format=%H
Type Check Frontend	Checkout	2025-11-22T17:53:07.2018079Z 5861204bb0c5830bd4aa6ac16b821403c405c4c7
Type Check Frontend	Setup Node	ï»¿2025-11-22T17:53:07.2304410Z ##[group]Run actions/setup-node@v6
Type Check Frontend	Setup Node	2025-11-22T17:53:07.2305521Z with:
Type Check Frontend	Setup Node	2025-11-22T17:53:07.2306313Z   node-version: 20
Type Check Frontend	Setup Node	2025-11-22T17:53:07.2307155Z   cache: npm
Type Check Frontend	Setup Node	2025-11-22T17:53:07.2307981Z   always-auth: false
Type Check Frontend	Setup Node	2025-11-22T17:53:07.2308874Z   check-latest: false
Type Check Frontend	Setup Node	2025-11-22T17:53:07.2310009Z   token: ***
Type Check Frontend	Setup Node	2025-11-22T17:53:07.2310872Z   package-manager-cache: true
Type Check Frontend	Setup Node	2025-11-22T17:53:07.2311847Z env:
Type Check Frontend	Setup Node	2025-11-22T17:53:07.2312821Z   NODE_VERSION: 20
Type Check Frontend	Setup Node	2025-11-22T17:53:07.2313673Z ##[endgroup]
Type Check Frontend	Setup Node	2025-11-22T17:53:07.3739899Z Found in cache @ /opt/hostedtoolcache/node/20.19.5/x64
Type Check Frontend	Setup Node	2025-11-22T17:53:07.3744000Z (node:2118) [DEP0040] DeprecationWarning: The `punycode` module is deprecated. Please use a userland alternative instead.
Type Check Frontend	Setup Node	2025-11-22T17:53:07.3748015Z (Use `node --trace-deprecation ...` to show where the warning was created)
Type Check Frontend	Setup Node	2025-11-22T17:53:07.3751614Z ##[group]Environment details
Type Check Frontend	Setup Node	2025-11-22T17:53:09.2834173Z node: v20.19.5
Type Check Frontend	Setup Node	2025-11-22T17:53:09.2834854Z npm: 10.8.2
Type Check Frontend	Setup Node	2025-11-22T17:53:09.2835266Z yarn: 1.22.22
Type Check Frontend	Setup Node	2025-11-22T17:53:09.2836788Z ##[endgroup]
Type Check Frontend	Setup Node	2025-11-22T17:53:09.2860331Z [command]/opt/hostedtoolcache/node/20.19.5/x64/bin/npm config get cache
Type Check Frontend	Setup Node	2025-11-22T17:53:09.5359600Z /home/runner/.npm
Type Check Frontend	Setup Node	2025-11-22T17:53:09.6229967Z Cache hit for: node-cache-Linux-x64-npm-7b5741da819567a7a1e462079de2b6d7816239b0198ed8a94d52986d298c76cf
Type Check Frontend	Setup Node	2025-11-22T17:53:09.6333588Z (node:2118) [DEP0169] DeprecationWarning: `url.parse()` behavior is not standardized and prone to errors that have security implications. Use the WHATWG URL API instead. CVEs are not issued for `url.parse()` vulnerabilities.
Type Check Frontend	Setup Node	2025-11-22T17:53:10.5404937Z Received 146348881 of 146348881 (100.0%), 165.0 MBs/sec
Type Check Frontend	Setup Node	2025-11-22T17:53:10.5406120Z Cache Size: ~140 MB (146348881 B)
Type Check Frontend	Setup Node	2025-11-22T17:53:10.5440729Z [command]/usr/bin/tar -xf /home/runner/work/_temp/1dc74ff2-3e45-45d8-bc6d-ecf1d2a169de/cache.tzst -P -C /home/runner/work/ECONEURA/ECONEURA --use-compress-program unzstd
Type Check Frontend	Setup Node	2025-11-22T17:53:11.2293417Z Cache restored successfully
Type Check Frontend	Setup Node	2025-11-22T17:53:11.2575513Z Cache restored from key: node-cache-Linux-x64-npm-7b5741da819567a7a1e462079de2b6d7816239b0198ed8a94d52986d298c76cf
Type Check Frontend	Install dependencies	ï»¿2025-11-22T17:53:11.2755301Z ##[group]Run npm ci
Type Check Frontend	Install dependencies	2025-11-22T17:53:11.2755591Z [36;1mnpm ci[0m
Type Check Frontend	Install dependencies	2025-11-22T17:53:11.2801503Z shell: /usr/bin/bash -e {0}
Type Check Frontend	Install dependencies	2025-11-22T17:53:11.2801790Z env:
Type Check Frontend	Install dependencies	2025-11-22T17:53:11.2801977Z   NODE_VERSION: 20
Type Check Frontend	Install dependencies	2025-11-22T17:53:11.2802188Z ##[endgroup]
Type Check Frontend	Install dependencies	2025-11-22T17:53:14.8896640Z npm warn deprecated @types/express-rate-limit@6.0.2: This is a stub types definition. express-rate-limit provides its own type definitions, so you do not need this installed.
Type Check Frontend	Install dependencies	2025-11-22T17:53:14.9096809Z npm warn deprecated inflight@1.0.6: This module is not supported, and leaks memory. Do not use it. Check out lru-cache if you want a good and tested way to coalesce async requests by a key value, which is much more comprehensive and powerful.
Type Check Frontend	Install dependencies	2025-11-22T17:53:15.6379228Z npm warn deprecated glob@7.2.3: Glob versions prior to v9 are no longer supported
Type Check Frontend	Install dependencies	2025-11-22T17:53:23.3636791Z npm warn deprecated @types/axios@0.14.4: This is a stub types definition. axios provides its own type definitions, so you do not need this installed.
Type Check Frontend	Install dependencies	2025-11-22T17:53:33.7204445Z 
Type Check Frontend	Install dependencies	2025-11-22T17:53:33.7205673Z added 1248 packages, and audited 1251 packages in 22s
Type Check Frontend	Install dependencies	2025-11-22T17:53:33.7206198Z 
Type Check Frontend	Install dependencies	2025-11-22T17:53:33.7206483Z 309 packages are looking for funding
Type Check Frontend	Install dependencies	2025-11-22T17:53:33.7206974Z   run `npm fund` for details
Type Check Frontend	Install dependencies	2025-11-22T17:53:33.7219633Z 
Type Check Frontend	Install dependencies	2025-11-22T17:53:33.7220535Z found 0 vulnerabilities
Type Check Frontend	Type-check frontend	ï»¿2025-11-22T17:53:33.7971715Z ##[group]Run npm run type-check:frontend
Type Check Frontend	Type-check frontend	2025-11-22T17:53:33.7972102Z [36;1mnpm run type-check:frontend[0m
Type Check Frontend	Type-check frontend	2025-11-22T17:53:33.8013157Z shell: /usr/bin/bash -e {0}
Type Check Frontend	Type-check frontend	2025-11-22T17:53:33.8013466Z env:
Type Check Frontend	Type-check frontend	2025-11-22T17:53:33.8013648Z   NODE_VERSION: 20
Type Check Frontend	Type-check frontend	2025-11-22T17:53:33.8013837Z ##[endgroup]
Type Check Frontend	Type-check frontend	2025-11-22T17:53:33.9139311Z 
Type Check Frontend	Type-check frontend	2025-11-22T17:53:33.9140160Z > econeura-full@1.0.0 type-check:frontend
Type Check Frontend	Type-check frontend	2025-11-22T17:53:33.9140699Z > npm run typecheck --workspace=@econeura/web
Type Check Frontend	Type-check frontend	2025-11-22T17:53:33.9141365Z 
Type Check Frontend	Type-check frontend	2025-11-22T17:53:34.0396317Z 
Type Check Frontend	Type-check frontend	2025-11-22T17:53:34.0397129Z > @econeura/web@0.0.1 typecheck
Type Check Frontend	Type-check frontend	2025-11-22T17:53:34.0397572Z > tsc --noEmit
Type Check Frontend	Type-check frontend	2025-11-22T17:53:34.0397733Z 
Type Check Frontend	Type-check frontend	2025-11-22T17:53:39.4431337Z ##[error]src/App.tsx(8,19): error TS2339: Property 'env' does not exist on type 'ImportMeta'.
Type Check Frontend	Type-check frontend	2025-11-22T17:53:39.4443461Z ##[error]src/App.tsx(122,24): error TS2322: Type 'User | null' is not assignable to type 'EconeuraCockpitUser | undefined'.
Type Check Frontend	Type-check frontend	2025-11-22T17:53:39.4445200Z   Type 'null' is not assignable to type 'EconeuraCockpitUser | undefined'.
Type Check Frontend	Type-check frontend	2025-11-22T17:53:39.4447265Z ##[error]src/EconeuraCockpit.tsx(1375,13): error TS2322: Type '{ message?: string | undefined; } | undefined' is not assignable to type 'Record<string, any>'.
Type Check Frontend	Type-check frontend	2025-11-22T17:53:39.4449027Z   Type 'undefined' is not assignable to type 'Record<string, any>'.
Type Check Frontend	Type-check frontend	2025-11-22T17:53:39.4450132Z ##[error]src/EconeuraCockpit.tsx(1592,22): error TS2304: Cannot find name 'Brain'.
Type Check Frontend	Type-check frontend	2025-11-22T17:53:39.4533648Z ##[error]src/__tests__/EconeuraCockpit.integration.test.tsx(7,1): error TS2304: Cannot find name 'global'.
Type Check Frontend	Type-check frontend	2025-11-22T17:53:39.4535951Z ##[error]src/__tests__/EconeuraCockpit.unit.test.tsx(7,1): error TS2304: Cannot find name 'global'.
Type Check Frontend	Type-check frontend	2025-11-22T17:53:39.4540745Z ##[error]src/__tests__/cockpit.test.tsx(81,13): error TS2322: Type '{ darkMode: boolean; sidebarOpen: boolean; activeDept: string; setActiveDept: Mock<Procedure>; departments: { id: string; name: string; chips: string[]; neura: { title: string; subtitle: string; tags: string[]; }; agents: { ...; }[]; }[]; }' is not assignable to type 'SidebarProps'.
Type Check Frontend	Type-check frontend	2025-11-22T17:53:39.4543527Z   Types of property 'departments' are incompatible.
Type Check Frontend	Type-check frontend	2025-11-22T17:53:39.4544940Z     Type '{ id: string; name: string; chips: string[]; neura: { title: string; subtitle: string; tags: string[]; }; agents: { id: string; title: string; desc: string; }[]; }[]' is not assignable to type 'Department[]'.
Type Check Frontend	Type-check frontend	2025-11-22T17:53:39.4547038Z       Type '{ id: string; name: string; chips: string[]; neura: { title: string; subtitle: string; tags: string[]; }; agents: { id: string; title: string; desc: string; }[]; }' is not assignable to type 'Department'.
Type Check Frontend	Type-check frontend	2025-11-22T17:53:39.4548252Z         Types of property 'neura' are incompatible.
Type Check Frontend	Type-check frontend	2025-11-22T17:53:39.4550317Z           Type '{ title: string; subtitle: string; tags: string[]; }' is missing the following properties from type '{ title: string; model: string; desc: string; tags: string[]; value: { timeSavedHoursMonth: number; tokensUsedMonth: number; costMonth: number; problem: string; solution: string; }; }': model, desc, value
Type Check Frontend	Type-check frontend	2025-11-22T17:53:39.4555518Z ##[error]src/__tests__/cockpit.test.tsx(96,35): error TS2322: Type '{ darkMode: boolean; sidebarOpen: boolean; activeDept: string; setActiveDept: Mock<Procedure>; departments: { id: string; name: string; chips: string[]; neura: { title: string; subtitle: string; tags: string[]; }; agents: { ...; }[]; }[]; }' is not assignable to type 'SidebarProps'.
Type Check Frontend	Type-check frontend	2025-11-22T17:53:39.4558152Z   Types of property 'departments' are incompatible.
Type Check Frontend	Type-check frontend	2025-11-22T17:53:39.4559512Z     Type '{ id: string; name: string; chips: string[]; neura: { title: string; subtitle: string; tags: string[]; }; agents: { id: string; title: string; desc: string; }[]; }[]' is not assignable to type 'Department[]'.
Type Check Frontend	Type-check frontend	2025-11-22T17:53:39.4561493Z       Type '{ id: string; name: string; chips: string[]; neura: { title: string; subtitle: string; tags: string[]; }; agents: { id: string; title: string; desc: string; }[]; }' is not assignable to type 'Department'.
Type Check Frontend	Type-check frontend	2025-11-22T17:53:39.4562816Z         Types of property 'neura' are incompatible.
Type Check Frontend	Type-check frontend	2025-11-22T17:53:39.4565328Z           Type '{ title: string; subtitle: string; tags: string[]; }' is missing the following properties from type '{ title: string; model: string; desc: string; tags: string[]; value: { timeSavedHoursMonth: number; tokensUsedMonth: number; costMonth: number; problem: string; solution: string; }; }': model, desc, value
Type Check Frontend	Type-check frontend	2025-11-22T17:53:39.4569145Z ##[error]src/__tests__/main.mount.cover.test.tsx(11,5): error TS2591: Cannot find name 'process'. Do you need to install type definitions for node? Try `npm i --save-dev @types/node` and then add 'node' to the types field in your tsconfig.
Type Check Frontend	Type-check frontend	2025-11-22T17:53:39.4573587Z ##[error]src/__tests__/main.mount.cover.test.tsx(20,5): error TS2591: Cannot find name 'process'. Do you need to install type definitions for node? Try `npm i --save-dev @types/node` and then add 'node' to the types field in your tsconfig.
Type Check Frontend	Type-check frontend	2025-11-22T17:53:39.4577546Z ##[error]src/__tests__/main.prod.test.tsx(5,16): error TS2591: Cannot find name 'process'. Do you need to install type definitions for node? Try `npm i --save-dev @types/node` and then add 'node' to the types field in your tsconfig.
Type Check Frontend	Type-check frontend	2025-11-22T17:53:39.4581437Z ##[error]src/__tests__/main.prod.test.tsx(6,3): error TS2591: Cannot find name 'process'. Do you need to install type definitions for node? Try `npm i --save-dev @types/node` and then add 'node' to the types field in your tsconfig.
Type Check Frontend	Type-check frontend	2025-11-22T17:53:39.4585655Z ##[error]src/__tests__/main.prod.test.tsx(35,3): error TS2591: Cannot find name 'process'. Do you need to install type definitions for node? Try `npm i --save-dev @types/node` and then add 'node' to the types field in your tsconfig.
Type Check Frontend	Type-check frontend	2025-11-22T17:53:39.4588473Z ##[error]src/components/CRMExecutiveDashboard.tsx(640,25): error TS2339: Property 'env' does not exist on type 'ImportMeta'.
Type Check Frontend	Type-check frontend	2025-11-22T17:53:39.4591894Z ##[error]src/components/CRMExecutiveDashboard.tsx(709,15): error TS2353: Object literal may only specify known properties, and 'focusRingColor' does not exist in type 'Properties<string | number, string & {}>'.
Type Check Frontend	Type-check frontend	2025-11-22T17:53:39.4594940Z ##[error]src/components/CRMPremiumPanel.tsx(471,23): error TS2339: Property 'env' does not exist on type 'ImportMeta'.
Type Check Frontend	Type-check frontend	2025-11-22T17:53:39.4597068Z ##[error]src/components/CRMPremiumPanel.tsx(645,55): error TS2769: No overload matches this call.
Type Check Frontend	Type-check frontend	2025-11-22T17:53:39.4599538Z   Overload 1 of 2, '(props: { className?: string | undefined; }, context?: any): string | number | bigint | boolean | ReactElement<unknown, string | JSXElementConstructor<any>> | ... 4 more ... | undefined', gave the following error.
Type Check Frontend	Type-check frontend	2025-11-22T17:53:39.4601582Z     Type '{ className: string; style: { color: string; }; "aria-hidden": string; }' is not assignable to type 'IntrinsicAttributes & { className?: string | undefined; }'.
Type Check Frontend	Type-check frontend	2025-11-22T17:53:39.4603139Z       Property 'style' does not exist on type 'IntrinsicAttributes & { className?: string | undefined; }'.
Type Check Frontend	Type-check frontend	2025-11-22T17:53:39.4604858Z   Overload 2 of 2, '(props: { className?: string | undefined; }): string | number | bigint | boolean | ReactElement<unknown, string | JSXElementConstructor<any>> | ... 4 more ... | undefined', gave the following error.
Type Check Frontend	Type-check frontend	2025-11-22T17:53:39.4606779Z     Type '{ className: string; style: { color: string; }; "aria-hidden": string; }' is not assignable to type 'IntrinsicAttributes & { className?: string | undefined; }'.
Type Check Frontend	Type-check frontend	2025-11-22T17:53:39.4608151Z       Property 'style' does not exist on type 'IntrinsicAttributes & { className?: string | undefined; }'.
Type Check Frontend	Type-check frontend	2025-11-22T17:53:39.4611746Z ##[error]src/components/CRMPremiumPanel.tsx(740,32): error TS2322: Type 'CRMRevenueData[] | readonly [{ readonly month: "Ene"; readonly revenue: 380; readonly target: 400; }, { readonly month: "Feb"; readonly revenue: 395; readonly target: 400; }, { ...; }, { ...; }, { ...; }]' is not assignable to type 'any[] | undefined'.
Type Check Frontend	Type-check frontend	2025-11-22T17:53:39.4615663Z   The type 'readonly [{ readonly month: "Ene"; readonly revenue: 380; readonly target: 400; }, { readonly month: "Feb"; readonly revenue: 395; readonly target: 400; }, { readonly month: "Mar"; readonly revenue: 410; readonly target: 400; }, { ...; }, { ...; }]' is 'readonly' and cannot be assigned to the mutable type 'any[]'.
Type Check Frontend	Type-check frontend	2025-11-22T17:53:39.4619819Z ##[error]src/components/CockpitSidebar.tsx(31,14): error TS2739: Type '{ key: string; dept: Department; isActive: boolean; onClick: () => void; darkMode: boolean; }' is missing the following properties from type 'DepartmentButtonProps': icon, palette
Type Check Frontend	Type-check frontend	2025-11-22T17:53:39.4623741Z ##[error]src/components/DepartmentSelector.tsx(65,25): error TS2322: Type 'ElementType<any, keyof IntrinsicElements>' is not assignable to type 'ComponentType<any>'.
Type Check Frontend	Type-check frontend	2025-11-22T17:53:39.4625705Z   Type 'string' is not assignable to type 'ComponentType<any>'.
Type Check Frontend	Type-check frontend	2025-11-22T17:53:39.4628891Z ##[error]src/components/EconeuraSidebar.tsx(92,19): error TS2322: Type '{ key: string; dept: Department; IconComp: ElementType<any, keyof IntrinsicElements>; isActive: boolean; onClick: () => void; }' is not assignable to type 'IntrinsicAttributes & DepartmentButtonProps'.
Type Check Frontend	Type-check frontend	2025-11-22T17:53:39.4631564Z   Property 'IconComp' does not exist on type 'IntrinsicAttributes & DepartmentButtonProps'.
Type Check Frontend	Type-check frontend	2025-11-22T17:53:39.4633839Z ##[error]src/components/EmotionalAgentCard.tsx(21,51): error TS2307: Cannot find module '../services/AgentMetricsService' or its corresponding type declarations.
Type Check Frontend	Type-check frontend	2025-11-22T17:53:39.4636505Z ##[error]src/components/ErrorBoundary.tsx(28,21): error TS2339: Property 'env' does not exist on type 'ImportMeta'.
Type Check Frontend	Type-check frontend	2025-11-22T17:53:39.4640180Z ##[error]src/components/ErrorBoundary.tsx(84,14): error TS2591: Cannot find name 'process'. Do you need to install type definitions for node? Try `npm i --save-dev @types/node` and then add 'node' to the types field in your tsconfig.
Type Check Frontend	Type-check frontend	2025-11-22T17:53:39.4643051Z ##[error]src/components/__tests__/ChatHistory.test.tsx(15,5): error TS2304: Cannot find name 'global'.
Type Check Frontend	Type-check frontend	2025-11-22T17:53:39.4645115Z ##[error]src/components/__tests__/ChatHistory.test.tsx(49,6): error TS2304: Cannot find name 'global'.
Type Check Frontend	Type-check frontend	2025-11-22T17:53:39.4647093Z ##[error]src/components/__tests__/ChatHistory.test.tsx(57,14): error TS2304: Cannot find name 'global'.
Type Check Frontend	Type-check frontend	2025-11-22T17:53:39.4649078Z ##[error]src/components/__tests__/ChatHistory.test.tsx(69,6): error TS2304: Cannot find name 'global'.
Type Check Frontend	Type-check frontend	2025-11-22T17:53:39.4651074Z ##[error]src/components/__tests__/ChatHistory.test.tsx(78,6): error TS2304: Cannot find name 'global'.
Type Check Frontend	Type-check frontend	2025-11-22T17:53:39.4653244Z ##[error]src/components/__tests__/ChatHistory.test.tsx(116,6): error TS2304: Cannot find name 'global'.
Type Check Frontend	Type-check frontend	2025-11-22T17:53:39.4655279Z ##[error]src/components/__tests__/ChatHistory.test.tsx(122,6): error TS2304: Cannot find name 'global'.
Type Check Frontend	Type-check frontend	2025-11-22T17:53:39.4657259Z ##[error]src/components/__tests__/ChatHistory.test.tsx(128,5): error TS2304: Cannot find name 'global'.
Type Check Frontend	Type-check frontend	2025-11-22T17:53:39.4659207Z ##[error]src/components/__tests__/ChatHistory.test.tsx(138,14): error TS2304: Cannot find name 'global'.
Type Check Frontend	Type-check frontend	2025-11-22T17:53:39.4661241Z ##[error]src/components/__tests__/ChatHistory.test.tsx(164,6): error TS2304: Cannot find name 'global'.
Type Check Frontend	Type-check frontend	2025-11-22T17:53:39.4663461Z ##[error]src/components/__tests__/ChatHistory.test.tsx(178,6): error TS2304: Cannot find name 'global'.
Type Check Frontend	Type-check frontend	2025-11-22T17:53:39.4665539Z ##[error]src/components/__tests__/ChatHistory.test.tsx(204,6): error TS2304: Cannot find name 'global'.
Type Check Frontend	Type-check frontend	2025-11-22T17:53:39.4669572Z ##[error]src/components/__tests__/ConnectAgentModal.test.tsx(14,9): error TS2322: Type '{ isOpen: true; agent: { id: string; title: string; }; onClose: Mock<Procedure>; onConnect: Mock<Procedure>; token: string; }' is not assignable to type 'IntrinsicAttributes & ConnectAgentModalProps'.
Type Check Frontend	Type-check frontend	2025-11-22T17:53:39.4672206Z   Property 'agent' does not exist on type 'IntrinsicAttributes & ConnectAgentModalProps'.
Type Check Frontend	Type-check frontend	2025-11-22T17:53:39.4675677Z ##[error]src/components/__tests__/ConnectAgentModal.test.tsx(28,9): error TS2322: Type '{ isOpen: false; agent: { id: string; title: string; }; onClose: Mock<Procedure>; onConnect: Mock<Procedure>; token: string; }' is not assignable to type 'IntrinsicAttributes & ConnectAgentModalProps'.
Type Check Frontend	Type-check frontend	2025-11-22T17:53:39.4678483Z   Property 'agent' does not exist on type 'IntrinsicAttributes & ConnectAgentModalProps'.
Type Check Frontend	Type-check frontend	2025-11-22T17:53:39.4681768Z ##[error]src/components/__tests__/ConnectAgentModal.test.tsx(42,9): error TS2322: Type '{ isOpen: true; agent: { id: string; title: string; }; onClose: Mock<Procedure>; onConnect: Mock<Procedure>; token: string; }' is not assignable to type 'IntrinsicAttributes & ConnectAgentModalProps'.
Type Check Frontend	Type-check frontend	2025-11-22T17:53:39.4684692Z   Property 'agent' does not exist on type 'IntrinsicAttributes & ConnectAgentModalProps'.
Type Check Frontend	Type-check frontend	2025-11-22T17:53:39.4687926Z ##[error]src/components/__tests__/ConnectAgentModal.test.tsx(58,9): error TS2322: Type '{ isOpen: true; agent: { id: string; title: string; }; onClose: Mock<Procedure>; onConnect: Mock<Procedure>; token: string; }' is not assignable to type 'IntrinsicAttributes & ConnectAgentModalProps'.
Type Check Frontend	Type-check frontend	2025-11-22T17:53:39.4690471Z   Property 'agent' does not exist on type 'IntrinsicAttributes & ConnectAgentModalProps'.
Type Check Frontend	Type-check frontend	2025-11-22T17:53:39.4693148Z ##[error]src/components/__tests__/CustomerPortal.test.tsx(10,23): error TS2322: Type '{ isOpen: boolean; onClose: Mock<Procedure>; token: string; }' is not assignable to type 'IntrinsicAttributes & CustomerPortalProps'.
Type Check Frontend	Type-check frontend	2025-11-22T17:53:39.4695484Z   Property 'isOpen' does not exist on type 'IntrinsicAttributes & CustomerPortalProps'.
Type Check Frontend	Type-check frontend	2025-11-22T17:53:39.4698019Z ##[error]src/components/__tests__/CustomerPortal.test.tsx(20,23): error TS2322: Type '{ isOpen: boolean; onClose: Mock<Procedure>; token: string; }' is not assignable to type 'IntrinsicAttributes & CustomerPortalProps'.
Type Check Frontend	Type-check frontend	2025-11-22T17:53:39.4700260Z   Property 'isOpen' does not exist on type 'IntrinsicAttributes & CustomerPortalProps'.
Type Check Frontend	Type-check frontend	2025-11-22T17:53:39.4702929Z ##[error]src/components/__tests__/CustomerPortal.test.tsx(28,23): error TS2322: Type '{ isOpen: boolean; onClose: Mock<Procedure>; token: string; }' is not assignable to type 'IntrinsicAttributes & CustomerPortalProps'.
Type Check Frontend	Type-check frontend	2025-11-22T17:53:39.4705207Z   Property 'isOpen' does not exist on type 'IntrinsicAttributes & CustomerPortalProps'.
Type Check Frontend	Type-check frontend	2025-11-22T17:53:39.4707691Z ##[error]src/components/__tests__/CustomerPortal.test.tsx(41,23): error TS2322: Type '{ isOpen: boolean; onClose: Mock<Procedure>; token: string; }' is not assignable to type 'IntrinsicAttributes & CustomerPortalProps'.
Type Check Frontend	Type-check frontend	2025-11-22T17:53:39.4709945Z   Property 'isOpen' does not exist on type 'IntrinsicAttributes & CustomerPortalProps'.
Type Check Frontend	Type-check frontend	2025-11-22T17:53:39.4712588Z ##[error]src/components/__tests__/CustomerPortal.test.tsx(56,23): error TS2322: Type '{ isOpen: boolean; onClose: Mock<Procedure>; token: string; }' is not assignable to type 'IntrinsicAttributes & CustomerPortalProps'.
Type Check Frontend	Type-check frontend	2025-11-22T17:53:39.4714843Z   Property 'isOpen' does not exist on type 'IntrinsicAttributes & CustomerPortalProps'.
Type Check Frontend	Type-check frontend	2025-11-22T17:53:39.4717361Z ##[error]src/components/__tests__/CustomerPortal.test.tsx(71,23): error TS2322: Type '{ isOpen: boolean; onClose: Mock<Procedure>; token: string; }' is not assignable to type 'IntrinsicAttributes & CustomerPortalProps'.
Type Check Frontend	Type-check frontend	2025-11-22T17:53:39.4719621Z   Property 'isOpen' does not exist on type 'IntrinsicAttributes & CustomerPortalProps'.
Type Check Frontend	Type-check frontend	2025-11-22T17:53:39.4721550Z ##[error]src/components/__tests__/LanguageSelector.test.tsx(3,34): error TS2307: Cannot find module '../LanguageSelector' or its corresponding type declarations.
Type Check Frontend	Type-check frontend	2025-11-22T17:53:39.4724077Z ##[error]src/config/api.ts(8,19): error TS2339: Property 'env' does not exist on type 'ImportMeta'.
Type Check Frontend	Type-check frontend	2025-11-22T17:53:39.4726076Z ##[error]src/config/api.ts(9,24): error TS2339: Property 'env' does not exist on type 'ImportMeta'.
Type Check Frontend	Type-check frontend	2025-11-22T17:53:39.4728124Z ##[error]src/hooks/useAnalytics.ts(53,21): error TS2339: Property 'env' does not exist on type 'ImportMeta'.
Type Check Frontend	Type-check frontend	2025-11-22T17:53:39.4730225Z ##[error]src/hooks/useAnalytics.ts(59,21): error TS2339: Property 'env' does not exist on type 'ImportMeta'.
Type Check Frontend	Type-check frontend	2025-11-22T17:53:39.4732320Z ##[error]src/hooks/useAnalytics.ts(115,19): error TS2339: Property 'env' does not exist on type 'ImportMeta'.
Type Check Frontend	Type-check frontend	2025-11-22T17:53:39.4734915Z ##[error]src/hooks/useAnalytics.ts(131,19): error TS2339: Property 'env' does not exist on type 'ImportMeta'.
Type Check Frontend	Type-check frontend	2025-11-22T17:53:39.4737013Z ##[error]src/hooks/useCRMData.ts(134,27): error TS2339: Property 'env' does not exist on type 'ImportMeta'.
Type Check Frontend	Type-check frontend	2025-11-22T17:53:39.4739092Z ##[error]src/hooks/useCRMData.ts(181,23): error TS2339: Property 'env' does not exist on type 'ImportMeta'.
Type Check Frontend	Type-check frontend	2025-11-22T17:53:39.4741109Z ##[error]src/hooks/useCRMLeads.ts(54,26): error TS2339: Property 'id' does not exist on type 'object'.
Type Check Frontend	Type-check frontend	2025-11-22T17:53:39.4743374Z ##[error]src/hooks/useCRMLeads.ts(54,37): error TS2339: Property 'lead_id' does not exist on type 'object'.
Type Check Frontend	Type-check frontend	2025-11-22T17:53:39.4744766Z ##[error]src/hooks/useCRMLeads.ts(60,21): error TS2339: Property 'env' does not exist on type 'ImportMeta'.
Type Check Frontend	Type-check frontend	2025-11-22T17:53:39.4746013Z ##[error]src/hooks/useCRMLeads.ts(70,23): error TS2339: Property 'name' does not exist on type 'object'.
Type Check Frontend	Type-check frontend	2025-11-22T17:53:39.4747264Z ##[error]src/hooks/useCRMLeads.ts(70,36): error TS2339: Property 'lead_name' does not exist on type 'object'.
Type Check Frontend	Type-check frontend	2025-11-22T17:53:39.4748513Z ##[error]src/hooks/useCRMLeads.ts(71,26): error TS2339: Property 'company' does not exist on type 'object'.
Type Check Frontend	Type-check frontend	2025-11-22T17:53:39.4749813Z ##[error]src/hooks/useCRMLeads.ts(71,42): error TS2339: Property 'company_name' does not exist on type 'object'.
Type Check Frontend	Type-check frontend	2025-11-22T17:53:39.4751085Z ##[error]src/hooks/useCRMLeads.ts(72,24): error TS2339: Property 'score' does not exist on type 'object'.
Type Check Frontend	Type-check frontend	2025-11-22T17:53:39.4752343Z ##[error]src/hooks/useCRMLeads.ts(72,76): error TS2339: Property 'score' does not exist on type 'object'.
Type Check Frontend	Type-check frontend	2025-11-22T17:53:39.4753894Z ##[error]src/hooks/useCRMLeads.ts(73,19): error TS2339: Property 'lead_score' does not exist on type 'object'.
Type Check Frontend	Type-check frontend	2025-11-22T17:53:39.4755171Z ##[error]src/hooks/useCRMLeads.ts(73,76): error TS2339: Property 'lead_score' does not exist on type 'object'.
Type Check Frontend	Type-check frontend	2025-11-22T17:53:39.4756432Z ##[error]src/hooks/useCRMLeads.ts(74,25): error TS2339: Property 'status' does not exist on type 'object'.
Type Check Frontend	Type-check frontend	2025-11-22T17:53:39.4757711Z ##[error]src/hooks/useCRMLeads.ts(74,40): error TS2339: Property 'lead_status' does not exist on type 'object'.
Type Check Frontend	Type-check frontend	2025-11-22T17:53:39.4758958Z ##[error]src/hooks/useCRMLeads.ts(75,24): error TS2339: Property 'owner' does not exist on type 'object'.
Type Check Frontend	Type-check frontend	2025-11-22T17:53:39.4760254Z ##[error]src/hooks/useCRMLeads.ts(75,38): error TS2339: Property 'assigned_agent' does not exist on type 'object'.
Type Check Frontend	Type-check frontend	2025-11-22T17:53:39.4761518Z ##[error]src/hooks/useCRMLeads.ts(76,23): error TS2339: Property 'last' does not exist on type 'object'.
Type Check Frontend	Type-check frontend	2025-11-22T17:53:39.4763202Z ##[error]src/hooks/useCRMLeads.ts(76,36): error TS2339: Property 'last_contact' does not exist on type 'object'.
Type Check Frontend	Type-check frontend	2025-11-22T17:53:39.4764624Z ##[error]src/hooks/useCRMLeads.ts(76,57): error TS2339: Property 'updated_at' does not exist on type 'object'.
Type Check Frontend	Type-check frontend	2025-11-22T17:53:39.4765887Z ##[error]src/hooks/useCRMLeads.ts(77,17): error TS2339: Property 'email' does not exist on type 'object'.
Type Check Frontend	Type-check frontend	2025-11-22T17:53:39.4767108Z ##[error]src/hooks/useCRMLeads.ts(77,37): error TS2339: Property 'email' does not exist on type 'object'.
Type Check Frontend	Type-check frontend	2025-11-22T17:53:39.4768340Z ##[error]src/hooks/useCRMLeads.ts(78,17): error TS2339: Property 'phone' does not exist on type 'object'.
Type Check Frontend	Type-check frontend	2025-11-22T17:53:39.4769559Z ##[error]src/hooks/useCRMLeads.ts(78,37): error TS2339: Property 'phone' does not exist on type 'object'.
Type Check Frontend	Type-check frontend	2025-11-22T17:53:39.4770769Z ##[error]src/hooks/useCRMLeads.ts(79,18): error TS2339: Property 'sector' does not exist on type 'object'.
Type Check Frontend	Type-check frontend	2025-11-22T17:53:39.4771993Z ##[error]src/hooks/useCRMLeads.ts(79,39): error TS2339: Property 'sector' does not exist on type 'object'.
Type Check Frontend	Type-check frontend	2025-11-22T17:53:39.4773538Z ##[error]src/hooks/useCRMLeads.ts(80,18): error TS2339: Property 'source' does not exist on type 'object'.
Type Check Frontend	Type-check frontend	2025-11-22T17:53:39.4774762Z ##[error]src/hooks/useCRMLeads.ts(80,39): error TS2339: Property 'source' does not exist on type 'object'.
Type Check Frontend	Type-check frontend	2025-11-22T17:53:39.4775993Z ##[error]src/hooks/useCRMLeads.ts(135,27): error TS2339: Property 'env' does not exist on type 'ImportMeta'.
Type Check Frontend	Type-check frontend	2025-11-22T17:53:39.4777441Z ##[error]src/hooks/useCRMLeads.ts(175,23): error TS2339: Property 'env' does not exist on type 'ImportMeta'.
Type Check Frontend	Type-check frontend	2025-11-22T17:53:39.4778556Z ##[error]src/hooks/useChat.test.ts(6,1): error TS2304: Cannot find name 'global'.
Type Check Frontend	Type-check frontend	2025-11-22T17:53:39.4779601Z ##[error]src/hooks/useChat.test.ts(11,6): error TS2304: Cannot find name 'global'.
Type Check Frontend	Type-check frontend	2025-11-22T17:53:39.4780988Z ##[error]src/hooks/useChat.test.ts(15,49): error TS2345: Argument of type 'string' is not assignable to parameter of type 'UseChatOptions'.
Type Check Frontend	Type-check frontend	2025-11-22T17:53:39.4782826Z ##[error]src/hooks/useChat.test.ts(29,49): error TS2345: Argument of type 'string' is not assignable to parameter of type 'UseChatOptions'.
Type Check Frontend	Type-check frontend	2025-11-22T17:53:39.4784382Z ##[error]src/hooks/useChat.test.ts(41,49): error TS2345: Argument of type 'string' is not assignable to parameter of type 'UseChatOptions'.
Type Check Frontend	Type-check frontend	2025-11-22T17:53:39.4785901Z ##[error]src/hooks/useChat.test.ts(51,49): error TS2345: Argument of type 'string' is not assignable to parameter of type 'UseChatOptions'.
Type Check Frontend	Type-check frontend	2025-11-22T17:53:39.4787404Z ##[error]src/hooks/useChat.test.ts(61,49): error TS2345: Argument of type 'string' is not assignable to parameter of type 'UseChatOptions'.
Type Check Frontend	Type-check frontend	2025-11-22T17:53:39.4788593Z ##[error]src/hooks/useChat.test.ts(66,6): error TS2304: Cannot find name 'global'.
Type Check Frontend	Type-check frontend	2025-11-22T17:53:39.4789941Z ##[error]src/hooks/useChat.test.ts(75,49): error TS2345: Argument of type 'string' is not assignable to parameter of type 'UseChatOptions'.
Type Check Frontend	Type-check frontend	2025-11-22T17:53:39.4791127Z ##[error]src/hooks/useChat.test.ts(86,6): error TS2304: Cannot find name 'global'.
Type Check Frontend	Type-check frontend	2025-11-22T17:53:39.4792711Z ##[error]src/hooks/useChat.test.ts(88,49): error TS2345: Argument of type 'string' is not assignable to parameter of type 'UseChatOptions'.
Type Check Frontend	Type-check frontend	2025-11-22T17:53:39.4793971Z ##[error]src/hooks/useChat.test.ts(99,6): error TS2304: Cannot find name 'global'.
Type Check Frontend	Type-check frontend	2025-11-22T17:53:39.4795328Z ##[error]src/hooks/useChat.test.ts(106,49): error TS2345: Argument of type 'string' is not assignable to parameter of type 'UseChatOptions'.
Type Check Frontend	Type-check frontend	2025-11-22T17:53:39.4796848Z ##[error]src/hooks/useChat.test.ts(116,49): error TS2345: Argument of type 'string' is not assignable to parameter of type 'UseChatOptions'.
Type Check Frontend	Type-check frontend	2025-11-22T17:53:39.4798049Z ##[error]src/hooks/useChat.test.ts(122,12): error TS2304: Cannot find name 'global'.
Type Check Frontend	Type-check frontend	2025-11-22T17:53:39.4799403Z ##[error]src/hooks/useChat.test.ts(129,51): error TS2345: Argument of type 'string' is not assignable to parameter of type 'UseChatOptions'.
Type Check Frontend	Type-check frontend	2025-11-22T17:53:39.4801105Z ##[error]src/hooks/useChatOperations.ts(126,13): error TS7034: Variable 'references' implicitly has type 'any[]' in some locations where its type cannot be determined.
Type Check Frontend	Type-check frontend	2025-11-22T17:53:39.4802701Z ##[error]src/hooks/useChatOperations.ts(182,23): error TS7005: Variable 'references' implicitly has an 'any[]' type.
Type Check Frontend	Type-check frontend	2025-11-22T17:53:39.4804054Z ##[error]src/hooks/useChatOperations.ts(195,23): error TS7005: Variable 'references' implicitly has an 'any[]' type.
Type Check Frontend	Type-check frontend	2025-11-22T17:53:39.4805359Z ##[error]src/hooks/useChatOperations.ts(209,23): error TS2339: Property 'env' does not exist on type 'ImportMeta'.
Type Check Frontend	Type-check frontend	2025-11-22T17:53:39.4806658Z ##[error]src/hooks/useErrorHandler.ts(25,21): error TS2339: Property 'env' does not exist on type 'ImportMeta'.
Type Check Frontend	Type-check frontend	2025-11-22T17:53:39.4807932Z ##[error]src/hooks/useErrorHandler.ts(36,23): error TS2339: Property 'env' does not exist on type 'ImportMeta'.
Type Check Frontend	Type-check frontend	2025-11-22T17:53:39.4809522Z ##[error]src/hooks/useMultiActorChat.ts(3,10): error TS2724: '"../utils/auth"' has no exported member named 'getAuthHeaders'. Did you mean 'getAuthHeader'?
Type Check Frontend	Type-check frontend	2025-11-22T17:53:39.4810870Z ##[error]src/hooks/useVoiceService.ts(21,33): error TS2304: Cannot find name 'SpeechRecognition'.
Type Check Frontend	Type-check frontend	2025-11-22T17:53:39.4812110Z ##[error]src/hooks/useVoiceService.ts(44,42): error TS7006: Parameter 'event' implicitly has an 'any' type.
Type Check Frontend	Type-check frontend	2025-11-22T17:53:39.4813522Z ##[error]src/hooks/useVoiceService.ts(62,41): error TS7006: Parameter 'event' implicitly has an 'any' type.
Type Check Frontend	Type-check frontend	2025-11-22T17:53:39.4815442Z ##[error]src/main.tsx(9,7): error TS2591: Cannot find name 'process'. Do you need to install type definitions for node? Try `npm i --save-dev @types/node` and then add 'node' to the types field in your tsconfig.
Type Check Frontend	Type-check frontend	2025-11-22T17:53:39.4817688Z ##[error]src/sentry.ts(27,11): error TS2353: Object literal may only specify known properties, and 'tracePropagationTargets' does not exist in type 'Partial<BrowserTracingOptions>'.
Type Check Frontend	Type-check frontend	2025-11-22T17:53:39.4820209Z ##[error]src/services/NeuraAgentIntegration.ts(65,28): error TS7053: Element implicitly has an 'any' type because expression of type 'string' can't be used to index type '{ 'NEURA CEO': string[]; 'NEURA CFO': string[]; 'NEURA CMO': string[]; 'NEURA CTO': string[]; 'NEURA CHRO': string[]; }'.
Type Check Frontend	Type-check frontend	2025-11-22T17:53:39.4822133Z   No index signature with a parameter of type 'string' was found on type '{ 'NEURA CEO': string[]; 'NEURA CFO': string[]; 'NEURA CMO': string[]; 'NEURA CTO': string[]; 'NEURA CHRO': string[]; }'.
Type Check Frontend	Type-check frontend	2025-11-22T17:53:39.4823404Z ##[error]src/services/NeuraAgentIntegration.ts(66,51): error TS7006: Parameter 'keyword' implicitly has an 'any' type.
Type Check Frontend	Type-check frontend	2025-11-22T17:53:39.4827836Z ##[error]src/services/NeuraAgentIntegration.ts(95,28): error TS7053: Element implicitly has an 'any' type because expression of type 'string' can't be used to index type '{ 'NEURA CEO': { estrategia: number; visiÃ³n: number; objetivo: number; liderazgo: number; decisiÃ³n: number; ejecutivo: number; }; 'NEURA CFO': { presupuesto: number; costo: number; inversiÃ³n: number; roi: number; financiero: number; econÃ³mico: number; }; 'NEURA CMO': { ...; }; 'NEURA CTO': { ...; }; 'NEURA CHRO': { ...'.
Type Check Frontend	Type-check frontend	2025-11-22T17:53:39.4831199Z   No index signature with a parameter of type 'string' was found on type '{ 'NEURA CEO': { estrategia: number; visiÃ³n: number; objetivo: number; liderazgo: number; decisiÃ³n: number; ejecutivo: number; }; 'NEURA CFO': { presupuesto: number; costo: number; inversiÃ³n: number; roi: number; financiero: number; econÃ³mico: number; }; 'NEURA CMO': { ...; }; 'NEURA CTO': { ...; }; 'NEURA CHRO': { ...'.
Type Check Frontend	Type-check frontend	2025-11-22T17:53:39.4833010Z ##[error]src/services/NeuraAgentIntegration.ts(100,23): error TS18046: 'weight' is of type 'unknown'.
Type Check Frontend	Type-check frontend	2025-11-22T17:53:39.4836715Z ##[error]src/services/NeuraAgentIntegration.ts(158,23): error TS7053: Element implicitly has an 'any' type because expression of type 'string' can't be used to index type '{ 'NEURA CEO': { estrategia: string[]; liderazgo: string[]; decisiÃ³n: string[]; }; 'NEURA CFO': { presupuesto: string[]; inversiÃ³n: string[]; anÃ¡lisis: string[]; }; 'NEURA CMO': { marketing: string[]; cliente: string[]; ventas: string[]; }; 'NEURA CTO': { ...; }; 'NEURA CHRO': { ...; }; }'.
Type Check Frontend	Type-check frontend	2025-11-22T17:53:39.4839785Z   No index signature with a parameter of type 'string' was found on type '{ 'NEURA CEO': { estrategia: string[]; liderazgo: string[]; decisiÃ³n: string[]; }; 'NEURA CFO': { presupuesto: string[]; inversiÃ³n: string[]; anÃ¡lisis: string[]; }; 'NEURA CMO': { marketing: string[]; cliente: string[]; ventas: string[]; }; 'NEURA CTO': { ...; }; 'NEURA CHRO': { ...; }; }'.
Type Check Frontend	Type-check frontend	2025-11-22T17:53:39.4841771Z ##[error]src/services/NeuraAgentIntegration.ts(163,31): error TS2488: Type 'unknown' must have a '[Symbol.iterator]()' method that returns an iterator.
Type Check Frontend	Type-check frontend	2025-11-22T17:53:39.4844482Z ##[error]src/services/NeuraAgentIntegration.ts(176,12): error TS7053: Element implicitly has an 'any' type because expression of type 'string' can't be used to index type '{ 'NEURA CEO': string[]; 'NEURA CFO': string[]; 'NEURA CMO': string[]; 'NEURA CTO': string[]; 'NEURA CHRO': string[]; }'.
Type Check Frontend	Type-check frontend	2025-11-22T17:53:39.4846271Z   No index signature with a parameter of type 'string' was found on type '{ 'NEURA CEO': string[]; 'NEURA CFO': string[]; 'NEURA CMO': string[]; 'NEURA CTO': string[]; 'NEURA CHRO': string[]; }'.
Type Check Frontend	Type-check frontend	2025-11-22T17:53:39.4848356Z ##[error]src/services/NeuraAgentIntegration.ts(245,19): error TS7053: Element implicitly has an 'any' type because expression of type 'string' can't be used to index type '{ 'NEURA CEO': string; 'NEURA CFO': string; 'NEURA CMO': string; 'NEURA CTO': string; 'NEURA CHRO': string; }'.
Type Check Frontend	Type-check frontend	2025-11-22T17:53:39.4850093Z   No index signature with a parameter of type 'string' was found on type '{ 'NEURA CEO': string; 'NEURA CFO': string; 'NEURA CMO': string; 'NEURA CTO': string; 'NEURA CHRO': string; }'.
Type Check Frontend	Type-check frontend	2025-11-22T17:53:39.4851172Z ##[error]src/test/setup.ts(30,1): error TS2304: Cannot find name 'global'.
Type Check Frontend	Type-check frontend	2025-11-22T17:53:39.4852177Z ##[error]src/test/setup.ts(39,1): error TS2304: Cannot find name 'global'.
Type Check Frontend	Type-check frontend	2025-11-22T17:53:39.4853327Z ##[error]src/test/setup.ts(46,1): error TS2304: Cannot find name 'global'.
Type Check Frontend	Type-check frontend	2025-11-22T17:53:39.4854470Z ##[error]src/test/setup.ts(49,1): error TS2304: Cannot find name 'global'.
Type Check Frontend	Type-check frontend	2025-11-22T17:53:39.4855456Z ##[error]src/test/setup.ts(50,1): error TS2304: Cannot find name 'global'.
Type Check Frontend	Type-check frontend	2025-11-22T17:53:39.4856459Z ##[error]src/test/setup.ts(53,1): error TS2304: Cannot find name 'global'.
Type Check Frontend	Type-check frontend	2025-11-22T17:53:39.4857456Z ##[error]src/test/setup.ts(56,1): error TS2304: Cannot find name 'global'.
Type Check Frontend	Type-check frontend	2025-11-22T17:53:39.4858440Z ##[error]src/test/setup.ts(57,1): error TS2304: Cannot find name 'global'.
Type Check Frontend	Type-check frontend	2025-11-22T17:53:39.4859515Z ##[error]src/test/setup.ts(60,12): error TS2304: Cannot find name 'global'.
Type Check Frontend	Type-check frontend	2025-11-22T17:53:39.4860796Z ##[error]src/test/setup.ts(61,3): error TS2304: Cannot find name 'global'.
Type Check Frontend	Type-check frontend	2025-11-22T17:53:39.4862708Z ##[error]src/test/setup.ts(64,12): error TS2304: Cannot find name 'global'.
Type Check Frontend	Type-check frontend	2025-11-22T17:53:39.4864616Z ##[error]src/test/setup.ts(65,3): error TS2304: Cannot find name 'global'.
Type Check Frontend	Type-check frontend	2025-11-22T17:53:39.4866590Z ##[error]src/test/setup.ts(69,1): error TS2304: Cannot find name 'global'.
Type Check Frontend	Type-check frontend	2025-11-22T17:53:39.4868544Z ##[error]src/test/setup.ts(72,12): error TS2304: Cannot find name 'global'.
Type Check Frontend	Type-check frontend	2025-11-22T17:53:39.4870509Z ##[error]src/test/setup.ts(73,3): error TS2304: Cannot find name 'global'.
Type Check Frontend	Type-check frontend	2025-11-22T17:53:39.4873344Z ##[error]src/test/setup.ts(77,12): error TS2304: Cannot find name 'global'.
Type Check Frontend	Type-check frontend	2025-11-22T17:53:39.4875273Z ##[error]src/test/setup.ts(78,3): error TS2304: Cannot find name 'global'.
Type Check Frontend	Type-check frontend	2025-11-22T17:53:39.4877141Z ##[error]src/test/setup.ts(82,23): error TS2304: Cannot find name 'global'.
Type Check Frontend	Type-check frontend	2025-11-22T17:53:39.4879046Z ##[error]src/test/setup.ts(89,23): error TS2304: Cannot find name 'global'.
Type Check Frontend	Type-check frontend	2025-11-22T17:53:39.4881352Z ##[error]src/tests/hooks/useFuzzySearch.test.ts(53,39): error TS2339: Property 'deptName' does not exist on type 'Agent'.
Type Check Frontend	Type-check frontend	2025-11-22T17:53:39.4884044Z ##[error]src/tests/integration/cockpit-flow.test.tsx(8,1): error TS2304: Cannot find name 'global'.
Type Check Frontend	Type-check frontend	2025-11-22T17:53:39.4886323Z ##[error]src/types/agent.ts(49,13): error TS2304: Cannot find name 'ChatMessage'.
Type Check Frontend	Type-check frontend	2025-11-22T17:53:39.4889905Z ##[error]src/utils/apiUrl.ts(25,12): error TS2591: Cannot find name 'process'. Do you need to install type definitions for node? Try `npm i --save-dev @types/node` and then add 'node' to the types field in your tsconfig.
Type Check Frontend	Type-check frontend	2025-11-22T17:53:39.4893389Z ##[error]src/utils/auth.ts(6,27): error TS2307: Cannot find module 'jwt-decode' or its corresponding type declarations.
Type Check Frontend	Type-check frontend	2025-11-22T17:53:39.4895876Z ##[error]src/utils/auth.ts(141,49): error TS2339: Property 'env' does not exist on type 'ImportMeta'.
Type Check Frontend	Type-check frontend	2025-11-22T17:53:39.4898224Z ##[error]src/utils/auth.ts(195,34): error TS2339: Property 'env' does not exist on type 'ImportMeta'.
Type Check Frontend	Type-check frontend	2025-11-22T17:53:39.4900690Z ##[error]src/utils/monitoring.ts(35,21): error TS2339: Property 'env' does not exist on type 'ImportMeta'.
Type Check Frontend	Type-check frontend	2025-11-22T17:53:39.4904743Z ##[error]src/utils/monitoring.ts(38,11): error TS2591: Cannot find name 'process'. Do you need to install type definitions for node? Try `npm i --save-dev @types/node` and then add 'node' to the types field in your tsconfig.
Type Check Frontend	Type-check frontend	2025-11-22T17:53:39.4907852Z ##[error]src/utils/monitoring.ts(44,21): error TS2339: Property 'env' does not exist on type 'ImportMeta'.
Type Check Frontend	Type-check frontend	2025-11-22T17:53:39.4910421Z ##[error]src/utils/monitoring.ts(76,34): error TS2339: Property 'env' does not exist on type 'ImportMeta'.
Type Check Frontend	Type-check frontend	2025-11-22T17:53:39.4913021Z ##[error]src/utils/monitoring.ts(109,23): error TS18046: 'memory' is of type 'unknown'.
Type Check Frontend	Type-check frontend	2025-11-22T17:53:39.4915255Z ##[error]src/utils/monitoring.ts(110,24): error TS18046: 'memory' is of type 'unknown'.
Type Check Frontend	Type-check frontend	2025-11-22T17:53:39.4917771Z ##[error]src/utils/monitoring.ts(111,24): error TS18046: 'memory' is of type 'unknown'.
Type Check Frontend	Type-check frontend	2025-11-22T17:53:39.4919966Z ##[error]src/utils/monitoring.ts(112,22): error TS18046: 'memory' is of type 'unknown'.
Type Check Frontend	Type-check frontend	2025-11-22T17:53:39.4922109Z ##[error]src/utils/monitoring.ts(112,46): error TS18046: 'memory' is of type 'unknown'.
Type Check Frontend	Type-check frontend	2025-11-22T17:53:39.4925130Z ##[error]src/utils/monitoring.ts(132,54): error TS2339: Property 'domLoading' does not exist on type 'PerformanceNavigationTiming'.
Type Check Frontend	Type-check frontend	2025-11-22T17:53:39.4927474Z npm error Lifecycle script `typecheck` failed with error:
Type Check Frontend	Type-check frontend	2025-11-22T17:53:39.4928081Z npm error code 2
Type Check Frontend	Type-check frontend	2025-11-22T17:53:39.4928797Z npm error path /home/runner/work/ECONEURA/ECONEURA/packages/frontend
Type Check Frontend	Type-check frontend	2025-11-22T17:53:39.4929547Z npm error workspace @econeura/web@0.0.1
Type Check Frontend	Type-check frontend	2025-11-22T17:53:39.4930354Z npm error location /home/runner/work/ECONEURA/ECONEURA/packages/frontend
Type Check Frontend	Type-check frontend	2025-11-22T17:53:39.4930977Z npm error command failed
Type Check Frontend	Type-check frontend	2025-11-22T17:53:39.4931416Z npm error command sh -c tsc --noEmit
Type Check Frontend	Type-check frontend	2025-11-22T17:53:39.5037734Z ##[error]Process completed with exit code 2.
Type Check Frontend	Post Checkout	ï»¿2025-11-22T17:53:39.5131189Z Post job cleanup.
Type Check Frontend	Post Checkout	2025-11-22T17:53:39.5903610Z [command]/usr/bin/git version
Type Check Frontend	Post Checkout	2025-11-22T17:53:39.5970821Z git version 2.51.2
Type Check Frontend	Post Checkout	2025-11-22T17:53:39.6009743Z Temporarily overriding HOME='/home/runner/work/_temp/ccf7591f-1952-4360-a446-f36effa46613' before making global git config changes
Type Check Frontend	Post Checkout	2025-11-22T17:53:39.6011216Z Adding repository directory to the temporary git global config as a safe directory
Type Check Frontend	Post Checkout	2025-11-22T17:53:39.6016154Z [command]/usr/bin/git config --global --add safe.directory /home/runner/work/ECONEURA/ECONEURA
Type Check Frontend	Post Checkout	2025-11-22T17:53:39.6047496Z Removing SSH command configuration
Type Check Frontend	Post Checkout	2025-11-22T17:53:39.6054215Z [command]/usr/bin/git config --local --name-only --get-regexp core\.sshCommand
Type Check Frontend	Post Checkout	2025-11-22T17:53:39.6087228Z [command]/usr/bin/git submodule foreach --recursive sh -c "git config --local --name-only --get-regexp 'core\.sshCommand' && git config --local --unset-all 'core.sshCommand' || :"
Type Check Frontend	Post Checkout	2025-11-22T17:53:39.6305535Z Removing HTTP extra header
Type Check Frontend	Post Checkout	2025-11-22T17:53:39.6310591Z [command]/usr/bin/git config --local --name-only --get-regexp http\.https\:\/\/github\.com\/\.extraheader
Type Check Frontend	Post Checkout	2025-11-22T17:53:39.6341926Z [command]/usr/bin/git submodule foreach --recursive sh -c "git config --local --name-only --get-regexp 'http\.https\:\/\/github\.com\/\.extraheader' && git config --local --unset-all 'http.https://github.com/.extraheader' || :"
Type Check Frontend	Post Checkout	2025-11-22T17:53:39.6559234Z Removing includeIf entries pointing to credentials config files
Type Check Frontend	Post Checkout	2025-11-22T17:53:39.6568544Z [command]/usr/bin/git config --local --name-only --get-regexp ^includeIf\.gitdir:
Type Check Frontend	Post Checkout	2025-11-22T17:53:39.6591644Z includeif.gitdir:/home/runner/work/ECONEURA/ECONEURA/.git.path
Type Check Frontend	Post Checkout	2025-11-22T17:53:39.6592685Z includeif.gitdir:/github/workspace/.git.path
Type Check Frontend	Post Checkout	2025-11-22T17:53:39.6603879Z [command]/usr/bin/git config --local --get-all includeif.gitdir:/home/runner/work/ECONEURA/ECONEURA/.git.path
Type Check Frontend	Post Checkout	2025-11-22T17:53:39.6625653Z /home/runner/work/_temp/git-credentials-5c133bab-e336-4dca-8d66-acf95c1d4ffd.config
Type Check Frontend	Post Checkout	2025-11-22T17:53:39.6638760Z [command]/usr/bin/git config --local --unset includeif.gitdir:/home/runner/work/ECONEURA/ECONEURA/.git.path /home/runner/work/_temp/git-credentials-5c133bab-e336-4dca-8d66-acf95c1d4ffd.config
Type Check Frontend	Post Checkout	2025-11-22T17:53:39.6670296Z [command]/usr/bin/git config --local --get-all includeif.gitdir:/github/workspace/.git.path
Type Check Frontend	Post Checkout	2025-11-22T17:53:39.6690684Z /github/runner_temp/git-credentials-5c133bab-e336-4dca-8d66-acf95c1d4ffd.config
Type Check Frontend	Post Checkout	2025-11-22T17:53:39.6699943Z [command]/usr/bin/git config --local --unset includeif.gitdir:/github/workspace/.git.path /github/runner_temp/git-credentials-5c133bab-e336-4dca-8d66-acf95c1d4ffd.config
Type Check Frontend	Post Checkout	2025-11-22T17:53:39.6729642Z [command]/usr/bin/git submodule foreach --recursive git config --local --show-origin --name-only --get-regexp remote.origin.url
Type Check Frontend	Post Checkout	2025-11-22T17:53:39.6937996Z Removing credentials config '/home/runner/work/_temp/git-credentials-5c133bab-e336-4dca-8d66-acf95c1d4ffd.config'
Type Check Frontend	Complete job	ï»¿2025-11-22T17:53:39.7056447Z Cleaning up orphan processes
Test Frontend	Set up job	ï»¿2025-11-22T17:53:05.5910400Z Current runner version: '2.329.0'
Test Frontend	Set up job	2025-11-22T17:53:05.5936216Z ##[group]Runner Image Provisioner
Test Frontend	Set up job	2025-11-22T17:53:05.5937108Z Hosted Compute Agent
Test Frontend	Set up job	2025-11-22T17:53:05.5937637Z Version: 20251016.436
Test Frontend	Set up job	2025-11-22T17:53:05.5938555Z Commit: 8ab8ac8bfd662a3739dab9fe09456aba92132568
Test Frontend	Set up job	2025-11-22T17:53:05.5939324Z Build Date: 2025-10-15T20:44:12Z
Test Frontend	Set up job	2025-11-22T17:53:05.5939943Z ##[endgroup]
Test Frontend	Set up job	2025-11-22T17:53:05.5940433Z ##[group]Operating System
Test Frontend	Set up job	2025-11-22T17:53:05.5941042Z Ubuntu
Test Frontend	Set up job	2025-11-22T17:53:05.5941521Z 24.04.3
Test Frontend	Set up job	2025-11-22T17:53:05.5942029Z LTS
Test Frontend	Set up job	2025-11-22T17:53:05.5942442Z ##[endgroup]
Test Frontend	Set up job	2025-11-22T17:53:05.5943050Z ##[group]Runner Image
Test Frontend	Set up job	2025-11-22T17:53:05.5943604Z Image: ubuntu-24.04
Test Frontend	Set up job	2025-11-22T17:53:05.5944061Z Version: 20251112.124.1
Test Frontend	Set up job	2025-11-22T17:53:05.5945247Z Included Software: https://github.com/actions/runner-images/blob/ubuntu24/20251112.124/images/ubuntu/Ubuntu2404-Readme.md
Test Frontend	Set up job	2025-11-22T17:53:05.5946604Z Image Release: https://github.com/actions/runner-images/releases/tag/ubuntu24%2F20251112.124
Test Frontend	Set up job	2025-11-22T17:53:05.5947896Z ##[endgroup]
Test Frontend	Set up job	2025-11-22T17:53:05.5949087Z ##[group]GITHUB_TOKEN Permissions
Test Frontend	Set up job	2025-11-22T17:53:05.5951224Z Contents: read
Test Frontend	Set up job	2025-11-22T17:53:05.5951788Z Metadata: read
Test Frontend	Set up job	2025-11-22T17:53:05.5952262Z Packages: read
Test Frontend	Set up job	2025-11-22T17:53:05.5952853Z ##[endgroup]
Test Frontend	Set up job	2025-11-22T17:53:05.5955260Z Secret source: Actions
Test Frontend	Set up job	2025-11-22T17:53:05.5956279Z Prepare workflow directory
Test Frontend	Set up job	2025-11-22T17:53:05.6333399Z Prepare all required actions
Test Frontend	Set up job	2025-11-22T17:53:05.6370939Z Getting action download info
Test Frontend	Set up job	2025-11-22T17:53:05.9193225Z Download action repository 'actions/checkout@v6' (SHA:1af3b93b6815bc44a9784bd300feb67ff0d1eeb3)
Test Frontend	Set up job	2025-11-22T17:53:06.2428977Z Download action repository 'actions/setup-node@v6' (SHA:2028fbc5c25fe9cf00d9f06a71cc4710d4507903)
Test Frontend	Set up job	2025-11-22T17:53:06.3871813Z Download action repository 'codecov/codecov-action@v5' (SHA:5a1091511ad55cbe89839c7260b706298ca349f7)
Test Frontend	Set up job	2025-11-22T17:53:06.8499776Z Getting action download info
Test Frontend	Set up job	2025-11-22T17:53:06.9729564Z Download action repository 'actions/github-script@60a0d83039c74a4aee543508d2ffcb1c3799cdea' (SHA:60a0d83039c74a4aee543508d2ffcb1c3799cdea)
Test Frontend	Set up job	2025-11-22T17:53:07.2952654Z Complete job name: Test Frontend
Test Frontend	Checkout	ï»¿2025-11-22T17:53:07.3718439Z ##[group]Run actions/checkout@v6
Test Frontend	Checkout	2025-11-22T17:53:07.3719834Z with:
Test Frontend	Checkout	2025-11-22T17:53:07.3720684Z   repository: ECONEURA-EMPRESA/ECONEURA
Test Frontend	Checkout	2025-11-22T17:53:07.3722057Z   token: ***
Test Frontend	Checkout	2025-11-22T17:53:07.3722856Z   ssh-strict: true
Test Frontend	Checkout	2025-11-22T17:53:07.3723697Z   ssh-user: git
Test Frontend	Checkout	2025-11-22T17:53:07.3724553Z   persist-credentials: true
Test Frontend	Checkout	2025-11-22T17:53:07.3725499Z   clean: true
Test Frontend	Checkout	2025-11-22T17:53:07.3726346Z   sparse-checkout-cone-mode: true
Test Frontend	Checkout	2025-11-22T17:53:07.3727386Z   fetch-depth: 1
Test Frontend	Checkout	2025-11-22T17:53:07.3728344Z   fetch-tags: false
Test Frontend	Checkout	2025-11-22T17:53:07.3729214Z   show-progress: true
Test Frontend	Checkout	2025-11-22T17:53:07.3730088Z   lfs: false
Test Frontend	Checkout	2025-11-22T17:53:07.3730881Z   submodules: false
Test Frontend	Checkout	2025-11-22T17:53:07.3731746Z   set-safe-directory: true
Test Frontend	Checkout	2025-11-22T17:53:07.3733200Z env:
Test Frontend	Checkout	2025-11-22T17:53:07.3733987Z   NODE_VERSION: 20
Test Frontend	Checkout	2025-11-22T17:53:07.3734809Z ##[endgroup]
Test Frontend	Checkout	2025-11-22T17:53:07.4679413Z Syncing repository: ECONEURA-EMPRESA/ECONEURA
Test Frontend	Checkout	2025-11-22T17:53:07.4682203Z ##[group]Getting Git version info
Test Frontend	Checkout	2025-11-22T17:53:07.4683563Z Working directory is '/home/runner/work/ECONEURA/ECONEURA'
Test Frontend	Checkout	2025-11-22T17:53:07.4685604Z [command]/usr/bin/git version
Test Frontend	Checkout	2025-11-22T17:53:07.4769401Z git version 2.51.2
Test Frontend	Checkout	2025-11-22T17:53:07.4823280Z ##[endgroup]
Test Frontend	Checkout	2025-11-22T17:53:07.4839151Z Temporarily overriding HOME='/home/runner/work/_temp/94d3d971-54a1-453b-a712-cdd014c3ba70' before making global git config changes
Test Frontend	Checkout	2025-11-22T17:53:07.4844017Z Adding repository directory to the temporary git global config as a safe directory
Test Frontend	Checkout	2025-11-22T17:53:07.4847783Z [command]/usr/bin/git config --global --add safe.directory /home/runner/work/ECONEURA/ECONEURA
Test Frontend	Checkout	2025-11-22T17:53:07.4882602Z Deleting the contents of '/home/runner/work/ECONEURA/ECONEURA'
Test Frontend	Checkout	2025-11-22T17:53:07.4886115Z ##[group]Initializing the repository
Test Frontend	Checkout	2025-11-22T17:53:07.4891145Z [command]/usr/bin/git init /home/runner/work/ECONEURA/ECONEURA
Test Frontend	Checkout	2025-11-22T17:53:07.5023436Z hint: Using 'master' as the name for the initial branch. This default branch name
Test Frontend	Checkout	2025-11-22T17:53:07.5026365Z hint: is subject to change. To configure the initial branch name to use in all
Test Frontend	Checkout	2025-11-22T17:53:07.5029593Z hint: of your new repositories, which will suppress this warning, call:
Test Frontend	Checkout	2025-11-22T17:53:07.5031210Z hint:
Test Frontend	Checkout	2025-11-22T17:53:07.5032173Z hint: 	git config --global init.defaultBranch <name>
Test Frontend	Checkout	2025-11-22T17:53:07.5033376Z hint:
Test Frontend	Checkout	2025-11-22T17:53:07.5034923Z hint: Names commonly chosen instead of 'master' are 'main', 'trunk' and
Test Frontend	Checkout	2025-11-22T17:53:07.5036812Z hint: 'development'. The just-created branch can be renamed via this command:
Test Frontend	Checkout	2025-11-22T17:53:07.5039224Z hint:
Test Frontend	Checkout	2025-11-22T17:53:07.5040058Z hint: 	git branch -m <name>
Test Frontend	Checkout	2025-11-22T17:53:07.5040975Z hint:
Test Frontend	Checkout	2025-11-22T17:53:07.5042194Z hint: Disable this message with "git config set advice.defaultBranchName false"
Test Frontend	Checkout	2025-11-22T17:53:07.5044220Z Initialized empty Git repository in /home/runner/work/ECONEURA/ECONEURA/.git/
Test Frontend	Checkout	2025-11-22T17:53:07.5047456Z [command]/usr/bin/git remote add origin https://github.com/ECONEURA-EMPRESA/ECONEURA
Test Frontend	Checkout	2025-11-22T17:53:07.5079268Z ##[endgroup]
Test Frontend	Checkout	2025-11-22T17:53:07.5081840Z ##[group]Disabling automatic garbage collection
Test Frontend	Checkout	2025-11-22T17:53:07.5084082Z [command]/usr/bin/git config --local gc.auto 0
Test Frontend	Checkout	2025-11-22T17:53:07.5112391Z ##[endgroup]
Test Frontend	Checkout	2025-11-22T17:53:07.5114681Z ##[group]Setting up auth
Test Frontend	Checkout	2025-11-22T17:53:07.5116320Z Removing SSH command configuration
Test Frontend	Checkout	2025-11-22T17:53:07.5119585Z [command]/usr/bin/git config --local --name-only --get-regexp core\.sshCommand
Test Frontend	Checkout	2025-11-22T17:53:07.5152831Z [command]/usr/bin/git submodule foreach --recursive sh -c "git config --local --name-only --get-regexp 'core\.sshCommand' && git config --local --unset-all 'core.sshCommand' || :"
Test Frontend	Checkout	2025-11-22T17:53:07.5532515Z Removing HTTP extra header
Test Frontend	Checkout	2025-11-22T17:53:07.5539614Z [command]/usr/bin/git config --local --name-only --get-regexp http\.https\:\/\/github\.com\/\.extraheader
Test Frontend	Checkout	2025-11-22T17:53:07.5573781Z [command]/usr/bin/git submodule foreach --recursive sh -c "git config --local --name-only --get-regexp 'http\.https\:\/\/github\.com\/\.extraheader' && git config --local --unset-all 'http.https://github.com/.extraheader' || :"
Test Frontend	Checkout	2025-11-22T17:53:07.5805007Z Removing includeIf entries pointing to credentials config files
Test Frontend	Checkout	2025-11-22T17:53:07.5811368Z [command]/usr/bin/git config --local --name-only --get-regexp ^includeIf\.gitdir:
Test Frontend	Checkout	2025-11-22T17:53:07.5849558Z [command]/usr/bin/git submodule foreach --recursive git config --local --show-origin --name-only --get-regexp remote.origin.url
Test Frontend	Checkout	2025-11-22T17:53:07.6093839Z [command]/usr/bin/git config --file /home/runner/work/_temp/git-credentials-7fcd1ebb-0758-42a7-8d2f-49d599c9292f.config http.https://github.com/.extraheader AUTHORIZATION: basic ***
Test Frontend	Checkout	2025-11-22T17:53:07.6132171Z [command]/usr/bin/git config --local includeIf.gitdir:/home/runner/work/ECONEURA/ECONEURA/.git.path /home/runner/work/_temp/git-credentials-7fcd1ebb-0758-42a7-8d2f-49d599c9292f.config
Test Frontend	Checkout	2025-11-22T17:53:07.6165188Z [command]/usr/bin/git config --local includeIf.gitdir:/github/workspace/.git.path /github/runner_temp/git-credentials-7fcd1ebb-0758-42a7-8d2f-49d599c9292f.config
Test Frontend	Checkout	2025-11-22T17:53:07.6193333Z ##[endgroup]
Test Frontend	Checkout	2025-11-22T17:53:07.6195707Z ##[group]Fetching the repository
Test Frontend	Checkout	2025-11-22T17:53:07.6204337Z [command]/usr/bin/git -c protocol.version=2 fetch --no-tags --prune --no-recurse-submodules --depth=1 origin +5861204bb0c5830bd4aa6ac16b821403c405c4c7:refs/remotes/origin/main
Test Frontend	Checkout	2025-11-22T17:53:07.9527885Z From https://github.com/ECONEURA-EMPRESA/ECONEURA
Test Frontend	Checkout	2025-11-22T17:53:07.9532533Z  * [new ref]         5861204bb0c5830bd4aa6ac16b821403c405c4c7 -> origin/main
Test Frontend	Checkout	2025-11-22T17:53:07.9562560Z ##[endgroup]
Test Frontend	Checkout	2025-11-22T17:53:07.9564906Z ##[group]Determining the checkout info
Test Frontend	Checkout	2025-11-22T17:53:07.9567460Z ##[endgroup]
Test Frontend	Checkout	2025-11-22T17:53:07.9570988Z [command]/usr/bin/git sparse-checkout disable
Test Frontend	Checkout	2025-11-22T17:53:07.9613893Z [command]/usr/bin/git config --local --unset-all extensions.worktreeConfig
Test Frontend	Checkout	2025-11-22T17:53:07.9650224Z ##[group]Checking out the ref
Test Frontend	Checkout	2025-11-22T17:53:07.9653210Z [command]/usr/bin/git checkout --progress --force -B main refs/remotes/origin/main
Test Frontend	Checkout	2025-11-22T17:53:08.0575858Z Switched to a new branch 'main'
Test Frontend	Checkout	2025-11-22T17:53:08.0579208Z branch 'main' set up to track 'origin/main'.
Test Frontend	Checkout	2025-11-22T17:53:08.0589099Z ##[endgroup]
Test Frontend	Checkout	2025-11-22T17:53:08.0627146Z [command]/usr/bin/git log -1 --format=%H
Test Frontend	Checkout	2025-11-22T17:53:08.0650666Z 5861204bb0c5830bd4aa6ac16b821403c405c4c7
Test Frontend	Setup Node	ï»¿2025-11-22T17:53:08.0933943Z ##[group]Run actions/setup-node@v6
Test Frontend	Setup Node	2025-11-22T17:53:08.0935029Z with:
Test Frontend	Setup Node	2025-11-22T17:53:08.0935769Z   node-version: 20
Test Frontend	Setup Node	2025-11-22T17:53:08.0936584Z   cache: npm
Test Frontend	Setup Node	2025-11-22T17:53:08.0937367Z   always-auth: false
Test Frontend	Setup Node	2025-11-22T17:53:08.0938423Z   check-latest: false
Test Frontend	Setup Node	2025-11-22T17:53:08.0939510Z   token: ***
Test Frontend	Setup Node	2025-11-22T17:53:08.0940333Z   package-manager-cache: true
Test Frontend	Setup Node	2025-11-22T17:53:08.0941263Z env:
Test Frontend	Setup Node	2025-11-22T17:53:08.0941982Z   NODE_VERSION: 20
Test Frontend	Setup Node	2025-11-22T17:53:08.0942789Z ##[endgroup]
Test Frontend	Setup Node	2025-11-22T17:53:08.2454478Z Found in cache @ /opt/hostedtoolcache/node/20.19.5/x64
Test Frontend	Setup Node	2025-11-22T17:53:08.2458304Z (node:2107) [DEP0040] DeprecationWarning: The `punycode` module is deprecated. Please use a userland alternative instead.
Test Frontend	Setup Node	2025-11-22T17:53:08.2461580Z (Use `node --trace-deprecation ...` to show where the warning was created)
Test Frontend	Setup Node	2025-11-22T17:53:08.2464298Z ##[group]Environment details
Test Frontend	Setup Node	2025-11-22T17:53:08.6565613Z node: v20.19.5
Test Frontend	Setup Node	2025-11-22T17:53:08.6566962Z npm: 10.8.2
Test Frontend	Setup Node	2025-11-22T17:53:08.6568596Z yarn: 1.22.22
Test Frontend	Setup Node	2025-11-22T17:53:08.6571256Z ##[endgroup]
Test Frontend	Setup Node	2025-11-22T17:53:08.6588908Z [command]/opt/hostedtoolcache/node/20.19.5/x64/bin/npm config get cache
Test Frontend	Setup Node	2025-11-22T17:53:08.7882173Z /home/runner/.npm
Test Frontend	Setup Node	2025-11-22T17:53:08.8894265Z Cache hit for: node-cache-Linux-x64-npm-7b5741da819567a7a1e462079de2b6d7816239b0198ed8a94d52986d298c76cf
Test Frontend	Setup Node	2025-11-22T17:53:08.8995691Z (node:2107) [DEP0169] DeprecationWarning: `url.parse()` behavior is not standardized and prone to errors that have security implications. Use the WHATWG URL API instead. CVEs are not issued for `url.parse()` vulnerabilities.
Test Frontend	Setup Node	2025-11-22T17:53:09.7118941Z Received 146348881 of 146348881 (100.0%), 182.2 MBs/sec
Test Frontend	Setup Node	2025-11-22T17:53:09.7119911Z Cache Size: ~140 MB (146348881 B)
Test Frontend	Setup Node	2025-11-22T17:53:09.7233788Z [command]/usr/bin/tar -xf /home/runner/work/_temp/f91eba06-fe36-4709-9443-0c0e7e71c4e6/cache.tzst -P -C /home/runner/work/ECONEURA/ECONEURA --use-compress-program unzstd
Test Frontend	Setup Node	2025-11-22T17:53:10.4664648Z Cache restored successfully
Test Frontend	Setup Node	2025-11-22T17:53:10.4951316Z Cache restored from key: node-cache-Linux-x64-npm-7b5741da819567a7a1e462079de2b6d7816239b0198ed8a94d52986d298c76cf
Test Frontend	Install dependencies	ï»¿2025-11-22T17:53:10.5126561Z ##[group]Run npm ci
Test Frontend	Install dependencies	2025-11-22T17:53:10.5126893Z [36;1mnpm ci[0m
Test Frontend	Install dependencies	2025-11-22T17:53:10.5177680Z shell: /usr/bin/bash -e {0}
Test Frontend	Install dependencies	2025-11-22T17:53:10.5177962Z env:
Test Frontend	Install dependencies	2025-11-22T17:53:10.5178397Z   NODE_VERSION: 20
Test Frontend	Install dependencies	2025-11-22T17:53:10.5178601Z ##[endgroup]
Test Frontend	Install dependencies	2025-11-22T17:53:13.5195545Z npm warn deprecated @types/express-rate-limit@6.0.2: This is a stub types definition. express-rate-limit provides its own type definitions, so you do not need this installed.
Test Frontend	Install dependencies	2025-11-22T17:53:13.5350341Z npm warn deprecated inflight@1.0.6: This module is not supported, and leaks memory. Do not use it. Check out lru-cache if you want a good and tested way to coalesce async requests by a key value, which is much more comprehensive and powerful.
Test Frontend	Install dependencies	2025-11-22T17:53:14.4316361Z npm warn deprecated glob@7.2.3: Glob versions prior to v9 are no longer supported
Test Frontend	Install dependencies	2025-11-22T17:53:22.2404022Z npm warn deprecated @types/axios@0.14.4: This is a stub types definition. axios provides its own type definitions, so you do not need this installed.
Test Frontend	Install dependencies	2025-11-22T17:53:32.4033175Z 
Test Frontend	Install dependencies	2025-11-22T17:53:32.4034019Z added 1248 packages, and audited 1251 packages in 22s
Test Frontend	Install dependencies	2025-11-22T17:53:32.4034500Z 
Test Frontend	Install dependencies	2025-11-22T17:53:32.4034693Z 309 packages are looking for funding
Test Frontend	Install dependencies	2025-11-22T17:53:32.4035009Z   run `npm fund` for details
Test Frontend	Install dependencies	2025-11-22T17:53:32.4054391Z 
Test Frontend	Install dependencies	2025-11-22T17:53:32.4054623Z found 0 vulnerabilities
Test Frontend	Run unit tests	ï»¿2025-11-22T17:53:32.4784550Z ##[group]Run npm run test --workspace=@econeura/web || echo "â ï¸ Tests no configurados aÃºn"
Test Frontend	Run unit tests	2025-11-22T17:53:32.4785366Z [36;1mnpm run test --workspace=@econeura/web || echo "â ï¸ Tests no configurados aÃºn"[0m
Test Frontend	Run unit tests	2025-11-22T17:53:32.4820157Z shell: /usr/bin/bash -e {0}
Test Frontend	Run unit tests	2025-11-22T17:53:32.4820413Z env:
Test Frontend	Run unit tests	2025-11-22T17:53:32.4820588Z   NODE_VERSION: 20
Test Frontend	Run unit tests	2025-11-22T17:53:32.4820777Z ##[endgroup]
Test Frontend	Run unit tests	2025-11-22T17:53:32.6102046Z 
Test Frontend	Run unit tests	2025-11-22T17:53:32.6102611Z > @econeura/web@0.0.1 test
Test Frontend	Run unit tests	2025-11-22T17:53:32.6103196Z > vitest run
Test Frontend	Run unit tests	2025-11-22T17:53:32.6103371Z 
Test Frontend	Run unit tests	2025-11-22T17:53:32.7579585Z /home/runner/work/ECONEURA/ECONEURA/node_modules/rollup/dist/native.js:83
Test Frontend	Run unit tests	2025-11-22T17:53:32.7580491Z 		throw new Error(
Test Frontend	Run unit tests	2025-11-22T17:53:32.7580900Z 		      ^
Test Frontend	Run unit tests	2025-11-22T17:53:32.7581149Z 
Test Frontend	Run unit tests	2025-11-22T17:53:32.7582830Z Error: Cannot find module @rollup/rollup-linux-x64-gnu. npm has a bug related to optional dependencies (https://github.com/npm/cli/issues/4828). Please try `npm i` again after removing both package-lock.json and node_modules directory.
Test Frontend	Run unit tests	2025-11-22T17:53:32.7584299Z     at requireWithFriendlyError (/home/runner/work/ECONEURA/ECONEURA/node_modules/rollup/dist/native.js:83:9)
Test Frontend	Run unit tests	2025-11-22T17:53:32.7585425Z     at Object.<anonymous> (/home/runner/work/ECONEURA/ECONEURA/node_modules/rollup/dist/native.js:92:76)
Test Frontend	Run unit tests	2025-11-22T17:53:32.7586257Z     ... 3 lines matching cause stack trace ...
Test Frontend	Run unit tests	2025-11-22T17:53:32.7586652Z     at Module._load (node:internal/modules/cjs/loader:1091:12)
Test Frontend	Run unit tests	2025-11-22T17:53:32.7587074Z     at cjsLoader (node:internal/modules/esm/translators:298:15)
Test Frontend	Run unit tests	2025-11-22T17:53:32.7587545Z     at ModuleWrap.<anonymous> (node:internal/modules/esm/translators:240:7)
Test Frontend	Run unit tests	2025-11-22T17:53:32.7588020Z     at ModuleJob.run (node:internal/modules/esm/module_job:325:25)
Test Frontend	Run unit tests	2025-11-22T17:53:32.7588735Z     at async ModuleLoader.import (node:internal/modules/esm/loader:606:24) {
Test Frontend	Run unit tests	2025-11-22T17:53:32.7589220Z   [cause]: Error: Cannot find module '@rollup/rollup-linux-x64-gnu'
Test Frontend	Run unit tests	2025-11-22T17:53:32.7589559Z   Require stack:
Test Frontend	Run unit tests	2025-11-22T17:53:32.7589934Z   - /home/runner/work/ECONEURA/ECONEURA/node_modules/rollup/dist/native.js
Test Frontend	Run unit tests	2025-11-22T17:53:32.7590466Z       at Module._resolveFilename (node:internal/modules/cjs/loader:1207:15)
Test Frontend	Run unit tests	2025-11-22T17:53:32.7590910Z       at Module._load (node:internal/modules/cjs/loader:1038:27)
Test Frontend	Run unit tests	2025-11-22T17:53:32.7591339Z       at Module.require (node:internal/modules/cjs/loader:1289:19)
Test Frontend	Run unit tests	2025-11-22T17:53:32.7591727Z       at require (node:internal/modules/helpers:182:18)
Test Frontend	Run unit tests	2025-11-22T17:53:32.7592358Z       at requireWithFriendlyError (/home/runner/work/ECONEURA/ECONEURA/node_modules/rollup/dist/native.js:65:10)
Test Frontend	Run unit tests	2025-11-22T17:53:32.7593094Z       at Object.<anonymous> (/home/runner/work/ECONEURA/ECONEURA/node_modules/rollup/dist/native.js:92:76)
Test Frontend	Run unit tests	2025-11-22T17:53:32.7593703Z       at Module._compile (node:internal/modules/cjs/loader:1521:14)
Test Frontend	Run unit tests	2025-11-22T17:53:32.7594158Z       at Module._extensions..js (node:internal/modules/cjs/loader:1623:10)
Test Frontend	Run unit tests	2025-11-22T17:53:32.7594622Z       at Module.load (node:internal/modules/cjs/loader:1266:32)
Test Frontend	Run unit tests	2025-11-22T17:53:32.7595038Z       at Module._load (node:internal/modules/cjs/loader:1091:12) {
Test Frontend	Run unit tests	2025-11-22T17:53:32.7595363Z     code: 'MODULE_NOT_FOUND',
Test Frontend	Run unit tests	2025-11-22T17:53:32.7595606Z     requireStack: [
Test Frontend	Run unit tests	2025-11-22T17:53:32.7595981Z       '/home/runner/work/ECONEURA/ECONEURA/node_modules/rollup/dist/native.js'
Test Frontend	Run unit tests	2025-11-22T17:53:32.7596344Z     ]
Test Frontend	Run unit tests	2025-11-22T17:53:32.7596513Z   }
Test Frontend	Run unit tests	2025-11-22T17:53:32.7596688Z }
Test Frontend	Run unit tests	2025-11-22T17:53:32.7596789Z 
Test Frontend	Run unit tests	2025-11-22T17:53:32.7596878Z Node.js v20.19.5
Test Frontend	Run unit tests	2025-11-22T17:53:32.7695103Z npm error Lifecycle script `test` failed with error:
Test Frontend	Run unit tests	2025-11-22T17:53:32.7700422Z npm error code 1
Test Frontend	Run unit tests	2025-11-22T17:53:32.7702662Z npm error path /home/runner/work/ECONEURA/ECONEURA/packages/frontend
Test Frontend	Run unit tests	2025-11-22T17:53:32.7703547Z npm error workspace @econeura/web@0.0.1
Test Frontend	Run unit tests	2025-11-22T17:53:32.7704436Z npm error location /home/runner/work/ECONEURA/ECONEURA/packages/frontend
Test Frontend	Run unit tests	2025-11-22T17:53:32.7705170Z npm error command failed
Test Frontend	Run unit tests	2025-11-22T17:53:32.7705696Z npm error command sh -c vitest run
Test Frontend	Run unit tests	2025-11-22T17:53:32.7756069Z â ï¸ Tests no configurados aÃºn
Test Frontend	Upload coverage	ï»¿2025-11-22T17:53:32.8005461Z ##[group]Run codecov/codecov-action@v5
Test Frontend	Upload coverage	2025-11-22T17:53:32.8005929Z with:
Test Frontend	Upload coverage	2025-11-22T17:53:32.8006157Z   files: ./packages/frontend/coverage/lcov.info
Test Frontend	Upload coverage	2025-11-22T17:53:32.8006428Z   flags: frontend
Test Frontend	Upload coverage	2025-11-22T17:53:32.8006628Z   name: frontend-coverage
Test Frontend	Upload coverage	2025-11-22T17:53:32.8006842Z   disable_file_fixes: false
Test Frontend	Upload coverage	2025-11-22T17:53:32.8007059Z   disable_search: false
Test Frontend	Upload coverage	2025-11-22T17:53:32.8007265Z   disable_safe_directory: false
Test Frontend	Upload coverage	2025-11-22T17:53:32.8007480Z   disable_telem: false
Test Frontend	Upload coverage	2025-11-22T17:53:32.8007670Z   dry_run: false
Test Frontend	Upload coverage	2025-11-22T17:53:32.8007857Z   fail_ci_if_error: false
Test Frontend	Upload coverage	2025-11-22T17:53:32.8008301Z   git_service: github
Test Frontend	Upload coverage	2025-11-22T17:53:32.8008557Z   gcov_executable: gcov
Test Frontend	Upload coverage	2025-11-22T17:53:32.8008779Z   handle_no_reports_found: false
Test Frontend	Upload coverage	2025-11-22T17:53:32.8009012Z   recurse_submodules: false
Test Frontend	Upload coverage	2025-11-22T17:53:32.8009240Z   run_command: upload-coverage
Test Frontend	Upload coverage	2025-11-22T17:53:32.8009471Z   skip_validation: false
Test Frontend	Upload coverage	2025-11-22T17:53:32.8009691Z   use_legacy_upload_endpoint: false
Test Frontend	Upload coverage	2025-11-22T17:53:32.8009924Z   use_oidc: false
Test Frontend	Upload coverage	2025-11-22T17:53:32.8010154Z   use_pypi: false
Test Frontend	Upload coverage	2025-11-22T17:53:32.8010337Z   verbose: false
Test Frontend	Upload coverage	2025-11-22T17:53:32.8010520Z   version: latest
Test Frontend	Upload coverage	2025-11-22T17:53:32.8010688Z env:
Test Frontend	Upload coverage	2025-11-22T17:53:32.8010857Z   NODE_VERSION: 20
Test Frontend	Upload coverage	2025-11-22T17:53:32.8011044Z ##[endgroup]
Test Frontend	Upload coverage	2025-11-22T17:53:32.8079689Z ##[group]Run missing_deps=""
Test Frontend	Upload coverage	2025-11-22T17:53:32.8079990Z [36;1mmissing_deps=""[0m
Test Frontend	Upload coverage	2025-11-22T17:53:32.8080193Z [36;1m[0m
Test Frontend	Upload coverage	2025-11-22T17:53:32.8080378Z [36;1m# Check for required commands[0m
Test Frontend	Upload coverage	2025-11-22T17:53:32.8080648Z [36;1mfor cmd in bash git curl gpg; do[0m
Test Frontend	Upload coverage	2025-11-22T17:53:32.8080956Z [36;1m  if ! command -v "$cmd" >/dev/null 2>&1; then[0m
Test Frontend	Upload coverage	2025-11-22T17:53:32.8081252Z [36;1m    missing_deps="$missing_deps $cmd"[0m
Test Frontend	Upload coverage	2025-11-22T17:53:32.8081503Z [36;1m  fi[0m
Test Frontend	Upload coverage	2025-11-22T17:53:32.8081679Z [36;1mdone[0m
Test Frontend	Upload coverage	2025-11-22T17:53:32.8081845Z [36;1m[0m
Test Frontend	Upload coverage	2025-11-22T17:53:32.8082049Z [36;1m# Report missing required dependencies[0m
Test Frontend	Upload coverage	2025-11-22T17:53:32.8082331Z [36;1mif [ -n "$missing_deps" ]; then[0m
Test Frontend	Upload coverage	2025-11-22T17:53:32.8082716Z [36;1m  echo "Error: The following required dependencies are missing:$missing_deps"[0m
Test Frontend	Upload coverage	2025-11-22T17:53:32.8083188Z [36;1m  echo "Please install these dependencies before using this action."[0m
Test Frontend	Upload coverage	2025-11-22T17:53:32.8083532Z [36;1m  exit 1[0m
Test Frontend	Upload coverage	2025-11-22T17:53:32.8083721Z [36;1mfi[0m
Test Frontend	Upload coverage	2025-11-22T17:53:32.8083883Z [36;1m[0m
Test Frontend	Upload coverage	2025-11-22T17:53:32.8084140Z [36;1mecho "All required system dependencies are available."[0m
Test Frontend	Upload coverage	2025-11-22T17:53:32.8294763Z shell: /usr/bin/sh -e {0}
Test Frontend	Upload coverage	2025-11-22T17:53:32.8295046Z env:
Test Frontend	Upload coverage	2025-11-22T17:53:32.8295243Z   NODE_VERSION: 20
Test Frontend	Upload coverage	2025-11-22T17:53:32.8295457Z ##[endgroup]
Test Frontend	Upload coverage	2025-11-22T17:53:32.8364722Z All required system dependencies are available.
Test Frontend	Upload coverage	2025-11-22T17:53:32.8389073Z ##[group]Run CC_ACTION_VERSION=$(cat ${GITHUB_ACTION_PATH}/src/version)
Test Frontend	Upload coverage	2025-11-22T17:53:32.8389519Z [36;1mCC_ACTION_VERSION=$(cat ${GITHUB_ACTION_PATH}/src/version)[0m
Test Frontend	Upload coverage	2025-11-22T17:53:32.8389935Z [36;1mecho -e "\033[0;32m==>\033[0m Running Action version $CC_ACTION_VERSION"[0m
Test Frontend	Upload coverage	2025-11-22T17:53:32.8419345Z shell: /usr/bin/bash --noprofile --norc -e -o pipefail {0}
Test Frontend	Upload coverage	2025-11-22T17:53:32.8419675Z env:
Test Frontend	Upload coverage	2025-11-22T17:53:32.8419852Z   NODE_VERSION: 20
Test Frontend	Upload coverage	2025-11-22T17:53:32.8420045Z ##[endgroup]
Test Frontend	Upload coverage	2025-11-22T17:53:32.8481759Z [0;32m==>[0m Running Action version 5.5.1
Test Frontend	Upload coverage	2025-11-22T17:53:32.8522822Z ##[group]Run git config --global --add safe.directory "/home/runner/work/ECONEURA/ECONEURA"
Test Frontend	Upload coverage	2025-11-22T17:53:32.8523379Z [36;1mgit config --global --add safe.directory "/home/runner/work/ECONEURA/ECONEURA"[0m
Test Frontend	Upload coverage	2025-11-22T17:53:32.8523849Z [36;1mgit config --global --add safe.directory "$GITHUB_WORKSPACE"[0m
Test Frontend	Upload coverage	2025-11-22T17:53:32.8552632Z shell: /usr/bin/bash --noprofile --norc -e -o pipefail {0}
Test Frontend	Upload coverage	2025-11-22T17:53:32.8552941Z env:
Test Frontend	Upload coverage	2025-11-22T17:53:32.8553116Z   NODE_VERSION: 20
Test Frontend	Upload coverage	2025-11-22T17:53:32.8553306Z ##[endgroup]
Test Frontend	Upload coverage	2025-11-22T17:53:32.8672070Z ##[group]Run CC_FORK="false"
Test Frontend	Upload coverage	2025-11-22T17:53:32.8672358Z [36;1mCC_FORK="false"[0m
Test Frontend	Upload coverage	2025-11-22T17:53:32.8672874Z [36;1mif [ -n "$GITHUB_EVENT_PULL_REQUEST_HEAD_REPO_FULL_NAME" ] && [ "$GITHUB_EVENT_PULL_REQUEST_HEAD_REPO_FULL_NAME" != "$GITHUB_REPOSITORY" ];[0m
Test Frontend	Upload coverage	2025-11-22T17:53:32.8673723Z [36;1mthen[0m
Test Frontend	Upload coverage	2025-11-22T17:53:32.8673956Z [36;1m  echo -e "\033[0;32m==>\033[0m Fork detected"[0m
Test Frontend	Upload coverage	2025-11-22T17:53:32.8674229Z [36;1m  CC_FORK="true"[0m
Test Frontend	Upload coverage	2025-11-22T17:53:32.8674434Z [36;1mfi[0m
Test Frontend	Upload coverage	2025-11-22T17:53:32.8674646Z [36;1mecho "CC_FORK=$CC_FORK" >> "$GITHUB_ENV"[0m
Test Frontend	Upload coverage	2025-11-22T17:53:32.8704739Z shell: /usr/bin/bash --noprofile --norc -e -o pipefail {0}
Test Frontend	Upload coverage	2025-11-22T17:53:32.8705066Z env:
Test Frontend	Upload coverage	2025-11-22T17:53:32.8705235Z   NODE_VERSION: 20
Test Frontend	Upload coverage	2025-11-22T17:53:32.8705451Z   GITHUB_EVENT_PULL_REQUEST_HEAD_LABEL: 
Test Frontend	Upload coverage	2025-11-22T17:53:32.8705740Z   GITHUB_EVENT_PULL_REQUEST_HEAD_REPO_FULL_NAME: 
Test Frontend	Upload coverage	2025-11-22T17:53:32.8706038Z   GITHUB_REPOSITORY: ECONEURA-EMPRESA/ECONEURA
Test Frontend	Upload coverage	2025-11-22T17:53:32.8706300Z ##[endgroup]
Test Frontend	Upload coverage	2025-11-22T17:53:32.8813797Z ##[group]Run actions/github-script@60a0d83039c74a4aee543508d2ffcb1c3799cdea
Test Frontend	Upload coverage	2025-11-22T17:53:32.8814194Z with:
Test Frontend	Upload coverage	2025-11-22T17:53:32.8814705Z   script: if (process.env.CC_USE_OIDC === 'true' && process.env.CC_FORK != 'true') {
Test Frontend	Upload coverage	  const id_token = await core.getIDToken(process.env.CC_OIDC_AUDIENCE)
Test Frontend	Upload coverage	  return id_token
Test Frontend	Upload coverage	}
Test Frontend	Upload coverage	
Test Frontend	Upload coverage	2025-11-22T17:53:32.8815490Z   github-token: ***
Test Frontend	Upload coverage	2025-11-22T17:53:32.8815691Z   debug: false
Test Frontend	Upload coverage	2025-11-22T17:53:32.8815897Z   user-agent: actions/github-script
Test Frontend	Upload coverage	2025-11-22T17:53:32.8816137Z   result-encoding: json
Test Frontend	Upload coverage	2025-11-22T17:53:32.8816334Z   retries: 0
Test Frontend	Upload coverage	2025-11-22T17:53:32.8816545Z   retry-exempt-status-codes: 400,401,403,404,422
Test Frontend	Upload coverage	2025-11-22T17:53:32.8816803Z env:
Test Frontend	Upload coverage	2025-11-22T17:53:32.8816965Z   NODE_VERSION: 20
Test Frontend	Upload coverage	2025-11-22T17:53:32.8817150Z   CC_FORK: false
Test Frontend	Upload coverage	2025-11-22T17:53:32.8817348Z   CC_OIDC_AUDIENCE: https://codecov.io
Test Frontend	Upload coverage	2025-11-22T17:53:32.8817607Z   CC_USE_OIDC: false
Test Frontend	Upload coverage	2025-11-22T17:53:32.8817797Z ##[endgroup]
Test Frontend	Upload coverage	2025-11-22T17:53:32.9741824Z ##[group]Run if [ "false" == 'true' ] && [ "$CC_FORK" != 'true' ];
Test Frontend	Upload coverage	2025-11-22T17:53:32.9742249Z [36;1mif [ "false" == 'true' ] && [ "$CC_FORK" != 'true' ];[0m
Test Frontend	Upload coverage	2025-11-22T17:53:32.9742539Z [36;1mthen[0m
Test Frontend	Upload coverage	2025-11-22T17:53:32.9742799Z [36;1m  echo "CC_TOKEN=$CC_OIDC_TOKEN" >> "$GITHUB_ENV"[0m
Test Frontend	Upload coverage	2025-11-22T17:53:32.9743088Z [36;1melif [ -n "" ];[0m
Test Frontend	Upload coverage	2025-11-22T17:53:32.9743286Z [36;1mthen[0m
Test Frontend	Upload coverage	2025-11-22T17:53:32.9743512Z [36;1m  echo -e "\033[0;32m==>\033[0m Token set from env"[0m
Test Frontend	Upload coverage	2025-11-22T17:53:32.9743813Z [36;1m    echo "CC_TOKEN=" >> "$GITHUB_ENV"[0m
Test Frontend	Upload coverage	2025-11-22T17:53:32.9744056Z [36;1melse[0m
Test Frontend	Upload coverage	2025-11-22T17:53:32.9744240Z [36;1m  if [ -n "" ];[0m
Test Frontend	Upload coverage	2025-11-22T17:53:32.9744438Z [36;1m  then[0m
Test Frontend	Upload coverage	2025-11-22T17:53:32.9744667Z [36;1m    echo -e "\033[0;32m==>\033[0m Token set from input"[0m
Test Frontend	Upload coverage	2025-11-22T17:53:32.9744964Z [36;1m    CC_TOKEN=$(echo "" | tr -d '\n')[0m
Test Frontend	Upload coverage	2025-11-22T17:53:32.9745255Z [36;1m    echo "CC_TOKEN=$CC_TOKEN" >> "$GITHUB_ENV"[0m
Test Frontend	Upload coverage	2025-11-22T17:53:32.9745515Z [36;1m  fi[0m
Test Frontend	Upload coverage	2025-11-22T17:53:32.9745678Z [36;1mfi[0m
Test Frontend	Upload coverage	2025-11-22T17:53:32.9778457Z shell: /usr/bin/bash --noprofile --norc -e -o pipefail {0}
Test Frontend	Upload coverage	2025-11-22T17:53:32.9778785Z env:
Test Frontend	Upload coverage	2025-11-22T17:53:32.9778960Z   NODE_VERSION: 20
Test Frontend	Upload coverage	2025-11-22T17:53:32.9779169Z   CC_FORK: false
Test Frontend	Upload coverage	2025-11-22T17:53:32.9779351Z   CC_OIDC_TOKEN: 
Test Frontend	Upload coverage	2025-11-22T17:53:32.9779560Z   CC_OIDC_AUDIENCE: https://codecov.io
Test Frontend	Upload coverage	2025-11-22T17:53:32.9779818Z ##[endgroup]
Test Frontend	Upload coverage	2025-11-22T17:53:32.9850185Z ##[group]Run if [ -z "$CC_BRANCH" ] && [ -z "$CC_TOKEN" ] && [ "$CC_FORK" == 'true' ]
Test Frontend	Upload coverage	2025-11-22T17:53:32.9850636Z [36;1mif [ -z "$CC_BRANCH" ] && [ -z "$CC_TOKEN" ] && [ "$CC_FORK" == 'true' ][0m
Test Frontend	Upload coverage	2025-11-22T17:53:32.9850962Z [36;1mthen[0m
Test Frontend	Upload coverage	2025-11-22T17:53:32.9851312Z [36;1m  echo -e "\033[0;32m==>\033[0m Fork detected, setting branch to $GITHUB_EVENT_PULL_REQUEST_HEAD_LABEL"[0m
Test Frontend	Upload coverage	2025-11-22T17:53:32.9851774Z [36;1m  TOKENLESS="$GITHUB_EVENT_PULL_REQUEST_HEAD_LABEL"[0m
Test Frontend	Upload coverage	2025-11-22T17:53:32.9852119Z [36;1m  CC_BRANCH="$GITHUB_EVENT_PULL_REQUEST_HEAD_LABEL"[0m
Test Frontend	Upload coverage	2025-11-22T17:53:32.9852438Z [36;1m  echo "TOKENLESS=$TOKENLESS" >> "$GITHUB_ENV"[0m
Test Frontend	Upload coverage	2025-11-22T17:53:32.9852694Z [36;1mfi[0m
Test Frontend	Upload coverage	2025-11-22T17:53:32.9852865Z [36;1m[0m
Test Frontend	Upload coverage	2025-11-22T17:53:32.9853075Z [36;1mecho "CC_BRANCH=$CC_BRANCH" >> "$GITHUB_ENV"[0m
Test Frontend	Upload coverage	2025-11-22T17:53:32.9881810Z shell: /usr/bin/bash --noprofile --norc -e -o pipefail {0}
Test Frontend	Upload coverage	2025-11-22T17:53:32.9882126Z env:
Test Frontend	Upload coverage	2025-11-22T17:53:32.9882295Z   NODE_VERSION: 20
Test Frontend	Upload coverage	2025-11-22T17:53:32.9882482Z   CC_FORK: false
Test Frontend	Upload coverage	2025-11-22T17:53:32.9882665Z   CC_BRANCH: 
Test Frontend	Upload coverage	2025-11-22T17:53:32.9882855Z   GITHUB_EVENT_PULL_REQUEST_HEAD_LABEL: 
Test Frontend	Upload coverage	2025-11-22T17:53:32.9883143Z   GITHUB_EVENT_PULL_REQUEST_HEAD_REPO_FULL_NAME: 
Test Frontend	Upload coverage	2025-11-22T17:53:32.9883450Z   GITHUB_REPOSITORY: ECONEURA-EMPRESA/ECONEURA
Test Frontend	Upload coverage	2025-11-22T17:53:32.9883703Z ##[endgroup]
Test Frontend	Upload coverage	2025-11-22T17:53:32.9950945Z ##[group]Run if [ -z "$CC_SHA" ];
Test Frontend	Upload coverage	2025-11-22T17:53:32.9951228Z [36;1mif [ -z "$CC_SHA" ];[0m
Test Frontend	Upload coverage	2025-11-22T17:53:32.9951444Z [36;1mthen[0m
Test Frontend	Upload coverage	2025-11-22T17:53:32.9951675Z [36;1m  CC_SHA="$GITHUB_EVENT_PULL_REQUEST_HEAD_SHA"[0m
Test Frontend	Upload coverage	2025-11-22T17:53:32.9951949Z [36;1mfi[0m
Test Frontend	Upload coverage	2025-11-22T17:53:32.9952172Z [36;1mif [ -z "$CC_PR" ] && [ "$CC_FORK" == 'true' ];[0m
Test Frontend	Upload coverage	2025-11-22T17:53:32.9952434Z [36;1mthen[0m
Test Frontend	Upload coverage	2025-11-22T17:53:32.9952631Z [36;1m  CC_PR="$GITHUB_EVENT_NUMBER"[0m
Test Frontend	Upload coverage	2025-11-22T17:53:32.9952884Z [36;1mfi[0m
Test Frontend	Upload coverage	2025-11-22T17:53:32.9953048Z [36;1m[0m
Test Frontend	Upload coverage	2025-11-22T17:53:32.9953244Z [36;1mecho "CC_SHA=$CC_SHA" >> "$GITHUB_ENV"[0m
Test Frontend	Upload coverage	2025-11-22T17:53:32.9953525Z [36;1mecho "CC_PR=$CC_PR" >> "$GITHUB_ENV"[0m
Test Frontend	Upload coverage	2025-11-22T17:53:32.9981849Z shell: /usr/bin/bash --noprofile --norc -e -o pipefail {0}
Test Frontend	Upload coverage	2025-11-22T17:53:32.9982166Z env:
Test Frontend	Upload coverage	2025-11-22T17:53:32.9982332Z   NODE_VERSION: 20
Test Frontend	Upload coverage	2025-11-22T17:53:32.9982523Z   CC_FORK: false
Test Frontend	Upload coverage	2025-11-22T17:53:32.9982705Z   CC_BRANCH: 
Test Frontend	Upload coverage	2025-11-22T17:53:32.9982870Z   CC_PR: 
Test Frontend	Upload coverage	2025-11-22T17:53:32.9983049Z   CC_SHA: 
Test Frontend	Upload coverage	2025-11-22T17:53:32.9983221Z   GITHUB_EVENT_NAME: push
Test Frontend	Upload coverage	2025-11-22T17:53:32.9983443Z   GITHUB_EVENT_NUMBER: 
Test Frontend	Upload coverage	2025-11-22T17:53:32.9983661Z   GITHUB_EVENT_PULL_REQUEST_HEAD_SHA: 
Test Frontend	Upload coverage	2025-11-22T17:53:32.9983899Z ##[endgroup]
Test Frontend	Upload coverage	2025-11-22T17:53:33.0059500Z ##[group]Run ${GITHUB_ACTION_PATH}/dist/codecov.sh
Test Frontend	Upload coverage	2025-11-22T17:53:33.0059862Z [36;1m${GITHUB_ACTION_PATH}/dist/codecov.sh[0m
Test Frontend	Upload coverage	2025-11-22T17:53:33.0087964Z shell: /usr/bin/bash --noprofile --norc -e -o pipefail {0}
Test Frontend	Upload coverage	2025-11-22T17:53:33.0088583Z env:
Test Frontend	Upload coverage	2025-11-22T17:53:33.0088768Z   NODE_VERSION: 20
Test Frontend	Upload coverage	2025-11-22T17:53:33.0088955Z   CC_FORK: false
Test Frontend	Upload coverage	2025-11-22T17:53:33.0089143Z   CC_BRANCH: 
Test Frontend	Upload coverage	2025-11-22T17:53:33.0089319Z   CC_SHA: 
Test Frontend	Upload coverage	2025-11-22T17:53:33.0089476Z   CC_PR: 
Test Frontend	Upload coverage	2025-11-22T17:53:33.0089674Z   CC_BASE_SHA: 
Test Frontend	Upload coverage	2025-11-22T17:53:33.0089849Z   CC_BINARY: 
Test Frontend	Upload coverage	2025-11-22T17:53:33.0090015Z   CC_BUILD: 
Test Frontend	Upload coverage	2025-11-22T17:53:33.0090189Z   CC_BUILD_URL: 
Test Frontend	Upload coverage	2025-11-22T17:53:33.0090363Z   CC_CODE: 
Test Frontend	Upload coverage	2025-11-22T17:53:33.0090527Z   CC_DIR: 
Test Frontend	Upload coverage	2025-11-22T17:53:33.0090700Z   CC_DISABLE_FILE_FIXES: false
Test Frontend	Upload coverage	2025-11-22T17:53:33.0090926Z   CC_DISABLE_SEARCH: false
Test Frontend	Upload coverage	2025-11-22T17:53:33.0091138Z   CC_DISABLE_TELEM: false
Test Frontend	Upload coverage	2025-11-22T17:53:33.0091335Z   CC_DRY_RUN: false
Test Frontend	Upload coverage	2025-11-22T17:53:33.0091525Z   CC_ENTERPRISE_URL: 
Test Frontend	Upload coverage	2025-11-22T17:53:33.0091715Z   CC_ENV: 
Test Frontend	Upload coverage	2025-11-22T17:53:33.0091873Z   CC_EXCLUDES: 
Test Frontend	Upload coverage	2025-11-22T17:53:33.0092053Z   CC_FAIL_ON_ERROR: false
Test Frontend	Upload coverage	2025-11-22T17:53:33.0092297Z   CC_FILES: ./packages/frontend/coverage/lcov.info
Test Frontend	Upload coverage	2025-11-22T17:53:33.0092571Z   CC_FLAGS: frontend
Test Frontend	Upload coverage	2025-11-22T17:53:33.0092754Z   CC_FORCE: 
Test Frontend	Upload coverage	2025-11-22T17:53:33.0092924Z   CC_GCOV_ARGS: 
Test Frontend	Upload coverage	2025-11-22T17:53:33.0093107Z   CC_GCOV_EXECUTABLE: gcov
Test Frontend	Upload coverage	2025-11-22T17:53:33.0093318Z   CC_GCOV_IGNORE: 
Test Frontend	Upload coverage	2025-11-22T17:53:33.0093499Z   CC_GCOV_INCLUDE: 
Test Frontend	Upload coverage	2025-11-22T17:53:33.0093681Z   CC_GIT_SERVICE: github
Test Frontend	Upload coverage	2025-11-22T17:53:33.0093901Z   CC_HANDLE_NO_REPORTS_FOUND: false
Test Frontend	Upload coverage	2025-11-22T17:53:33.0094142Z   CC_JOB_CODE: 
Test Frontend	Upload coverage	2025-11-22T17:53:33.0094327Z   CC_LEGACY: false
Test Frontend	Upload coverage	2025-11-22T17:53:33.0094541Z   CC_NAME: frontend-coverage
Test Frontend	Upload coverage	2025-11-22T17:53:33.0094755Z   CC_NETWORK_FILTER: 
Test Frontend	Upload coverage	2025-11-22T17:53:33.0094951Z   CC_NETWORK_PREFIX: 
Test Frontend	Upload coverage	2025-11-22T17:53:33.0095146Z   CC_NETWORK_ROOT_FOLDER: 
Test Frontend	Upload coverage	2025-11-22T17:53:33.0095339Z   CC_OS: 
Test Frontend	Upload coverage	2025-11-22T17:53:33.0095506Z   CC_PARENT_SHA: 
Test Frontend	Upload coverage	2025-11-22T17:53:33.0095689Z   CC_PLUGINS: 
Test Frontend	Upload coverage	2025-11-22T17:53:33.0095878Z   CC_RECURSE_SUBMODULES: false
Test Frontend	Upload coverage	2025-11-22T17:53:33.0096089Z   CC_REPORT_TYPE: 
Test Frontend	Upload coverage	2025-11-22T17:53:33.0096282Z   CC_RUN_CMD: upload-coverage
Test Frontend	Upload coverage	2025-11-22T17:53:33.0096771Z   CC_SERVICE: github
Test Frontend	Upload coverage	2025-11-22T17:53:33.0096962Z   CC_SKIP_VALIDATION: false
Test Frontend	Upload coverage	2025-11-22T17:53:33.0097166Z   CC_SLUG: 
Test Frontend	Upload coverage	2025-11-22T17:53:33.0097337Z   CC_SWIFT_PROJECT: 
Test Frontend	Upload coverage	2025-11-22T17:53:33.0097519Z   CC_USE_PYPI: false
Test Frontend	Upload coverage	2025-11-22T17:53:33.0097703Z   CC_VERBOSE: false
Test Frontend	Upload coverage	2025-11-22T17:53:33.0097882Z   CC_VERSION: latest
Test Frontend	Upload coverage	2025-11-22T17:53:33.0098215Z   CC_YML_PATH: 
Test Frontend	Upload coverage	2025-11-22T17:53:33.0098509Z ##[endgroup]
Test Frontend	Upload coverage	2025-11-22T17:53:33.0168509Z      _____          _
Test Frontend	Upload coverage	2025-11-22T17:53:33.0168957Z     / ____|        | |
Test Frontend	Upload coverage	2025-11-22T17:53:33.0169378Z    | |     ___   __| | ___  ___ _____   __
Test Frontend	Upload coverage	2025-11-22T17:53:33.0169875Z    | |    / _ \ / _` |/ _ \/ __/ _ \ \ / /
Test Frontend	Upload coverage	2025-11-22T17:53:33.0170341Z    | |___| (_) | (_| |  __/ (_| (_) \ V /
Test Frontend	Upload coverage	2025-11-22T17:53:33.0170801Z     \_____\___/ \__,_|\___|\___\___/ \_/
Test Frontend	Upload coverage	2025-11-22T17:53:33.0171602Z                            [0;31m Wrapper-0.2.7[0m
Test Frontend	Upload coverage	2025-11-22T17:53:33.0172085Z                            
Test Frontend	Upload coverage	2025-11-22T17:53:33.0226087Z [0;32m==>[0m Detected [0;36mlinux[0m
Test Frontend	Upload coverage	2025-11-22T17:53:33.0227139Z [0;32m ->[0m Downloading [0;36mhttps://cli.codecov.io/latest/linux/codecov[0m
Test Frontend	Upload coverage	2025-11-22T17:53:33.0300439Z   % Total    % Received % Xferd  Average Speed   Time    Time     Time  Current
Test Frontend	Upload coverage	2025-11-22T17:53:33.0301239Z                                  Dload  Upload   Total   Spent    Left  Speed
Test Frontend	Upload coverage	2025-11-22T17:53:33.0301523Z 
Test Frontend	Upload coverage	2025-11-22T17:53:33.1329302Z   0     0    0     0    0     0      0      0 --:--:-- --:--:-- --:--:--     0
Test Frontend	Upload coverage	2025-11-22T17:53:33.2430309Z   0     0    0     0    0     0      0      0 --:--:-- --:--:-- --:--:--     0
Test Frontend	Upload coverage	2025-11-22T17:53:33.2454521Z 100 10.6M  100 10.6M    0     0  49.9M      0 --:--:-- --:--:-- --:--:-- 49.7M
Test Frontend	Upload coverage	2025-11-22T17:53:33.2455459Z [0;32m==>[0m Finishing downloading [0;36mlinux:latest[0m
Test Frontend	Upload coverage	2025-11-22T17:53:33.3081829Z       Version: [0;36mv11.2.5[0m
Test Frontend	Upload coverage	2025-11-22T17:53:33.3082234Z  
Test Frontend	Upload coverage	2025-11-22T17:53:33.3425652Z gpg: directory '/home/runner/.gnupg' created
Test Frontend	Upload coverage	2025-11-22T17:53:33.3467976Z gpg: keybox '/home/runner/.gnupg/pubring.kbx' created
Test Frontend	Upload coverage	2025-11-22T17:53:33.5697693Z gpg: /home/runner/.gnupg/trustdb.gpg: trustdb created
Test Frontend	Upload coverage	2025-11-22T17:53:33.5699105Z gpg: key 806BB28AED779869: public key "Codecov Uploader (Codecov Uploader Verification Key) <security@codecov.io>" imported
Test Frontend	Upload coverage	2025-11-22T17:53:33.5987540Z gpg: Total number processed: 1
Test Frontend	Upload coverage	2025-11-22T17:53:33.5988207Z gpg:               imported: 1
Test Frontend	Upload coverage	2025-11-22T17:53:33.5995657Z [0;32m==>[0m Verifying GPG signature integrity
Test Frontend	Upload coverage	2025-11-22T17:53:33.5996740Z [0;32m ->[0m Downloading [0;36mhttps://cli.codecov.io/latest/linux/codecov.SHA256SUM[0m
Test Frontend	Upload coverage	2025-11-22T17:53:33.5997984Z [0;32m ->[0m Downloading [0;36mhttps://cli.codecov.io/latest/linux/codecov.SHA256SUM.sig[0m
Test Frontend	Upload coverage	2025-11-22T17:53:33.5998720Z  
Test Frontend	Upload coverage	2025-11-22T17:53:33.7083310Z gpg: Signature made Mon Nov 10 14:58:43 2025 UTC
Test Frontend	Upload coverage	2025-11-22T17:53:33.7084191Z gpg:                using RSA key 27034E7FDB850E0BBC2C62FF806BB28AED779869
Test Frontend	Upload coverage	2025-11-22T17:53:33.7086155Z gpg: Good signature from "Codecov Uploader (Codecov Uploader Verification Key) <security@codecov.io>" [unknown]
Test Frontend	Upload coverage	2025-11-22T17:53:33.7087353Z gpg: WARNING: This key is not certified with a trusted signature!
Test Frontend	Upload coverage	2025-11-22T17:53:33.7088387Z gpg:          There is no indication that the signature belongs to the owner.
Test Frontend	Upload coverage	2025-11-22T17:53:33.7088963Z Primary key fingerprint: 2703 4E7F DB85 0E0B BC2C  62FF 806B B28A ED77 9869
Test Frontend	Upload coverage	2025-11-22T17:53:33.7872296Z codecov: OK
Test Frontend	Upload coverage	2025-11-22T17:53:33.7882231Z [0;32m==>[0m CLI integrity verified
Test Frontend	Upload coverage	2025-11-22T17:53:33.7882570Z 
Test Frontend	Upload coverage	2025-11-22T17:53:33.8451451Z [0;32m ->[0m Token length: 0
Test Frontend	Upload coverage	2025-11-22T17:53:33.8452206Z [0;32m==>[0m Running upload-coverage
Test Frontend	Upload coverage	2025-11-22T17:53:33.8461636Z       [0;36m./codecov  upload-coverage --git-service github --file ./packages/frontend/coverage/lcov.info --flag frontend --gcov-executable gcov --name frontend-coverage[0m
Test Frontend	Upload coverage	2025-11-22T17:53:34.1958892Z info - 2025-11-22 17:53:34,195 -- ci service found: github-actions
Test Frontend	Upload coverage	2025-11-22T17:53:34.2052810Z warning - 2025-11-22 17:53:34,205 -- No config file could be found. Ignoring config.
Test Frontend	Upload coverage	2025-11-22T17:53:34.2354998Z warning - 2025-11-22 17:53:34,235 -- xcrun is not installed or can't be found.
Test Frontend	Upload coverage	2025-11-22T17:53:35.3099901Z warning - 2025-11-22 17:53:35,308 -- No gcov data found.
Test Frontend	Upload coverage	2025-11-22T17:53:35.3101335Z warning - 2025-11-22 17:53:35,309 -- coverage.py is not installed or can't be found.
Test Frontend	Upload coverage	2025-11-22T17:53:36.3533526Z warning - 2025-11-22 17:53:36,352 -- Some files were not found --- {"not_found_files": ["packages/frontend/coverage/lcov.info"]}
Test Frontend	Upload coverage	2025-11-22T17:53:36.3656970Z info - 2025-11-22 17:53:36,365 -- Found 1 coverage files to report
Test Frontend	Upload coverage	2025-11-22T17:53:36.3659233Z info - 2025-11-22 17:53:36,365 -- > /home/runner/work/ECONEURA/ECONEURA/packages/frontend/src/__tests__/EconeuraCockpit.coverage.test.tsx
Test Frontend	Upload coverage	2025-11-22T17:53:36.5607018Z info - 2025-11-22 17:53:36,560 -- Process Upload complete
Test Frontend	Upload coverage	2025-11-22T17:53:36.5608422Z error - 2025-11-22 17:53:36,560 -- Upload failed: {"message":"Token required - not valid tokenless upload"}
Test Frontend	Post Setup Node	ï»¿2025-11-22T17:53:36.7265442Z Post job cleanup.
Test Frontend	Post Setup Node	2025-11-22T17:53:36.8435065Z (node:2452) [DEP0040] DeprecationWarning: The `punycode` module is deprecated. Please use a userland alternative instead.
Test Frontend	Post Setup Node	2025-11-22T17:53:36.8436006Z (Use `node --trace-deprecation ...` to show where the warning was created)
Test Frontend	Post Setup Node	2025-11-22T17:53:36.8439212Z Cache hit occurred on the primary key node-cache-Linux-x64-npm-7b5741da819567a7a1e462079de2b6d7816239b0198ed8a94d52986d298c76cf, not saving cache.
Test Frontend	Post Checkout	ï»¿2025-11-22T17:53:36.8554052Z Post job cleanup.
Test Frontend	Post Checkout	2025-11-22T17:53:36.9331986Z [command]/usr/bin/git version
Test Frontend	Post Checkout	2025-11-22T17:53:36.9400707Z git version 2.51.2
Test Frontend	Post Checkout	2025-11-22T17:53:36.9432537Z Copying '/home/runner/.gitconfig' to '/home/runner/work/_temp/1147a184-e4d4-4fcf-be61-336004c0953f/.gitconfig'
Test Frontend	Post Checkout	2025-11-22T17:53:36.9441722Z Temporarily overriding HOME='/home/runner/work/_temp/1147a184-e4d4-4fcf-be61-336004c0953f' before making global git config changes
Test Frontend	Post Checkout	2025-11-22T17:53:36.9442883Z Adding repository directory to the temporary git global config as a safe directory
Test Frontend	Post Checkout	2025-11-22T17:53:36.9446445Z [command]/usr/bin/git config --global --add safe.directory /home/runner/work/ECONEURA/ECONEURA
Test Frontend	Post Checkout	2025-11-22T17:53:36.9476014Z Removing SSH command configuration
Test Frontend	Post Checkout	2025-11-22T17:53:36.9482630Z [command]/usr/bin/git config --local --name-only --get-regexp core\.sshCommand
Test Frontend	Post Checkout	2025-11-22T17:53:36.9515496Z [command]/usr/bin/git submodule foreach --recursive sh -c "git config --local --name-only --get-regexp 'core\.sshCommand' && git config --local --unset-all 'core.sshCommand' || :"
Test Frontend	Post Checkout	2025-11-22T17:53:36.9740712Z Removing HTTP extra header
Test Frontend	Post Checkout	2025-11-22T17:53:36.9745339Z [command]/usr/bin/git config --local --name-only --get-regexp http\.https\:\/\/github\.com\/\.extraheader
Test Frontend	Post Checkout	2025-11-22T17:53:36.9777500Z [command]/usr/bin/git submodule foreach --recursive sh -c "git config --local --name-only --get-regexp 'http\.https\:\/\/github\.com\/\.extraheader' && git config --local --unset-all 'http.https://github.com/.extraheader' || :"
Test Frontend	Post Checkout	2025-11-22T17:53:36.9995156Z Removing includeIf entries pointing to credentials config files
Test Frontend	Post Checkout	2025-11-22T17:53:37.0001672Z [command]/usr/bin/git config --local --name-only --get-regexp ^includeIf\.gitdir:
Test Frontend	Post Checkout	2025-11-22T17:53:37.0024516Z includeif.gitdir:/home/runner/work/ECONEURA/ECONEURA/.git.path
Test Frontend	Post Checkout	2025-11-22T17:53:37.0025266Z includeif.gitdir:/github/workspace/.git.path
Test Frontend	Post Checkout	2025-11-22T17:53:37.0034365Z [command]/usr/bin/git config --local --get-all includeif.gitdir:/home/runner/work/ECONEURA/ECONEURA/.git.path
Test Frontend	Post Checkout	2025-11-22T17:53:37.0055050Z /home/runner/work/_temp/git-credentials-7fcd1ebb-0758-42a7-8d2f-49d599c9292f.config
Test Frontend	Post Checkout	2025-11-22T17:53:37.0065067Z [command]/usr/bin/git config --local --unset includeif.gitdir:/home/runner/work/ECONEURA/ECONEURA/.git.path /home/runner/work/_temp/git-credentials-7fcd1ebb-0758-42a7-8d2f-49d599c9292f.config
Test Frontend	Post Checkout	2025-11-22T17:53:37.0097570Z [command]/usr/bin/git config --local --get-all includeif.gitdir:/github/workspace/.git.path
Test Frontend	Post Checkout	2025-11-22T17:53:37.0118315Z /github/runner_temp/git-credentials-7fcd1ebb-0758-42a7-8d2f-49d599c9292f.config
Test Frontend	Post Checkout	2025-11-22T17:53:37.0127210Z [command]/usr/bin/git config --local --unset includeif.gitdir:/github/workspace/.git.path /github/runner_temp/git-credentials-7fcd1ebb-0758-42a7-8d2f-49d599c9292f.config
Test Frontend	Post Checkout	2025-11-22T17:53:37.0159169Z [command]/usr/bin/git submodule foreach --recursive git config --local --show-origin --name-only --get-regexp remote.origin.url
Test Frontend	Post Checkout	2025-11-22T17:53:37.0386721Z Removing credentials config '/home/runner/work/_temp/git-credentials-7fcd1ebb-0758-42a7-8d2f-49d599c9292f.config'
Test Frontend	Complete job	ï»¿2025-11-22T17:53:37.0510448Z Cleaning up orphan processes
Security Scan	Set up job	ï»¿2025-11-22T17:53:06.4160655Z Current runner version: '2.329.0'
Security Scan	Set up job	2025-11-22T17:53:06.4185790Z ##[group]Runner Image Provisioner
Security Scan	Set up job	2025-11-22T17:53:06.4186627Z Hosted Compute Agent
Security Scan	Set up job	2025-11-22T17:53:06.4187268Z Version: 20251016.436
Security Scan	Set up job	2025-11-22T17:53:06.4187915Z Commit: 8ab8ac8bfd662a3739dab9fe09456aba92132568
Security Scan	Set up job	2025-11-22T17:53:06.4188598Z Build Date: 2025-10-15T20:44:12Z
Security Scan	Set up job	2025-11-22T17:53:06.4189261Z ##[endgroup]
Security Scan	Set up job	2025-11-22T17:53:06.4189819Z ##[group]Operating System
Security Scan	Set up job	2025-11-22T17:53:06.4190388Z Ubuntu
Security Scan	Set up job	2025-11-22T17:53:06.4190836Z 24.04.3
Security Scan	Set up job	2025-11-22T17:53:06.4191391Z LTS
Security Scan	Set up job	2025-11-22T17:53:06.4191829Z ##[endgroup]
Security Scan	Set up job	2025-11-22T17:53:06.4192323Z ##[group]Runner Image
Security Scan	Set up job	2025-11-22T17:53:06.4192982Z Image: ubuntu-24.04
Security Scan	Set up job	2025-11-22T17:53:06.4193472Z Version: 20251112.124.1
Security Scan	Set up job	2025-11-22T17:53:06.4194737Z Included Software: https://github.com/actions/runner-images/blob/ubuntu24/20251112.124/images/ubuntu/Ubuntu2404-Readme.md
Security Scan	Set up job	2025-11-22T17:53:06.4196440Z Image Release: https://github.com/actions/runner-images/releases/tag/ubuntu24%2F20251112.124
Security Scan	Set up job	2025-11-22T17:53:06.4197606Z ##[endgroup]
Security Scan	Set up job	2025-11-22T17:53:06.4198820Z ##[group]GITHUB_TOKEN Permissions
Security Scan	Set up job	2025-11-22T17:53:06.4200615Z Contents: read
Security Scan	Set up job	2025-11-22T17:53:06.4201288Z Metadata: read
Security Scan	Set up job	2025-11-22T17:53:06.4201776Z Packages: read
Security Scan	Set up job	2025-11-22T17:53:06.4202298Z ##[endgroup]
Security Scan	Set up job	2025-11-22T17:53:06.4204791Z Secret source: Actions
Security Scan	Set up job	2025-11-22T17:53:06.4205883Z Prepare workflow directory
Security Scan	Set up job	2025-11-22T17:53:06.4600319Z Prepare all required actions
Security Scan	Set up job	2025-11-22T17:53:06.4637630Z Getting action download info
Security Scan	Set up job	2025-11-22T17:53:06.8482639Z Download action repository 'actions/checkout@v6' (SHA:1af3b93b6815bc44a9784bd300feb67ff0d1eeb3)
Security Scan	Set up job	2025-11-22T17:53:08.0295607Z Download action repository 'snyk/actions@master' (SHA:9adf32b1121593767fc3c057af55b55db032dc04)
Security Scan	Set up job	2025-11-22T17:53:08.8722024Z Complete job name: Security Scan
Security Scan	Pull snyk/snyk:node	ï»¿2025-11-22T17:53:08.9153633Z ##[group]Pull down action image 'snyk/snyk:node'
Security Scan	Pull snyk/snyk:node	2025-11-22T17:53:08.9203399Z ##[command]/usr/bin/docker pull snyk/snyk:node
Security Scan	Pull snyk/snyk:node	2025-11-22T17:53:10.6992825Z node: Pulling from snyk/snyk
Security Scan	Pull snyk/snyk:node	2025-11-22T17:53:10.9095674Z 708274aafe49: Pulling fs layer
Security Scan	Pull snyk/snyk:node	2025-11-22T17:53:10.9096609Z 8cdff261ed5c: Pulling fs layer
Security Scan	Pull snyk/snyk:node	2025-11-22T17:53:10.9097111Z 078b2eece9b2: Pulling fs layer
Security Scan	Pull snyk/snyk:node	2025-11-22T17:53:10.9097496Z a1208d53eb06: Pulling fs layer
Security Scan	Pull snyk/snyk:node	2025-11-22T17:53:10.9097866Z 78c780840163: Pulling fs layer
Security Scan	Pull snyk/snyk:node	2025-11-22T17:53:10.9098245Z 435cbc1d6a03: Pulling fs layer
Security Scan	Pull snyk/snyk:node	2025-11-22T17:53:10.9098612Z 29dd662fc17f: Pulling fs layer
Security Scan	Pull snyk/snyk:node	2025-11-22T17:53:10.9098962Z 73d86704c819: Pulling fs layer
Security Scan	Pull snyk/snyk:node	2025-11-22T17:53:10.9099326Z 5a628ceaf18b: Pulling fs layer
Security Scan	Pull snyk/snyk:node	2025-11-22T17:53:10.9099777Z 14ead582146d: Pulling fs layer
Security Scan	Pull snyk/snyk:node	2025-11-22T17:53:10.9100165Z 1e8c28825fc2: Pulling fs layer
Security Scan	Pull snyk/snyk:node	2025-11-22T17:53:10.9100542Z 4f4fb700ef54: Pulling fs layer
Security Scan	Pull snyk/snyk:node	2025-11-22T17:53:10.9100897Z a1208d53eb06: Waiting
Security Scan	Pull snyk/snyk:node	2025-11-22T17:53:10.9101202Z 78c780840163: Waiting
Security Scan	Pull snyk/snyk:node	2025-11-22T17:53:10.9101629Z 435cbc1d6a03: Waiting
Security Scan	Pull snyk/snyk:node	2025-11-22T17:53:10.9101948Z 29dd662fc17f: Waiting
Security Scan	Pull snyk/snyk:node	2025-11-22T17:53:10.9102277Z 73d86704c819: Waiting
Security Scan	Pull snyk/snyk:node	2025-11-22T17:53:10.9102593Z 5a628ceaf18b: Waiting
Security Scan	Pull snyk/snyk:node	2025-11-22T17:53:10.9102917Z 14ead582146d: Waiting
Security Scan	Pull snyk/snyk:node	2025-11-22T17:53:10.9103227Z 4f4fb700ef54: Waiting
Security Scan	Pull snyk/snyk:node	2025-11-22T17:53:11.5156498Z 8cdff261ed5c: Verifying Checksum
Security Scan	Pull snyk/snyk:node	2025-11-22T17:53:11.5156926Z 8cdff261ed5c: Download complete
Security Scan	Pull snyk/snyk:node	2025-11-22T17:53:11.7126300Z 708274aafe49: Verifying Checksum
Security Scan	Pull snyk/snyk:node	2025-11-22T17:53:11.9802714Z 708274aafe49: Download complete
Security Scan	Pull snyk/snyk:node	2025-11-22T17:53:11.9803330Z 78c780840163: Verifying Checksum
Security Scan	Pull snyk/snyk:node	2025-11-22T17:53:11.9805968Z 78c780840163: Download complete
Security Scan	Pull snyk/snyk:node	2025-11-22T17:53:12.2453770Z 078b2eece9b2: Verifying Checksum
Security Scan	Pull snyk/snyk:node	2025-11-22T17:53:12.2462788Z 078b2eece9b2: Download complete
Security Scan	Pull snyk/snyk:node	2025-11-22T17:53:12.6008765Z 29dd662fc17f: Verifying Checksum
Security Scan	Pull snyk/snyk:node	2025-11-22T17:53:12.6009882Z 29dd662fc17f: Download complete
Security Scan	Pull snyk/snyk:node	2025-11-22T17:53:13.0192719Z 73d86704c819: Verifying Checksum
Security Scan	Pull snyk/snyk:node	2025-11-22T17:53:13.0193417Z 73d86704c819: Download complete
Security Scan	Pull snyk/snyk:node	2025-11-22T17:53:13.3005891Z 5a628ceaf18b: Download complete
Security Scan	Pull snyk/snyk:node	2025-11-22T17:53:13.5541994Z 435cbc1d6a03: Verifying Checksum
Security Scan	Pull snyk/snyk:node	2025-11-22T17:53:13.5542579Z 435cbc1d6a03: Download complete
Security Scan	Pull snyk/snyk:node	2025-11-22T17:53:13.5749393Z 14ead582146d: Verifying Checksum
Security Scan	Pull snyk/snyk:node	2025-11-22T17:53:13.5749930Z 14ead582146d: Download complete
Security Scan	Pull snyk/snyk:node	2025-11-22T17:53:13.5934113Z 708274aafe49: Pull complete
Security Scan	Pull snyk/snyk:node	2025-11-22T17:53:13.8823498Z 4f4fb700ef54: Download complete
Security Scan	Pull snyk/snyk:node	2025-11-22T17:53:15.0883632Z 1e8c28825fc2: Verifying Checksum
Security Scan	Pull snyk/snyk:node	2025-11-22T17:53:15.0884160Z 1e8c28825fc2: Download complete
Security Scan	Pull snyk/snyk:node	2025-11-22T17:53:15.1633867Z 8cdff261ed5c: Pull complete
Security Scan	Pull snyk/snyk:node	2025-11-22T17:53:15.8261775Z a1208d53eb06: Verifying Checksum
Security Scan	Pull snyk/snyk:node	2025-11-22T17:53:15.8263202Z a1208d53eb06: Download complete
Security Scan	Pull snyk/snyk:node	2025-11-22T17:53:17.8070994Z 078b2eece9b2: Pull complete
Security Scan	Pull snyk/snyk:node	2025-11-22T17:53:24.2146952Z a1208d53eb06: Pull complete
Security Scan	Pull snyk/snyk:node	2025-11-22T17:53:24.2378066Z 78c780840163: Pull complete
Security Scan	Pull snyk/snyk:node	2025-11-22T17:53:26.4934623Z 435cbc1d6a03: Pull complete
Security Scan	Pull snyk/snyk:node	2025-11-22T17:53:26.5476491Z 29dd662fc17f: Pull complete
Security Scan	Pull snyk/snyk:node	2025-11-22T17:53:26.5691604Z 73d86704c819: Pull complete
Security Scan	Pull snyk/snyk:node	2025-11-22T17:53:26.5827187Z 5a628ceaf18b: Pull complete
Security Scan	Pull snyk/snyk:node	2025-11-22T17:53:26.5991708Z 14ead582146d: Pull complete
Security Scan	Pull snyk/snyk:node	2025-11-22T17:53:27.2683235Z 1e8c28825fc2: Pull complete
Security Scan	Pull snyk/snyk:node	2025-11-22T17:53:27.2924790Z 4f4fb700ef54: Pull complete
Security Scan	Pull snyk/snyk:node	2025-11-22T17:53:27.2971043Z Digest: sha256:72686d855a0025816ded35f6afda27fa444af305ef899920e10dfb9c7e589cb2
Security Scan	Pull snyk/snyk:node	2025-11-22T17:53:27.2986212Z Status: Downloaded newer image for snyk/snyk:node
Security Scan	Pull snyk/snyk:node	2025-11-22T17:53:27.3000851Z docker.io/snyk/snyk:node
Security Scan	Pull snyk/snyk:node	2025-11-22T17:53:27.3023764Z ##[endgroup]
Security Scan	Checkout	ï»¿2025-11-22T17:53:27.3265680Z ##[group]Run actions/checkout@v6
Security Scan	Checkout	2025-11-22T17:53:27.3266247Z with:
Security Scan	Checkout	2025-11-22T17:53:27.3266450Z   repository: ECONEURA-EMPRESA/ECONEURA
Security Scan	Checkout	2025-11-22T17:53:27.3266859Z   token: ***
Security Scan	Checkout	2025-11-22T17:53:27.3267038Z   ssh-strict: true
Security Scan	Checkout	2025-11-22T17:53:27.3267210Z   ssh-user: git
Security Scan	Checkout	2025-11-22T17:53:27.3267392Z   persist-credentials: true
Security Scan	Checkout	2025-11-22T17:53:27.3267598Z   clean: true
Security Scan	Checkout	2025-11-22T17:53:27.3267794Z   sparse-checkout-cone-mode: true
Security Scan	Checkout	2025-11-22T17:53:27.3268018Z   fetch-depth: 1
Security Scan	Checkout	2025-11-22T17:53:27.3268191Z   fetch-tags: false
Security Scan	Checkout	2025-11-22T17:53:27.3268371Z   show-progress: true
Security Scan	Checkout	2025-11-22T17:53:27.3268543Z   lfs: false
Security Scan	Checkout	2025-11-22T17:53:27.3268721Z   submodules: false
Security Scan	Checkout	2025-11-22T17:53:27.3268897Z   set-safe-directory: true
Security Scan	Checkout	2025-11-22T17:53:27.3269273Z env:
Security Scan	Checkout	2025-11-22T17:53:27.3269431Z   NODE_VERSION: 20
Security Scan	Checkout	2025-11-22T17:53:27.3269611Z ##[endgroup]
Security Scan	Checkout	2025-11-22T17:53:27.4170003Z Syncing repository: ECONEURA-EMPRESA/ECONEURA
Security Scan	Checkout	2025-11-22T17:53:27.4171398Z ##[group]Getting Git version info
Security Scan	Checkout	2025-11-22T17:53:27.4171782Z Working directory is '/home/runner/work/ECONEURA/ECONEURA'
Security Scan	Checkout	2025-11-22T17:53:27.4172412Z [command]/usr/bin/git version
Security Scan	Checkout	2025-11-22T17:53:27.4981799Z git version 2.51.2
Security Scan	Checkout	2025-11-22T17:53:27.5005080Z ##[endgroup]
Security Scan	Checkout	2025-11-22T17:53:27.5021312Z Temporarily overriding HOME='/home/runner/work/_temp/547ff30b-4e4b-46c8-b1ff-77db3badbc4d' before making global git config changes
Security Scan	Checkout	2025-11-22T17:53:27.5022618Z Adding repository directory to the temporary git global config as a safe directory
Security Scan	Checkout	2025-11-22T17:53:27.5027558Z [command]/usr/bin/git config --global --add safe.directory /home/runner/work/ECONEURA/ECONEURA
Security Scan	Checkout	2025-11-22T17:53:27.5103598Z Deleting the contents of '/home/runner/work/ECONEURA/ECONEURA'
Security Scan	Checkout	2025-11-22T17:53:27.5107591Z ##[group]Initializing the repository
Security Scan	Checkout	2025-11-22T17:53:27.5112452Z [command]/usr/bin/git init /home/runner/work/ECONEURA/ECONEURA
Security Scan	Checkout	2025-11-22T17:53:27.5731591Z hint: Using 'master' as the name for the initial branch. This default branch name
Security Scan	Checkout	2025-11-22T17:53:27.5732212Z hint: is subject to change. To configure the initial branch name to use in all
Security Scan	Checkout	2025-11-22T17:53:27.5732722Z hint: of your new repositories, which will suppress this warning, call:
Security Scan	Checkout	2025-11-22T17:53:27.5733049Z hint:
Security Scan	Checkout	2025-11-22T17:53:27.5733335Z hint: 	git config --global init.defaultBranch <name>
Security Scan	Checkout	2025-11-22T17:53:27.5733616Z hint:
Security Scan	Checkout	2025-11-22T17:53:27.5733884Z hint: Names commonly chosen instead of 'master' are 'main', 'trunk' and
Security Scan	Checkout	2025-11-22T17:53:27.5734327Z hint: 'development'. The just-created branch can be renamed via this command:
Security Scan	Checkout	2025-11-22T17:53:27.5734684Z hint:
Security Scan	Checkout	2025-11-22T17:53:27.5734860Z hint: 	git branch -m <name>
Security Scan	Checkout	2025-11-22T17:53:27.5735065Z hint:
Security Scan	Checkout	2025-11-22T17:53:27.5736002Z hint: Disable this message with "git config set advice.defaultBranchName false"
Security Scan	Checkout	2025-11-22T17:53:27.5773758Z Initialized empty Git repository in /home/runner/work/ECONEURA/ECONEURA/.git/
Security Scan	Checkout	2025-11-22T17:53:27.5787472Z [command]/usr/bin/git remote add origin https://github.com/ECONEURA-EMPRESA/ECONEURA
Security Scan	Checkout	2025-11-22T17:53:27.5896392Z ##[endgroup]
Security Scan	Checkout	2025-11-22T17:53:27.5896918Z ##[group]Disabling automatic garbage collection
Security Scan	Checkout	2025-11-22T17:53:27.5900580Z [command]/usr/bin/git config --local gc.auto 0
Security Scan	Checkout	2025-11-22T17:53:27.5928960Z ##[endgroup]
Security Scan	Checkout	2025-11-22T17:53:27.5929443Z ##[group]Setting up auth
Security Scan	Checkout	2025-11-22T17:53:27.5930405Z Removing SSH command configuration
Security Scan	Checkout	2025-11-22T17:53:27.5936349Z [command]/usr/bin/git config --local --name-only --get-regexp core\.sshCommand
Security Scan	Checkout	2025-11-22T17:53:27.5967099Z [command]/usr/bin/git submodule foreach --recursive sh -c "git config --local --name-only --get-regexp 'core\.sshCommand' && git config --local --unset-all 'core.sshCommand' || :"
Security Scan	Checkout	2025-11-22T17:53:27.7785852Z Removing HTTP extra header
Security Scan	Checkout	2025-11-22T17:53:27.7791200Z [command]/usr/bin/git config --local --name-only --get-regexp http\.https\:\/\/github\.com\/\.extraheader
Security Scan	Checkout	2025-11-22T17:53:27.7820514Z [command]/usr/bin/git submodule foreach --recursive sh -c "git config --local --name-only --get-regexp 'http\.https\:\/\/github\.com\/\.extraheader' && git config --local --unset-all 'http.https://github.com/.extraheader' || :"
Security Scan	Checkout	2025-11-22T17:53:27.8032307Z Removing includeIf entries pointing to credentials config files
Security Scan	Checkout	2025-11-22T17:53:27.8038405Z [command]/usr/bin/git config --local --name-only --get-regexp ^includeIf\.gitdir:
Security Scan	Checkout	2025-11-22T17:53:27.8068223Z [command]/usr/bin/git submodule foreach --recursive git config --local --show-origin --name-only --get-regexp remote.origin.url
Security Scan	Checkout	2025-11-22T17:53:27.8284907Z [command]/usr/bin/git config --file /home/runner/work/_temp/git-credentials-7bc3c5fd-28aa-4f7f-b555-87dcaab5d7a7.config http.https://github.com/.extraheader AUTHORIZATION: basic ***
Security Scan	Checkout	2025-11-22T17:53:27.8320662Z [command]/usr/bin/git config --local includeIf.gitdir:/home/runner/work/ECONEURA/ECONEURA/.git.path /home/runner/work/_temp/git-credentials-7bc3c5fd-28aa-4f7f-b555-87dcaab5d7a7.config
Security Scan	Checkout	2025-11-22T17:53:27.8350085Z [command]/usr/bin/git config --local includeIf.gitdir:/github/workspace/.git.path /github/runner_temp/git-credentials-7bc3c5fd-28aa-4f7f-b555-87dcaab5d7a7.config
Security Scan	Checkout	2025-11-22T17:53:27.8478324Z ##[endgroup]
Security Scan	Checkout	2025-11-22T17:53:27.8478741Z ##[group]Fetching the repository
Security Scan	Checkout	2025-11-22T17:53:27.8487124Z [command]/usr/bin/git -c protocol.version=2 fetch --no-tags --prune --no-recurse-submodules --depth=1 origin +5861204bb0c5830bd4aa6ac16b821403c405c4c7:refs/remotes/origin/main
Security Scan	Checkout	2025-11-22T17:53:28.7598676Z From https://github.com/ECONEURA-EMPRESA/ECONEURA
Security Scan	Checkout	2025-11-22T17:53:28.7599587Z  * [new ref]         5861204bb0c5830bd4aa6ac16b821403c405c4c7 -> origin/main
Security Scan	Checkout	2025-11-22T17:53:28.7673861Z ##[endgroup]
Security Scan	Checkout	2025-11-22T17:53:28.7674458Z ##[group]Determining the checkout info
Security Scan	Checkout	2025-11-22T17:53:28.7676706Z ##[endgroup]
Security Scan	Checkout	2025-11-22T17:53:28.7681466Z [command]/usr/bin/git sparse-checkout disable
Security Scan	Checkout	2025-11-22T17:53:28.7764702Z [command]/usr/bin/git config --local --unset-all extensions.worktreeConfig
Security Scan	Checkout	2025-11-22T17:53:28.7792355Z ##[group]Checking out the ref
Security Scan	Checkout	2025-11-22T17:53:28.7795883Z [command]/usr/bin/git checkout --progress --force -B main refs/remotes/origin/main
Security Scan	Checkout	2025-11-22T17:53:28.8754277Z Switched to a new branch 'main'
Security Scan	Checkout	2025-11-22T17:53:28.8755742Z branch 'main' set up to track 'origin/main'.
Security Scan	Checkout	2025-11-22T17:53:28.8765997Z ##[endgroup]
Security Scan	Checkout	2025-11-22T17:53:28.8808875Z [command]/usr/bin/git log -1 --format=%H
Security Scan	Checkout	2025-11-22T17:53:28.8834373Z 5861204bb0c5830bd4aa6ac16b821403c405c4c7
Security Scan	Run npm audit	ï»¿2025-11-22T17:53:28.8996597Z ##[group]Run cd packages/frontend
Security Scan	Run npm audit	2025-11-22T17:53:28.8996929Z [36;1mcd packages/frontend[0m
Security Scan	Run npm audit	2025-11-22T17:53:28.8997190Z [36;1mnpm audit --audit-level=moderate[0m
Security Scan	Run npm audit	2025-11-22T17:53:28.9031920Z shell: /usr/bin/bash -e {0}
Security Scan	Run npm audit	2025-11-22T17:53:28.9032155Z env:
Security Scan	Run npm audit	2025-11-22T17:53:28.9032322Z   NODE_VERSION: 20
Security Scan	Run npm audit	2025-11-22T17:53:28.9032707Z ##[endgroup]
Security Scan	Run npm audit	2025-11-22T17:53:32.7512309Z found 0 vulnerabilities
Security Scan	Run Snyk security scan	ï»¿2025-11-22T17:53:32.7647659Z ##[group]Run snyk/actions/node@master
Security Scan	Run Snyk security scan	2025-11-22T17:53:32.7647923Z with:
Security Scan	Run Snyk security scan	2025-11-22T17:53:32.7648116Z   args: --severity-threshold=high
Security Scan	Run Snyk security scan	2025-11-22T17:53:32.7648339Z   command: test
Security Scan	Run Snyk security scan	2025-11-22T17:53:32.7648514Z   json: false
Security Scan	Run Snyk security scan	2025-11-22T17:53:32.7648668Z env:
Security Scan	Run Snyk security scan	2025-11-22T17:53:32.7648824Z   NODE_VERSION: 20
Security Scan	Run Snyk security scan	2025-11-22T17:53:32.7648991Z   SNYK_TOKEN: 
Security Scan	Run Snyk security scan	2025-11-22T17:53:32.7649156Z ##[endgroup]
Security Scan	Run Snyk security scan	2025-11-22T17:53:32.7752954Z ##[command]/usr/bin/docker run --name snyksnyknode_1f1539 --label 1effd5 --workdir /github/workspace --rm -e "NODE_VERSION" -e "SNYK_TOKEN" -e "INPUT_ARGS" -e "INPUT_COMMAND" -e "INPUT_JSON" -e "FORCE_COLOR" -e "SNYK_INTEGRATION_NAME" -e "SNYK_INTEGRATION_VERSION" -e "HOME" -e "GITHUB_JOB" -e "GITHUB_REF" -e "GITHUB_SHA" -e "GITHUB_REPOSITORY" -e "GITHUB_REPOSITORY_OWNER" -e "GITHUB_REPOSITORY_OWNER_ID" -e "GITHUB_RUN_ID" -e "GITHUB_RUN_NUMBER" -e "GITHUB_RETENTION_DAYS" -e "GITHUB_RUN_ATTEMPT" -e "GITHUB_ACTOR_ID" -e "GITHUB_ACTOR" -e "GITHUB_WORKFLOW" -e "GITHUB_HEAD_REF" -e "GITHUB_BASE_REF" -e "GITHUB_EVENT_NAME" -e "GITHUB_SERVER_URL" -e "GITHUB_API_URL" -e "GITHUB_GRAPHQL_URL" -e "GITHUB_REF_NAME" -e "GITHUB_REF_PROTECTED" -e "GITHUB_REF_TYPE" -e "GITHUB_WORKFLOW_REF" -e "GITHUB_WORKFLOW_SHA" -e "GITHUB_REPOSITORY_ID" -e "GITHUB_TRIGGERING_ACTOR" -e "GITHUB_WORKSPACE" -e "GITHUB_ACTION" -e "GITHUB_EVENT_PATH" -e "GITHUB_ACTION_REPOSITORY" -e "GITHUB_ACTION_REF" -e "GITHUB_PATH" -e "GITHUB_ENV" -e "GITHUB_STEP_SUMMARY" -e "GITHUB_STATE" -e "GITHUB_OUTPUT" -e "RUNNER_OS" -e "RUNNER_ARCH" -e "RUNNER_NAME" -e "RUNNER_ENVIRONMENT" -e "RUNNER_TOOL_CACHE" -e "RUNNER_TEMP" -e "RUNNER_WORKSPACE" -e "ACTIONS_RUNTIME_URL" -e "ACTIONS_RUNTIME_TOKEN" -e "ACTIONS_CACHE_URL" -e "ACTIONS_RESULTS_URL" -e GITHUB_ACTIONS=true -e CI=true -v "/var/run/docker.sock":"/var/run/docker.sock" -v "/home/runner/work/_temp/_github_home":"/github/home" -v "/home/runner/work/_temp/_github_workflow":"/github/workflow" -v "/home/runner/work/_temp/_runner_file_commands":"/github/file_commands" -v "/home/runner/work/ECONEURA/ECONEURA":"/github/workspace" snyk/snyk:node  "snyk" "test" "--severity-threshold=high"
Security Scan	Run Snyk security scan	2025-11-22T17:53:36.6488645Z 
Security Scan	Run Snyk security scan	2025-11-22T17:53:36.6489323Z  ERROR   Authentication error (SNYK-0005)
Security Scan	Run Snyk security scan	2025-11-22T17:53:36.6489903Z          Authentication credentials not recognized, or user access is not provisioned.  
Security Scan	Run Snyk security scan	2025-11-22T17:53:36.6490409Z          Revise credentials and try again, or request access from your Snyk             
Security Scan	Run Snyk security scan	2025-11-22T17:53:36.6490916Z          administrator.                                                                 
Security Scan	Run Snyk security scan	2025-11-22T17:53:36.6491220Z                                                                                         
Security Scan	Run Snyk security scan	2025-11-22T17:53:36.6491854Z            Use `snyk auth` to authenticate.                                             
Security Scan	Run Snyk security scan	2025-11-22T17:53:36.6492271Z 
Security Scan	Run Snyk security scan	2025-11-22T17:53:36.6492394Z Status:  401 Unauthorized 
Security Scan	Run Snyk security scan	2025-11-22T17:53:36.6492889Z Docs:    https://docs.snyk.io/scan-with-snyk/error-catalog#snyk-0005 
Security Scan	Run Snyk security scan	2025-11-22T17:53:36.6493457Z                                                                      
Security Scan	Run Snyk security scan	2025-11-22T17:53:36.6493994Z ID:      urn:snyk:interaction:73b61945-a386-46ba-95c2-f510339b8599 
Security Scan	Post Checkout	ï»¿2025-11-22T17:53:37.3932201Z Post job cleanup.
Security Scan	Post Checkout	2025-11-22T17:53:37.4708124Z [command]/usr/bin/git version
Security Scan	Post Checkout	2025-11-22T17:53:37.4744292Z git version 2.51.2
Security Scan	Post Checkout	2025-11-22T17:53:37.4812460Z Temporarily overriding HOME='/home/runner/work/_temp/0c86d239-c504-4c7c-b4a9-fe20ae2c9102' before making global git config changes
Security Scan	Post Checkout	2025-11-22T17:53:37.4813747Z Adding repository directory to the temporary git global config as a safe directory
Security Scan	Post Checkout	2025-11-22T17:53:37.4818137Z [command]/usr/bin/git config --global --add safe.directory /home/runner/work/ECONEURA/ECONEURA
Security Scan	Post Checkout	2025-11-22T17:53:37.4849095Z Removing SSH command configuration
Security Scan	Post Checkout	2025-11-22T17:53:37.4855500Z [command]/usr/bin/git config --local --name-only --get-regexp core\.sshCommand
Security Scan	Post Checkout	2025-11-22T17:53:37.4888380Z [command]/usr/bin/git submodule foreach --recursive sh -c "git config --local --name-only --get-regexp 'core\.sshCommand' && git config --local --unset-all 'core.sshCommand' || :"
Security Scan	Post Checkout	2025-11-22T17:53:37.5118559Z Removing HTTP extra header
Security Scan	Post Checkout	2025-11-22T17:53:37.5124216Z [command]/usr/bin/git config --local --name-only --get-regexp http\.https\:\/\/github\.com\/\.extraheader
Security Scan	Post Checkout	2025-11-22T17:53:37.5156152Z [command]/usr/bin/git submodule foreach --recursive sh -c "git config --local --name-only --get-regexp 'http\.https\:\/\/github\.com\/\.extraheader' && git config --local --unset-all 'http.https://github.com/.extraheader' || :"
Security Scan	Post Checkout	2025-11-22T17:53:37.5374906Z Removing includeIf entries pointing to credentials config files
Security Scan	Post Checkout	2025-11-22T17:53:37.5382135Z [command]/usr/bin/git config --local --name-only --get-regexp ^includeIf\.gitdir:
Security Scan	Post Checkout	2025-11-22T17:53:37.5404644Z includeif.gitdir:/home/runner/work/ECONEURA/ECONEURA/.git.path
Security Scan	Post Checkout	2025-11-22T17:53:37.5405479Z includeif.gitdir:/github/workspace/.git.path
Security Scan	Post Checkout	2025-11-22T17:53:37.5415638Z [command]/usr/bin/git config --local --get-all includeif.gitdir:/home/runner/work/ECONEURA/ECONEURA/.git.path
Security Scan	Post Checkout	2025-11-22T17:53:37.5436736Z /home/runner/work/_temp/git-credentials-7bc3c5fd-28aa-4f7f-b555-87dcaab5d7a7.config
Security Scan	Post Checkout	2025-11-22T17:53:37.5446842Z [command]/usr/bin/git config --local --unset includeif.gitdir:/home/runner/work/ECONEURA/ECONEURA/.git.path /home/runner/work/_temp/git-credentials-7bc3c5fd-28aa-4f7f-b555-87dcaab5d7a7.config
Security Scan	Post Checkout	2025-11-22T17:53:37.5478586Z [command]/usr/bin/git config --local --get-all includeif.gitdir:/github/workspace/.git.path
Security Scan	Post Checkout	2025-11-22T17:53:37.5500203Z /github/runner_temp/git-credentials-7bc3c5fd-28aa-4f7f-b555-87dcaab5d7a7.config
Security Scan	Post Checkout	2025-11-22T17:53:37.5509530Z [command]/usr/bin/git config --local --unset includeif.gitdir:/github/workspace/.git.path /github/runner_temp/git-credentials-7bc3c5fd-28aa-4f7f-b555-87dcaab5d7a7.config
Security Scan	Post Checkout	2025-11-22T17:53:37.5541412Z [command]/usr/bin/git submodule foreach --recursive git config --local --show-origin --name-only --get-regexp remote.origin.url
Security Scan	Post Checkout	2025-11-22T17:53:37.5755822Z Removing credentials config '/home/runner/work/_temp/git-credentials-7bc3c5fd-28aa-4f7f-b555-87dcaab5d7a7.config'
Security Scan	Complete job	ï»¿2025-11-22T17:53:37.5877056Z Cleaning up orphan processes
